0,0.3056290007819233,0.5051064087471652
1,0.10707142925134779,0.1935668541152835
2,0.10834409370415173,0.13592792369694048
3,0.10645609603292659,0.152532211123723
4,0.10383841326128183,0.13546839349430687
5,0.09929950220433952,0.1286350615586424
6,0.09545248619311672,0.12554757192114782
7,0.0952794444970011,0.12504212082175825
8,0.09230914293213983,0.11977741888267592
9,0.09385549716911226,0.12124952991707269
10,0.09341130497137308,0.12278717271989788
11,0.09375511983525944,0.12413053096832356
12,0.09350275470493669,0.12269965089530253
13,0.09306193287881087,0.1241921049029799
14,0.0931329393652818,0.12371875615527245
15,0.0935449888137211,0.12481845652280707
16,0.0932673567585364,0.12638801556097368
17,0.09349755113711099,0.12834865732388875
18,0.09338964057282359,0.12855598123995748
19,0.09274594422993902,0.13141205157285904
20,0.0924932501881667,0.1306122759885419
21,0.09235660807453351,0.13123932192111115
22,0.09234765705857302,0.13224604697495107
23,0.09180583764367778,0.13386306647406396
24,0.09125987272675544,0.13216726453873961
25,0.0913531358463879,0.13242515022396126
26,0.09107901208086844,0.1306232259392866
27,0.09121227042518908,0.12957856908104173
28,0.09143240960462902,0.1304874937973216
29,0.09190993845767957,0.13201004691164112
30,0.09177952189146185,0.13425974104782296
31,0.09164201504084214,0.13526829048758818
32,0.09103939471809039,0.13391175302293942
33,0.09141766858176992,0.13458363361277842
34,0.09103662137930346,0.13649255725062057
35,0.09103910846503005,0.13823159744762994
36,0.0908311051593209,0.13965137106086614
37,0.0907908848022046,0.1407279650020985
38,0.09109786177216829,0.14060013413000028
39,0.09063940888471216,0.14042383309924863
40,0.09069881398415115,0.14100715942465616
41,0.09071129486329883,0.14125052321532586
42,0.09032026556136204,0.1414776327650973
43,0.0900735968865196,0.14014304466994168
44,0.08997919398597289,0.14143660970646396
45,0.0897027960111454,0.14131704767160044
46,0.08965423918113555,0.14126679872238812
47,0.08939253117587866,0.14073940384427389
48,0.08973454027490764,0.140855789747635
49,0.08958652467219724,0.1398642514415271
50,0.08949618746036958,0.1390580967399842
51,0.08928452830544097,0.13926330809040535
52,0.08924496627433716,0.14124429272273914
53,0.089230669863348,0.14217739871710683
54,0.08948906483522504,0.14242568589099164
55,0.08925119264354466,0.14191417612261875
56,0.0890340922301026,0.14289489335980027
57,0.08904310552095271,0.1444951617914425
