0,0.6172155134922059,0.6213685975718157
1,0.5790451193924222,0.5853878933256048
2,0.545279923284526,0.5551541429972274
3,0.5139785543673666,0.5271561802061693
4,0.4860566575983312,0.5033448544208204
5,0.4599402370905963,0.47835404638598833
6,0.4349227209341417,0.45328267905757086
7,0.4127247927126178,0.4335881706743048
8,0.39140367652274377,0.4127300879836023
9,0.3723401173807792,0.3945037782944536
10,0.3546926067293088,0.3789439882738637
11,0.3384810404227651,0.36461450589096955
12,0.3216854026162446,0.3488687497327341
13,0.3071881458749348,0.33480901849011063
14,0.29215428903307694,0.3248014436863201
15,0.27891220642426895,0.3108488964200004
16,0.2665259335021893,0.2991509903816702
17,0.25421001883929656,0.28763118557995343
18,0.24387173772715975,0.2790762231097905
19,0.23295252180498174,0.2688709288843722
20,0.2226555298281679,0.25927669175792845
21,0.21330980821400097,0.2492756483010807
22,0.20444939068658213,0.2396639705981264
23,0.19519636211504823,0.23332651028871074
24,0.18734181895755167,0.2247900052348624
25,0.17995446213335226,0.21795806698576647
26,0.17149716613745267,0.2130245607007833
27,0.16357135450796267,0.20847549676084629
28,0.15689865635984349,0.20310043406365372
29,0.15119396658996265,0.19751336998000713
30,0.1451861478395297,0.19277982344093186
31,0.13944070127434027,0.18680966196337542
32,0.13419007195752727,0.18133599560302602
33,0.12822152565927872,0.1783636354953145
34,0.1225005996558918,0.17536544154852476
35,0.11827190253739812,0.17196286228399557
36,0.11324679016953801,0.16993940465059976
37,0.10834107379045389,0.16629830236413712
38,0.10412145318303219,0.16266782575531993
39,0.10033982266883325,0.15923540069448655
40,0.09615157177781102,0.15774115714867734
41,0.09195099055292685,0.1567508950532734
42,0.08824115152982392,0.15338653294349172
43,0.08478768111747624,0.15118395791955316
44,0.08168485282364259,0.14742911357450914
45,0.07817755900342419,0.14550609651654697
46,0.07506828462602892,0.14384352303452919
47,0.07215088070933075,0.1419559345148777
48,0.06944986441850969,0.13853577745281406
49,0.06634327304233195,0.13787406429245727
50,0.06324327186515129,0.1373407487980467
51,0.060636531375816635,0.13734497613182425
52,0.05783364397550065,0.1366708163918782
53,0.05538197636357123,0.1358257967687769
54,0.053367897673032634,0.13499730221779116
55,0.05115391660808124,0.13332827270661554
56,0.04906606663915558,0.1336979353665624
57,0.047025350999598634,0.13325358162525439
58,0.045040647645382216,0.13320703780628668
59,0.043171796887758476,0.1325835740701542
60,0.04142902226673792,0.13148510362335106
61,0.03992756975220941,0.13142516475837202
62,0.03836092875881469,0.13054288388498234
63,0.03677211543125056,0.1293033871616662
64,0.03511564933410393,0.12987909181968169
65,0.03377402956695795,0.12958725400064894
66,0.032280942689430187,0.13031225055019138
67,0.03093926399429603,0.12939487431480795
68,0.02966204339226038,0.12841694371142323
69,0.028527789186562187,0.12835739398562057
70,0.02737471519899901,0.12767954932955528
71,0.026179670581006318,0.12856629584131474
72,0.025085430958645086,0.12906150817633236
73,0.02408393084848638,0.12855915137374707
74,0.02313561875109765,0.12875364085486074
75,0.022140620768553533,0.13016225706546716
76,0.021258364859125682,0.1294816832064903
77,0.020465976899117503,0.1295569608911338
78,0.019635667895808433,0.13085670860136658
79,0.018800960881971904,0.13148326416847161
80,0.0180795774642639,0.1320376782648532
81,0.01729666751164536,0.1332040691599992
82,0.01657254005232776,0.13490558003687483
83,0.01599335144833399,0.13239750877823206
84,0.01535784260586124,0.1321854482970362
85,0.014701799318274155,0.1335799389070829
86,0.014114994410669072,0.13332947037742832
87,0.013519771865928716,0.134797473263901
88,0.012944440926752706,0.13621227750685194
89,0.01243361043220793,0.13604846722960545
90,0.011965533843457506,0.1352694196946014
91,0.011454102881387228,0.13447024192421764
92,0.011029273305149512,0.13387711315467996
93,0.010562573872392884,0.1355135745775528
94,0.01011677938138011,0.13525041531686735
95,0.009696816417832654,0.13650381672098086
96,0.00931829501370805,0.13820448783362274
97,0.008926846584624965,0.13901541663534395
98,0.008578657813310879,0.1398800723832696
99,0.0082168734369453,0.1395459884616545
100,0.007862840912600283,0.14013541087777573
101,0.007537653208890527,0.1418291548651055
102,0.007201298739411838,0.14160319689889808
103,0.006951453077319984,0.14206549968498774
104,0.006702519718802219,0.1421625808257716
105,0.006453299955244327,0.1415978189773182
106,0.006192423271172968,0.1425430899400274
107,0.005948104185698539,0.14325971386247674
108,0.00568988154027457,0.1413437290190782
109,0.005481722964060942,0.14193904175074004
110,0.0052849702987559964,0.14203951346514926
111,0.005048370519019248,0.14265166863124268
112,0.00486463468270007,0.14323882915350533
113,0.004678653555627644,0.14294968487839102
114,0.004508042611385055,0.1430966937027398
115,0.004325375115453906,0.14454712809514145
116,0.004174986731965018,0.14474150026522742
117,0.0039952465539705335,0.14393691753893026
118,0.00384927271291884,0.14339857754639343
119,0.003702575228469928,0.14528989352577854
120,0.00355275941821602,0.14549712520053965
