0,0.20999969824777215,0.4836673538115432
1,0.1590543904573028,0.24020154214304276
2,0.14030365589246635,0.1724335582749787
3,0.14631786140504002,0.18195582081406977
4,0.14818647015048217,0.17536075607107018
5,0.1505931511950701,0.18287711423418843
6,0.14948912381843077,0.18443834414914342
7,0.14945939799214722,0.17570005112163348
8,0.15019418057535994,0.17100903244376572
9,0.15177895363452854,0.1779499147903867
10,0.15146971167463466,0.17499618204291076
11,0.15382321306667923,0.1857417161792694
12,0.1526021000224169,0.17802062380105688
13,0.1531401494310056,0.18019975578623526
14,0.15227423194717085,0.17605099663909024
15,0.15112142661285355,0.1736549525667024
16,0.15441258025876844,0.17552157662476683
17,0.15444459602015725,0.1726694562499606
18,0.1576133128369642,0.17585336861814477
19,0.15833040329341916,0.1772373037943252
20,0.15703361529051277,0.17581881999628743
21,0.15521579132830948,0.17825012736678147
22,0.15502821004766,0.1793629153417269
23,0.15520677508773326,0.1781767174595736
24,0.15623647112294187,0.18156431322526145
25,0.15589524060074283,0.1828151727947443
26,0.15491316388102613,0.18080313936000983
27,0.15444436961955696,0.18460804458513982
28,0.15408193188303734,0.18507708458227876
29,0.1532655936992314,0.18165860357139268
30,0.15295296876947556,0.18160072814108041
31,0.15293434906903447,0.18195344880531256
32,0.152721677589534,0.18195185551069504
33,0.15401841237981623,0.18484527620622673
34,0.1528995857973527,0.18389921004873716
35,0.15255512291820544,0.1843388630243735
36,0.15340926154861265,0.1842431803120367
37,0.15341677864988848,0.18524846461116734
38,0.15431485263558803,0.18655624674333127
39,0.1534568167038588,0.185043826802038
40,0.15351163334795426,0.18491021677612748
41,0.15295593669758326,0.18340391563282646
42,0.15229780280048477,0.18127953673392305
43,0.15257619464486363,0.1827257694195857
44,0.1522692546353974,0.18225797937328975
45,0.1513902606365968,0.17980883563561256
46,0.15112776161930425,0.17984231857360794
47,0.15098620764148465,0.17972449330462859
48,0.1506762923947287,0.1798757167756865
49,0.15025750013895545,0.1802727901619079
50,0.1503872089306356,0.1799322893241058
51,0.15145346403455195,0.1798939771002146
52,0.15169100157101104,0.18075622902995772
53,0.1518693431538454,0.18086480101782437
54,0.152463103357016,0.18049886602573464
55,0.1525398059953133,0.18123212654187135
56,0.15233656674783838,0.1805102691025768
57,0.15268628011360116,0.1818427113726623
