0,0.657506328346899,0.6636231555852505
1,0.6257346216797884,0.6359356600351411
2,0.5913736739316569,0.6050994173592915
3,0.5659128243907288,0.58530330449227
4,0.5304218598636901,0.5514121467500684
5,0.5006101944271479,0.5248329588446368
6,0.4753945992034484,0.5038840635749253
7,0.4493953415823413,0.48142639487087185
8,0.4271280975889387,0.45913417195884043
9,0.4053817272873955,0.43876445663158964
10,0.3843369594066971,0.4206507077442349
11,0.3690043711684152,0.4050059875980864
12,0.3522357499935097,0.3864384399023507
13,0.335500313770618,0.37044038358553805
14,0.3200211963163174,0.35908764784728064
15,0.3092355956767474,0.35110363855612625
16,0.29636832680052244,0.3412519788893188
17,0.28530413723006515,0.33171073047907423
18,0.27457031365347373,0.3216695183352876
19,0.2608082761172852,0.30931661853511266
20,0.2523514624174985,0.3008652749195332
21,0.24130204798480664,0.29085214259432973
22,0.23191456393791876,0.2842176986347012
23,0.2254063459955757,0.2777511515401019
24,0.21716575631484716,0.2690012601528518
25,0.21078563026610242,0.2633295444856779
26,0.20153867126349131,0.2545251654625125
27,0.19350129245691602,0.24482857360393218
28,0.18672250895271383,0.24048138320560133
29,0.18171043969203507,0.23792262194396627
30,0.17591811373401753,0.23187987954583839
31,0.1697915685488353,0.22472970890865526
32,0.16427703004576322,0.21835927636869684
33,0.16015431024862822,0.21465346570803415
34,0.1565582849686478,0.2125662415107213
35,0.15170787528047935,0.2080449818007309
36,0.1475381638699901,0.20413561553246376
37,0.14267286204694243,0.20100680503220245
38,0.1391216002605072,0.19617787663406833
39,0.13471036281409357,0.1905430758971554
40,0.13064945000963865,0.18617540357053486
41,0.1271351049665571,0.1826833461174167
42,0.12337233631673536,0.1808474577617762
43,0.12001532881832648,0.17643117225980887
44,0.1166086678545749,0.17377990551485728
45,0.11350952817495995,0.16942093798695232
46,0.11075038452858156,0.16686747802890917
47,0.10880596749939954,0.16519649903638992
48,0.10678218847054141,0.1626916823839879
49,0.1042757295299786,0.16005660200041272
50,0.10229366251283432,0.15836339736953578
51,0.09927370311797103,0.15738446554066302
52,0.0971694098134277,0.15578328575163294
53,0.09502591477811774,0.15401652910879793
54,0.09309122027387537,0.151237747336447
55,0.09118990626067724,0.14956595104256143
56,0.08943792305485981,0.14760529897959476
57,0.08781375513300482,0.1455168448443009
58,0.08588669968263445,0.14395202850139574
59,0.08414712940367772,0.14364464314415523
60,0.0831791683576072,0.14290934816309864
61,0.08172621601204272,0.14164201500220108
62,0.07991269145680086,0.1393796792825454
63,0.07827881046441044,0.13801017784294803
64,0.07676331053572208,0.136929890570604
65,0.075180325301906,0.1355079188585804
66,0.07408909370307526,0.13449499740140156
67,0.07296352552063308,0.133321199141423
68,0.07196943331191039,0.1328140284392918
69,0.07094816349829322,0.13236749653541469
70,0.06950549272852233,0.1312393696727288
71,0.06797464340834133,0.12918295115755235
72,0.06680920650194283,0.12831021066070203
73,0.0656754971461366,0.12804339151705935
74,0.0647747512191789,0.12733082050312347
75,0.06354882801748575,0.12600582981998146
76,0.06252863879308723,0.12550120172727156
77,0.06111106036281017,0.12486705287797259
78,0.05983799816425753,0.122978066670457
79,0.05892516831778591,0.12141266352599572
80,0.058057523195911884,0.12139423937342227
81,0.05688965677632096,0.12040567490248813
82,0.05604578546660526,0.11958774409704671
83,0.05535101289872289,0.11896502646486849
84,0.05496544281389646,0.11881322256540504
85,0.05421664633886083,0.11899271716349913
86,0.05328243713334094,0.1178921276241784
87,0.05238450588180267,0.11680558204908832
88,0.05165783476658293,0.1170187608158474
89,0.05078996103803438,0.11670945109654982
90,0.050213695936415045,0.11657728044669208
91,0.04936506208897657,0.11631760184894487
92,0.04886729406388727,0.11609586624440581
93,0.04826036586100577,0.11533547206589982
94,0.04748661138349575,0.11477656617631751
95,0.046718905477222135,0.11451283317610801
96,0.046084024980983046,0.1136349283695079
97,0.04530860799590176,0.11248269287226645
98,0.04449655696371693,0.11130171592259304
99,0.04402195137167181,0.11021806773582617
100,0.04350046214162575,0.10943212007166547
101,0.043096044830622696,0.10880050315508387
102,0.04245929640870368,0.10776148175122975
103,0.04209859297590326,0.10734369377989142
104,0.04163852893385335,0.10718035415741209
105,0.04102930434111934,0.10667087914671766
106,0.040492179699943454,0.1059479795590302
107,0.03998280808666589,0.10539035481081147
108,0.03951497195734845,0.1052519647252493
109,0.03916149727389909,0.10501425949019921
110,0.03882257618843452,0.10467945830650668
111,0.03842164854653417,0.10453675419944322
112,0.038001919473796934,0.1038143062827473
113,0.037492480803016925,0.10335320035351722
114,0.037025419429336244,0.10329591260594843
115,0.03662642454819567,0.10289004562532132
116,0.036372127795869756,0.10261821966131703
117,0.03611768394239556,0.10219858995250089
118,0.03573771185539936,0.10227349420021645
119,0.035422978628982395,0.1018117875795476
120,0.03506637248950657,0.10177227784907512
121,0.034702383256164406,0.1014125149529686
122,0.034224663571907725,0.10025035343630248
123,0.033852303809370196,0.09998738333883682
124,0.033481633431826946,0.09944215339005939
125,0.0330684796051967,0.09942279864022864
126,0.03274036673282462,0.09867837813094908
127,0.032482260841566586,0.09830889193805996
128,0.032114223962476644,0.09799693104897579
129,0.03169605203375931,0.09778791162459122
130,0.03135648029139106,0.09782956679724468
131,0.031225595179794945,0.09743829634341027
132,0.030844274898626657,0.09699331093186142
133,0.03038797207452211,0.09717984943113583
134,0.030048132261539146,0.09662104314807315
135,0.029757718463407825,0.09640706272771847
136,0.02948290664613848,0.09625809029244081
137,0.029203878124734083,0.09594167979297354
138,0.028781432391447186,0.09551490108175104
139,0.028456187810439133,0.09543093233328229
140,0.028080260057189027,0.0951416397021147
141,0.027755354605114184,0.09473331942684768
142,0.02749000697380756,0.09491183897984819
143,0.027135144955020916,0.09427625386532698
144,0.026877620416263022,0.09422810654647604
145,0.026645375847757263,0.09393098896570164
146,0.02631671629301876,0.09345255379090883
147,0.0260133032879421,0.09309208550028662
148,0.02578679372984597,0.09314164059896264
149,0.025536162322182164,0.09345669554216274
150,0.025270792438755664,0.09346290993500232
151,0.025109177639179643,0.09342759000868851
152,0.02489013523933612,0.09338369682040418
153,0.024578252693975212,0.09263974134969609
154,0.024362541286589028,0.0921751289961281
155,0.02419190934385585,0.09221387299391424
156,0.023934622699950427,0.09193950019872471
157,0.023703540892802487,0.09177035820243809
158,0.023384027853084403,0.091489445130775
159,0.02315547680687205,0.09151399428930067
160,0.022927805415894335,0.09148443742904828
161,0.022599749213020822,0.09138687492748844
162,0.022397566483126075,0.09118374858942063
163,0.022211207216947106,0.09091358946820492
164,0.02202994886826733,0.09063003156392514
165,0.02191703528345706,0.09060950511620823
166,0.021782645720574086,0.0903574954480458
167,0.02158602079989111,0.09051118972433247
168,0.021472044092145336,0.09010049873123424
169,0.021279273642350015,0.0903100058055547
170,0.02102905777419637,0.08941687050316184
171,0.020868626974231603,0.08993797956021811
172,0.020688695762497725,0.08970066507577039
173,0.02053352746535275,0.0894942652641445
174,0.020377534564896452,0.08914788729703993
175,0.020168108334776225,0.08877927948612163
176,0.020020479320726085,0.08857040100222083
177,0.019854424108607664,0.08814712600935973
178,0.019676382616412778,0.08800778011443726
179,0.019519950197451726,0.08794001165744161
180,0.019350304878271277,0.08786862737803366
181,0.019216748839130392,0.08746152220840193
182,0.019084207140066384,0.0869373541571541
183,0.018946618241631404,0.08693838908488297
184,0.018820560216780725,0.08675022656200562
185,0.018673132014606596,0.08621568086955408
186,0.01854880597564212,0.08640401608666655
187,0.018414721012167852,0.08679753101700946
188,0.018293614189304447,0.08628028847410152
189,0.018171406772572885,0.08612822349666314
190,0.018026909196617258,0.08598634305343734
191,0.01799179538304537,0.08592339358028453
192,0.01777290999530735,0.08587819980683133
193,0.017690603236478815,0.08600362175644773
194,0.017552345707639142,0.08564035174366091
195,0.017500181247771678,0.08561980476265915
196,0.017331773348034228,0.08569431221482122
197,0.0171899269369128,0.08596069975882044
198,0.01702524835077595,0.08600608102943327
199,0.016939880015285264,0.08611598294556616
200,0.016794403048897105,0.08612902700358685
201,0.01668485470627341,0.08588899650016239
202,0.016559558215523754,0.08541133622037721
203,0.016399379222184728,0.0854706109413239
204,0.016293566484427795,0.08531445445945834
205,0.016196499715279103,0.08526194389010822
206,0.016099400448608314,0.08516348111292063
207,0.015979623268324254,0.08513790581282316
208,0.015899164165247205,0.08490041227794455
209,0.01579101715654745,0.08476799892460854
210,0.015628771400443463,0.08453041816933933
211,0.01549837406335312,0.08409954207676074
212,0.015348660278880927,0.08389610729528996
213,0.01526117647433321,0.08375036605937843
214,0.015149539732488105,0.08365183990022954
215,0.015048532077842245,0.08396536830385298
216,0.014973851954587223,0.08408017922043279
217,0.014835437628825384,0.08421951077678
218,0.014770514855200019,0.08415738777341471
219,0.014641976559791978,0.08400033900152552
220,0.014480628596372848,0.08419277865898811
221,0.014384180245053451,0.08423267491984747
222,0.014306834053810604,0.08423835983985764
223,0.014200597475476398,0.08361443324317107
224,0.014093495171043503,0.08309858313943128
225,0.014047263284648762,0.08315997615918666
226,0.013945833140014146,0.08323943867945775
227,0.013851599605847378,0.08285448168229632
228,0.013826805961883027,0.08294229019766855
229,0.01372908337399236,0.08292155096691797
230,0.013648807737193,0.08284443699088534
231,0.01360984777770982,0.08285584901094131
232,0.01353954709041636,0.08291963703752718
233,0.013532337404145407,0.08293054726424032
234,0.013445983619075086,0.08294036045153079
235,0.013384963592974364,0.082857677953779
236,0.013347630793642033,0.08299748733452632
237,0.013316848358989882,0.08299426541454381
238,0.01324003535290966,0.08300312457687511
239,0.013119880230425604,0.08315678985944377
240,0.013068905342023018,0.08306011909761751
241,0.0130256242989756,0.08295729746415556
242,0.012909351720549803,0.08316867476499802
243,0.012747645153251903,0.08265799358785021
244,0.012655311798782732,0.08265415076445132
245,0.012570135970400706,0.08271768627571217
246,0.012510971321461353,0.08266135878899064
247,0.01242193417190426,0.08252622268062383
248,0.012321621130908268,0.08220903180249818
249,0.012262523960302786,0.08229890260582982
250,0.012255240266904699,0.08233670326442151
251,0.012218346857991808,0.0823970004380999
252,0.012179276026719338,0.08241175897124649
253,0.01212692077509025,0.08243204234686181
254,0.01209649263324972,0.08219941521466344
255,0.012058515281559932,0.08219427721365595
256,0.01204084624860249,0.08219121327455774
257,0.011947847102810844,0.08236092202559524
258,0.011905995982045576,0.08233463142779657
259,0.01178090102585775,0.0824199252402859
260,0.011707058013729925,0.08236501034548181
261,0.011670091483613344,0.08227713283305764
262,0.011611349072903942,0.0820165380537148
263,0.011531020706937328,0.08157067460964458
264,0.011501690781701466,0.0816899107080367
265,0.011412611839755423,0.0814844061010579
266,0.011367581267260507,0.08123718840734503
267,0.011284528847517386,0.08079601338023057
268,0.011232994440749452,0.0805877293983715
269,0.011153159365496282,0.08060350669818157
270,0.011119931014903654,0.08059314036408291
271,0.011072155160625628,0.08071854831191219
272,0.011015021864126702,0.08058123504359686
273,0.010950450049679098,0.08063034868133082
274,0.010940382235329416,0.0807517941522217
275,0.010871878771901513,0.08104373826028531
276,0.010800561452088627,0.08080751928901378
277,0.010770259361143718,0.08083576224392111
278,0.010694112301938473,0.08106232711964875
279,0.010598555995404156,0.08056525375629117
280,0.010511351210488722,0.080405451254176
281,0.010479621079546562,0.08045808629242736
282,0.01045536122601912,0.08049017544575734
283,0.010417227703602051,0.08048263313945453
284,0.010332281476263559,0.08072755118414318
285,0.010276692957431761,0.08082160989104134
286,0.010239158643746617,0.08053253679263983
287,0.01019574679883452,0.08056569533595517
288,0.010121060720608458,0.08006489822362478
289,0.010028077827420422,0.07996146658031107
290,0.010020515602964379,0.07996571609054366
291,0.009965999680115844,0.07978966906778263
292,0.009897582669865367,0.08002986025863291
293,0.009868908955739506,0.08012579611842861
294,0.009862937381710802,0.08009346357248401
295,0.009804136830656436,0.08009800125436056
296,0.009754947295029874,0.08001460942042261
297,0.00971783044526563,0.0800192356530135
298,0.009660782552356114,0.07993032029033251
299,0.0096534480240303,0.07999365327982091
300,0.009587544675325533,0.07995062263285824
301,0.009507858354659764,0.07986593624971468
302,0.009453246707391576,0.07977045427538698
303,0.0093980468954768,0.07989814979380486
304,0.009395608604882222,0.07991885620880561
305,0.009392537386099692,0.07991489996433106
306,0.009387222422949495,0.08003339427745611
307,0.00935130814274814,0.07994966126851795
308,0.009304063339019763,0.08024820759728338
309,0.009301103649246517,0.08025742687167453
310,0.009231164163402066,0.08022059987458163
311,0.009147887796016687,0.08011496747129918
312,0.009107687873600738,0.08019669048171128
313,0.009100758944510557,0.08030330786698169
314,0.009061131127546416,0.08008552857430021
315,0.009055877444823899,0.08008696789626772
316,0.00904959376928713,0.08019564334224374
317,0.00900618259966929,0.08019296284998113
318,0.009001470324190557,0.08020167433331676
319,0.008994730382851463,0.0802789794883618
320,0.008986532500282404,0.08036680561884374
321,0.008980951890603281,0.08043323294475238
322,0.008951919954292896,0.08045946486077803
323,0.008899518266043564,0.080462097170552
324,0.00884669550812933,0.08064889902333851
325,0.008797775889965444,0.08056725514661205
326,0.008792453816656961,0.08056283704304672
327,0.008787507421925122,0.08066147841574575
328,0.008783023344101795,0.08068091570432417
329,0.008716971246644622,0.08069031629814778
330,0.00865277230179149,0.08050229078642834
331,0.008649840114568758,0.08050673614382133
332,0.008612579500776874,0.08061093879425622
333,0.008609589214409954,0.08061833835831451
334,0.008556152013794253,0.08093854761514034
335,0.008504042604426948,0.08059772352486823
336,0.008471662424132456,0.08059325116547102
337,0.008467242951404694,0.0806869615973976
338,0.0084605676614142,0.08075127049512246
339,0.008457028270160555,0.08076456818984687
340,0.008453969737232496,0.0807646268925326
341,0.008451289939352546,0.08078178687676187
342,0.00844806216437709,0.0807857508047125
343,0.0084153500633641,0.0808429495471845
344,0.008383956677616235,0.08095423808976002
345,0.008381245775355485,0.08095319525155205
346,0.008381295684368684,0.08095368373580109
347,0.00831515595036807,0.08097340555449349
348,0.008286428402766043,0.08111509401676306
349,0.00824956200484068,0.08099098180685382
350,0.008245686090691927,0.08106053817594108
351,0.00820956456339474,0.0810898567677719
352,0.008153323539388127,0.08128759032799728
