0,0.10334954789628907,0.21946800229305866
1,0.1015243211464896,0.22092593098200455
2,0.09573360192273189,0.17305796900327275
3,0.08692168316523512,0.17209773793492583
4,0.08534981849087972,0.17976833925879343
5,0.08351862217387462,0.16481583258333785
6,0.08582719785433215,0.1583281144887916
7,0.08474089938481277,0.15428633721926613
8,0.08292061824083238,0.15404364414182517
9,0.08264920711851301,0.15598251395636975
10,0.08246335427678539,0.14645141463196595
11,0.0835433105610908,0.14596199614684346
12,0.08397956715455364,0.14577310623681644
13,0.08486291393935781,0.14986044141431662
14,0.0839626311980783,0.15417354272758993
15,0.08577977766342472,0.1501718220059171
16,0.0873394447010749,0.149559632066779
17,0.08769683976403889,0.14734379607299153
18,0.08747079528554386,0.1403426872940682
19,0.08852019608369179,0.14415839312285833
20,0.0879831087083802,0.1418607996603054
21,0.08784409362520362,0.14310010946745824
22,0.0878034868100835,0.1404331216956478
23,0.08704197850530669,0.1431468709033592
24,0.08673860917694663,0.1445111357723266
25,0.08641908910152597,0.14151962151262823
26,0.08660888085340303,0.14210434317350518
27,0.08702624350219257,0.14344132175373148
28,0.08731938518501127,0.14234120567442488
29,0.08743676314123193,0.1423153144934517
30,0.08697824757170895,0.13860899656850043
31,0.0875170760014235,0.1392956493767402
32,0.08700446816135511,0.136567599209916
33,0.08661833307385759,0.1374820878651332
34,0.08706250610734015,0.1382778054607543
35,0.08681531068121391,0.13848499708166237
36,0.08597787898240693,0.1364757453475331
37,0.08550462607038238,0.1364069143202884
38,0.0855765891591928,0.13499488434523846
39,0.08564872380635269,0.1352412522516479
40,0.08540374622285303,0.13474768515983254
41,0.08633201235396507,0.13497064033174722
42,0.08638672648939728,0.13365705132150393
43,0.08619202657448483,0.1344877889769491
44,0.08590040043706594,0.13640016823856604
45,0.08592438369749254,0.13754106463853502
46,0.08602057691272763,0.1386585485772142
47,0.08614879227374142,0.13779515469195563
48,0.08681731589415509,0.13863098372885532
49,0.08643627174857198,0.13822457460292695
50,0.08609086622105615,0.13749147212154514
51,0.08585708396111703,0.13766230293777476
52,0.08585783035337978,0.13806513084526226
53,0.08599580253491923,0.13873988640132257
54,0.0857625764784098,0.1389170940431227
55,0.08607729472980623,0.13822872987722432
56,0.08604903777084891,0.13826958613441523
57,0.08586264269891136,0.13895102027597023
58,0.08576112221132293,0.13807483662667594
59,0.08537522442956874,0.13747963017451617
60,0.08504193759558779,0.1374888590002031
61,0.08506349743771734,0.13686671411152573
62,0.08500222753352302,0.13657449425305487
63,0.08482058627366672,0.13648286574090812
64,0.08518455043010094,0.13658301689831934
65,0.08502078945607879,0.13720517212774022
66,0.08520325076334172,0.13581779524915005
67,0.08539639616442597,0.13624553873189113
68,0.0852803173085589,0.13536026823093394
69,0.08501295710891432,0.13447494639987126
70,0.08502763141804612,0.13519110900151413
71,0.08493458695823787,0.13522699182915074
72,0.08503391530974411,0.1355239829945402
73,0.08491758627373877,0.13564893271694212
74,0.08509991586851251,0.1353377277480614
75,0.08520379409241953,0.1356166299788306
76,0.08554854051865254,0.13541267386194142
77,0.08530695555378565,0.1357159548127397
78,0.08531950099438039,0.13563714179012
79,0.08506155698577046,0.13571333225567692
80,0.08501338192475041,0.13542668895861326
81,0.08507101040285084,0.13492284216158676
82,0.08483951518771407,0.13562881612623354
83,0.08493106280706768,0.13488434066428703
84,0.0850108054594037,0.13417395329521253
85,0.0851199202989311,0.13471901186111623
86,0.08526805657559379,0.13437107394658848
87,0.08527391762134182,0.13462955946745883
88,0.0855270473402052,0.1355506174504267
89,0.08564316432539731,0.13526410309957676
90,0.08574603813757183,0.1354018676139337
91,0.08582909461250679,0.13558656274831793
