0,0.5989842967203984,0.6043440814603839
1,0.5453424613671568,0.5580985206261015
2,0.4989242738992238,0.5180436142703944
3,0.4579937967561906,0.482476326718665
4,0.4220555140650517,0.4531156091313613
5,0.3899029883995783,0.42614372597451794
6,0.3611917028154446,0.40310517058037876
7,0.33544682486315974,0.3816298960070861
8,0.31237567873819133,0.3611102176078579
9,0.2911583862521432,0.3413972967026526
10,0.27198485143023854,0.3262522624511468
11,0.25467912070562415,0.3110912710166814
12,0.23859366910024124,0.29843568997947795
13,0.22366752141207194,0.28274115214222356
14,0.20907905435632052,0.2710676946138081
15,0.1965231445353052,0.25861675233433123
16,0.18388717204244956,0.24964973578850427
17,0.17318386446870318,0.24059473710101947
18,0.1634206254242802,0.23002399098977708
19,0.15348866271658027,0.22244191411555858
20,0.14478517035322805,0.2140908678503413
21,0.1367758941833924,0.20708650945310006
22,0.12918628839628438,0.19869128536236913
23,0.12179917743828289,0.19296194822118992
24,0.1150121584622042,0.18811977798478646
25,0.10878993649461752,0.18416440715653853
26,0.10361354261680432,0.17874747132392307
27,0.09810296734494547,0.17440071499399973
28,0.09318434310492532,0.16881767738806575
29,0.08831116049127145,0.16643900757557467
30,0.08385662115083412,0.16451847072886794
31,0.07992251025092217,0.15895750259228966
32,0.07613629115816435,0.15475469853794366
33,0.07244394713045914,0.1520259093754647
34,0.06914555863682126,0.1466232844089207
35,0.06607078321147,0.14294340182095766
36,0.06302985987049743,0.14208628381030602
37,0.06032755101356339,0.13736394735608706
38,0.05781061597212144,0.13428510513091296
39,0.05528222394784874,0.13345537102666863
40,0.0532289550440315,0.1316609893713081
41,0.05122742668078267,0.12799244342992702
42,0.04912053775096918,0.1263924909003994
43,0.04717188069045194,0.12675048894526666
44,0.04546133987059341,0.12555714860035663
45,0.04388761407862311,0.12344937527290824
46,0.04240388719534332,0.12083416509752472
47,0.04083838414597459,0.12138861980648678
48,0.03954612493755356,0.11919461587738049
49,0.03819423655588781,0.11986121905379389
50,0.03693414634623485,0.12021141662670855
51,0.03586964268521392,0.11902864215274651
52,0.03483223557319284,0.11677048843876835
53,0.03387368006407777,0.11728341730409547
54,0.03294054232810861,0.11677749628168449
55,0.03208878296058723,0.11551856391720082
56,0.03125416276064261,0.11452553385313143
57,0.03035837771846227,0.11490167324480258
58,0.02934830016907184,0.11594199414136247
59,0.02859551004267945,0.11404863622023217
60,0.02790077736115089,0.11517644836567342
61,0.02720272474406052,0.11444238414007582
62,0.02656677248273209,0.1136170580999501
63,0.02592192014783096,0.1129760975304076
64,0.02532315844140095,0.11126985123152272
65,0.02481222362462377,0.1113636197824554
66,0.02428997531970226,0.11274894114518375
67,0.0237667555456484,0.11138961243590242
68,0.02329665395674293,0.11257691673215545
69,0.0228346384955226,0.11179569837833314
70,0.02234977621399412,0.11029606414632055
71,0.02190814951101531,0.10875155338445645
72,0.02150932969484489,0.10855693857414289
73,0.02117557373291149,0.10766598281630299
74,0.02083088411632762,0.10725372717021392
75,0.02046898625520689,0.10593576616354353
76,0.02015441937284692,0.10538203843763065
77,0.01978438919412841,0.10439306213071145
78,0.0193662793010943,0.10530362615010522
79,0.01909493494238104,0.1046063330151108
80,0.01884269096091106,0.10342913294791065
81,0.01849643964336808,0.10408701809131328
82,0.01818977637131783,0.10309972085279266
83,0.01787795926460619,0.10333371005151748
84,0.0176034583710134,0.10417283179336473
85,0.01732286710914803,0.10281733224544216
86,0.01703029339095233,0.10336961323526084
87,0.01677854626256525,0.10222806682679475
88,0.016492312793863,0.10288605007767808
89,0.01628673521295201,0.1026392952955671
90,0.01600851630587185,0.10208193633272394
91,0.01583139880838916,0.10112288871191834
92,0.01561894737692042,0.10185347121360042
93,0.01544670088529379,0.10083421445022778
94,0.01526477781419377,0.10045849160176881
95,0.0151286571111825,0.0995333022489049
96,0.01496503965641014,0.09928898469303947
97,0.01480812656138737,0.09839135550244368
98,0.01465646182036688,0.09746777931975789
99,0.01452337763657318,0.09730705200580128
100,0.01433637768304647,0.09801747232446806
101,0.01419413695282568,0.09717206331582642
102,0.01405688963865976,0.0962980815399389
103,0.01394832087987952,0.09579265229669481
104,0.01382230733326005,0.0949766687903831
105,0.01370384436185387,0.09483458263811802
106,0.01360327172396251,0.09436196362469018
107,0.01347805846849855,0.0935860341118665
108,0.01338632481003349,0.09314350263734364
109,0.0132850089145939,0.09320558383019249
110,0.01312315823063746,0.09388064161114591
111,0.01300045224951302,0.09404891001759097
112,0.01291991459633172,0.09361957688815892
113,0.01283585504202658,0.09363083150891359
114,0.01275974978000483,0.09295034924370907
115,0.01265027239178567,0.09314401443381876
116,0.01249359692842904,0.09383002463258444
117,0.0123859161913567,0.09319606649468799
118,0.01226899819397381,0.0928311879468853
119,0.01219860537341575,0.09244069852866232
120,0.01209895449650919,0.09263685088208468
121,0.01203413120514639,0.09227294193349958
122,0.01193694174228252,0.09168035839582189
123,0.01184606380778422,0.0918689184881371
124,0.01178555696918643,0.09152837125880628
125,0.01172395743145621,0.09160080617508165
126,0.01158444787825586,0.09227155886024743
127,0.01149586433492863,0.09171223640901428
128,0.01144262797576771,0.09120116560013246
129,0.01136683263540093,0.09134393708531238
130,0.01132627926296432,0.09126499382239815
131,0.01128631807051878,0.09149291248646924
132,0.01118395827479163,0.0912399094346543
133,0.01111306564638642,0.09139491735065046
134,0.01107497944525932,0.09115006897461667
135,0.01094891568454654,0.09179531392925255
136,0.010881553117433,0.09193829014660432
137,0.01084472010761521,0.0921696469053961
138,0.01080891741709401,0.09193679914766874
139,0.01074440366826826,0.09209849301770558
140,0.0106271127345726,0.09274807847166237
141,0.01051685605365428,0.09338614979213544
142,0.0104820524786853,0.09331824321947224
143,0.01042156100315465,0.09346782215237781
144,0.01038875624836529,0.09369829957467389
145,0.01031305908418023,0.09304143570306335
146,0.01027977646463701,0.0929787166012255
147,0.01017841932300992,0.0936101255289957
148,0.01014732460158842,0.09339130135955648
149,0.01009087401948858,0.09354603651445359
150,0.01005969011693199,0.09377627903207515
151,0.0099663980531539,0.09439698083473272
152,0.00993614049786784,0.09434157789617434
153,0.00987466622012206,0.09373946789868601
154,0.0098457740471443,0.09396464355839335
155,0.00981720167627323,0.09375912092142052
156,0.00978089124117937,0.09342330868974769
157,0.00971766557830217,0.09340029352920522
158,0.00969058959794373,0.09356656007411514
159,0.00966348587574582,0.09336368850812218
160,0.00963584268366634,0.0935166442124459
161,0.00960934531075752,0.09373653402221144
162,0.009582598155376,0.09344140059680253
163,0.00955604013529076,0.09339538320241365
164,0.00952981898111846,0.093557692606721
165,0.00950365721309883,0.09336246134868513
166,0.0094782241033438,0.0935122992939381
167,0.00945296064195021,0.09359948380325366
168,0.00942712758283358,0.0934022664921685
169,0.00940199691078167,0.09361844052092924
170,0.00937733447651687,0.09342135490059215
171,0.00935323217610932,0.09357002182156991
172,0.009328406352855,0.09338201349294793
173,0.0093036100913257,0.09346637847320699
174,0.00927997255809482,0.09328808832000696
175,0.00925555689094105,0.09346646254957784
176,0.00923201625349404,0.0936175355597873
177,0.00920857007427843,0.09343575735692866
178,0.00918538900578048,0.09365071009041888
179,0.00916213518316869,0.09373253664173382
180,0.00913946558393625,0.09356027791274532
181,0.00911659787672222,0.09371404380899069
182,0.00909420694325248,0.09388398533388809
183,0.00907166040406216,0.09384478546225612
184,0.00904958599267181,0.09361635339487213
