0,0.5900785765805088,0.5882086223298377
1,0.5300578427511257,0.5308284448398338
2,0.48129641190989986,0.48052890844397494
3,0.43566595067034714,0.4379175547715072
4,0.3995200510208423,0.4045541961114485
5,0.36716596929581613,0.3745797844706001
6,0.3393777096746387,0.3470867718314076
7,0.3137530962435099,0.323160456268342
8,0.2919732510306678,0.30370631175381796
9,0.27287505910946774,0.2861711286253982
10,0.25613366828842477,0.2708512402170307
11,0.24084413501915042,0.25392484239169527
12,0.2267806652605861,0.24140284750815277
13,0.2142191034751934,0.23187075489824946
14,0.20240059163380456,0.2237469133112457
15,0.19170759651032124,0.21214054336587151
16,0.18218769483104513,0.2012759514234878
17,0.17309757565649656,0.19416418630670715
18,0.16402085706755354,0.18530236839593112
19,0.15705301995378929,0.17989388190127992
20,0.15066486304359777,0.17288132773323373
21,0.14429483614902902,0.16720459184476308
22,0.13879764075953882,0.1625405769426744
23,0.13366387234898386,0.1581410612133178
24,0.12888866740759913,0.1532881327874058
25,0.12454541736783889,0.1499660147333538
26,0.11993146483059768,0.14705145651740686
27,0.11615394185819142,0.14511642813846304
28,0.11284609431666988,0.14270160867126433
29,0.10912821695188081,0.13933454112119073
30,0.10577939712739252,0.13640574048590529
31,0.1029892665497795,0.1327063650670615
32,0.10080550526586043,0.1318871138187555
33,0.09750723293828932,0.1286257602438167
34,0.09545173967809795,0.12565324699076322
35,0.09294465310093793,0.12337264115666295
36,0.09050696470600726,0.12217859498092107
37,0.08872279627146301,0.12051865613026606
38,0.08681936778261193,0.11895913836433665
39,0.08533332742249164,0.11793826606411201
40,0.08389264318048135,0.11526330985169816
41,0.08205856666081472,0.11462121208167665
42,0.0804140230021593,0.11210525218028944
43,0.07886301428284291,0.11067727985945376
44,0.077710859428907,0.10865906854211302
45,0.07630082302481182,0.1088306631094643
46,0.07559545935070204,0.10933300022772707
47,0.0742897610653417,0.10717192160702504
48,0.07363690084849413,0.10666711283028944
49,0.07303399195034917,0.10686268843710423
50,0.0724592799599702,0.10584447815359294
51,0.07147904271183146,0.10498704518201751
52,0.07096963540963051,0.10524574861155597
53,0.0704735031448673,0.10546457273680922
54,0.06997823294195868,0.10503551169493042
55,0.0694791795481201,0.1041500629744605
56,0.06898828990281569,0.1027574026394267
57,0.06852004260264828,0.1024507471708233
58,0.06807442216438006,0.10253854649100494
59,0.06760914572949552,0.10305534048353905
60,0.06720007763367024,0.10230898391455412
61,0.06674114344411294,0.1019457310008315
62,0.06635738794876078,0.10165079897474293
63,0.06592617356116054,0.10141377225722913
64,0.06556502555287187,0.10197395234174289
65,0.06516227128168384,0.1020840913732792
66,0.06481648590620402,0.1016755836278937
67,0.06441944837762084,0.10220347028635032
68,0.0640732681316037,0.10155029015124335
69,0.06369240178309565,0.10135972325352359
70,0.06334134841857192,0.10149628899295579
71,0.06300436195042394,0.10076548826399741
72,0.0626810967428405,0.10127447981510189
73,0.0623295002042541,0.10101993330549654
74,0.06200974613842605,0.10088829882698809
75,0.06167959479696967,0.10104500132121637
76,0.06137589713850233,0.1013777272310108
77,0.06106049186488675,0.10116208312459864
78,0.06073472430676242,0.10073303362190887
79,0.06045021615400501,0.10106723649161202
80,0.06015764079747497,0.10124700580938505
81,0.05986314994196028,0.10175295467079096
82,0.05956082636104119,0.10105676178636214
83,0.05928694285902675,0.10124530920318768
84,0.05901349644217599,0.10070238765431466
85,0.0587302041476705,0.10030560319792929
86,0.05845133504372315,0.09966532588977325
87,0.0581895064141673,0.09948065421789638
88,0.0579247184655537,0.09982035812604559
89,0.0576803293526889,0.10039020552310152
90,0.05742283465320265,0.10002029298006423
91,0.05720351991924243,0.09982306489229693
92,0.05695560331434615,0.10004116300554884
93,0.05669348909114078,0.09951280516439251
94,0.0564634095954806,0.09935493544921033
95,0.0562374949759732,0.09888990164432511
96,0.0560416592490363,0.09913055347355472
97,0.05581893956488265,0.09969969283774045
98,0.05558883395445134,0.09991264666282254
99,0.05540069172339217,0.10066264420543071
100,0.05518797354019186,0.10052814475608642
101,0.05496786572013541,0.09997561949581563
102,0.05475435667008591,0.10019715792745106
103,0.05455775520953626,0.09969353544715137
104,0.05438220381780251,0.09958476835099346
105,0.05419439848277022,0.09950500738213432
106,0.05399758357888568,0.09909093225308295
107,0.05381221883190837,0.09931691223755479
108,0.05362879304831929,0.09884677525445983
109,0.05344994794155195,0.09951199070489096
110,0.05327857713660246,0.0994483759245518
111,0.05312336676505875,0.099670961281735
112,0.05296008135313629,0.10001338424754667
113,0.05280588713159867,0.09965942232168515
114,0.05264046103444083,0.09959941940218374
115,0.05248337309835684,0.09916800427235213
116,0.05233993277671378,0.09951031466198901
117,0.05216004595750236,0.09977123283545722
118,0.05199346604730146,0.100425393506117
119,0.05183853178507659,0.10038635078408234
120,0.05168245466628143,0.1010352829049065
121,0.05152803098662644,0.10129850506040544
122,0.0513881379178761,0.10095223532426734
123,0.05123379130564389,0.10051852501135647
124,0.05109088405775505,0.10078288306824985
125,0.05094100814136794,0.1004877104679798
126,0.05081096763775689,0.10108409380376503
127,0.05066489464869457,0.10105707552117695
128,0.05053508678255449,0.1014151036711205
129,0.05039958967005317,0.10101336323922235
130,0.0502687043244605,0.10100432244068074
131,0.05014498700412722,0.10120510481935056
132,0.05001367475507412,0.10093550592568795
133,0.04988552084170886,0.10121302843122017
134,0.04975567769469018,0.10181734991863697
135,0.04963000898827046,0.10181599694232528
136,0.04950829577065523,0.10241360278546831
137,0.04939049572183669,0.1024267740693496
138,0.04927636953285041,0.10301716756433822
139,0.04916539731493685,0.10277592500026983
140,0.04904085169335223,0.10236310135447778
141,0.04892587967397349,0.10264136680148563
142,0.04881557024702568,0.10249944691159917
143,0.04870729945848855,0.10246794708559269
144,0.04859497592430101,0.1020839683792124
145,0.04848740921595011,0.10235562487403033
146,0.04838033907011837,0.1027084057146407
147,0.04828246138160946,0.10249991050683432
148,0.04816865253007643,0.10251454751206827
149,0.0480636033526325,0.10237613527211718
150,0.04796156200521452,0.10272570629092445
151,0.04786080721596891,0.10269899351284378
152,0.04775723654109662,0.10271483635693625
153,0.04766934410784685,0.10234800507224953
154,0.04757381213194394,0.10236896587545974
155,0.04747456499515485,0.10201741417468228
156,0.04737973693393012,0.10140505289418397
157,0.0472857421774169,0.10142000683181622
158,0.04719161631198533,0.10169004903374505
