0,0.5863874744582962,0.5901006063917181
1,0.5273521433656032,0.5318593559684334
2,0.4797898481016631,0.48556432586449844
3,0.43525490909814835,0.44037615073906194
4,0.3999491463323216,0.4032671608767667
5,0.36814517278101416,0.3733112404307166
6,0.3406255654171928,0.3461695113679865
7,0.3165185577184944,0.32104893028736115
8,0.29503946702231415,0.2981189438602427
9,0.2764799289896593,0.27896578446194364
10,0.25931153585622596,0.2597645205128324
11,0.2434810018473929,0.24548723851586438
12,0.22983020900206252,0.23252002649254852
13,0.21751611186498468,0.22049144295218226
14,0.20626843495519606,0.20991452922532847
15,0.19476800892952378,0.20146893185901119
16,0.18482104277463404,0.1936315975182659
17,0.17610827765867607,0.18587404604141528
18,0.16731299498824628,0.1772978154348803
19,0.15963769108466394,0.1721163654884139
20,0.15223331200880008,0.1653393009206751
21,0.14541870714830502,0.15871825077376522
22,0.1394636132805557,0.15316217249402633
23,0.1338994643947744,0.14891117803015552
24,0.1290318602696061,0.14414764302117483
25,0.12441810719914488,0.13980724846759995
26,0.11944462593829075,0.13548571776066506
27,0.11555117319573413,0.13271561373475488
28,0.11211803901920116,0.12957623148603098
29,0.10891407659113571,0.12591737709366357
30,0.10523086380991307,0.12386169982562353
31,0.10233953205234074,0.12206111741917473
32,0.09961080610506483,0.12070460224544609
33,0.0968841383806788,0.11889449773090226
34,0.0946081481249696,0.1159530062187504
35,0.09244892722415318,0.11550944049811952
36,0.09017860811142313,0.1124833727889991
37,0.08852002385410142,0.10929751021603307
38,0.08669510176456482,0.1071013760558524
39,0.08484752983325622,0.10541467793326784
40,0.08332886657892512,0.10356068747261396
41,0.08191488567575976,0.10184744642126364
42,0.08061773783097473,0.10023166444971339
43,0.07900401953208659,0.09839691040566662
44,0.07720651949888893,0.09794671020910635
45,0.07617628309558463,0.09675273717800667
46,0.07515919967145138,0.0950660134696371
47,0.07408971976678164,0.09372904236111176
48,0.07350615538134761,0.09359625467498388
49,0.07259333602429091,0.09194876463408326
50,0.07201899306152712,0.0908029824444144
51,0.07152871515315312,0.09044620522123935
52,0.07097856414883019,0.08942875864782504
53,0.07051334748106015,0.08854702373987043
54,0.07008925678367102,0.08849819041890922
55,0.06965826536723219,0.08817827134075892
56,0.06922508550265415,0.08737240447713943
57,0.06883111935374993,0.08619469536243232
58,0.06844391239740487,0.08629101023057496
59,0.0680551637363221,0.0855327148635227
60,0.0676733168100447,0.08439253566397743
61,0.06729489609159038,0.08400971477257681
62,0.0669459008488927,0.08375888861777199
63,0.06660339593053233,0.08272311161528086
64,0.06628564145968674,0.08208159756959303
65,0.06595561657853138,0.08175174758902617
66,0.06563210921812353,0.08184967953507062
67,0.06534001786788864,0.08091467160444993
68,0.06507676358431946,0.08033667402444306
69,0.06478936392123105,0.08013192546338989
70,0.06449248567402649,0.07984178794220417
71,0.06420022891297077,0.07999813776197177
72,0.06394631289339696,0.07942539412569213
73,0.06367102164422049,0.07885341459353055
74,0.06341757779239912,0.07800198271154211
75,0.06315905198257846,0.0778275498055986
76,0.06292111533540455,0.07777679683435913
77,0.06266751532586148,0.07753417511460381
78,0.06240787314427607,0.07770872975259528
79,0.06216494315482963,0.07688209596652906
80,0.06192654914383848,0.07693823009401887
81,0.06169684941606637,0.07656333244989043
82,0.06147274443851579,0.07603819432903777
83,0.06125503848306835,0.07583448327156705
84,0.06102247821208048,0.07567645283415914
85,0.06078989972401369,0.07518733726497126
86,0.06057154724520252,0.07536904209876781
87,0.06036083887786615,0.07530782007417836
88,0.06014425643325712,0.07454006940863289
89,0.05993886857234699,0.07405663379416852
90,0.0597291061274738,0.07424042052282327
91,0.05951696549283832,0.07388657946293088
92,0.05931448096992796,0.07370857096911705
93,0.05912845219539192,0.07376920051647576
94,0.0589315176789219,0.07363797152660541
95,0.05872618189723753,0.07330226147762285
96,0.05854609289083753,0.07329183306473379
97,0.05836272561170448,0.07291528625557056
98,0.05818444341203648,0.07309740221199508
99,0.05799988752351255,0.07278727045907014
100,0.05782118628433507,0.07267570422430124
101,0.05762546444708318,0.07220861795204846
102,0.05744691736929651,0.07205227312662608
103,0.0572736987647099,0.07162440012741302
104,0.05711459662959716,0.07162642827421263
105,0.05695527882838448,0.07129185771375157
106,0.05679490262416068,0.07120771923839309
107,0.05663452278803471,0.07106972394439463
108,0.0564812632990172,0.07124548580159772
109,0.05629026770187481,0.07093581872746595
110,0.05613006081126354,0.0706700011141148
111,0.05597038551682739,0.07084392031890105
112,0.0558359400019981,0.07081712836368971
113,0.05569373273065539,0.0707430741033302
114,0.05554737043592588,0.07007923438520795
115,0.05538708490036827,0.06967517472343049
116,0.05524097757246396,0.06984437126563964
117,0.05509637309248549,0.06946479942864524
118,0.05494065629958001,0.06920521315775689
119,0.05479850285273342,0.06937738643206942
120,0.0546543077593874,0.06913321567469041
121,0.05450872300930864,0.06902192168546697
122,0.05437662067585164,0.06898735455175924
123,0.05422325141805961,0.06859584229583801
124,0.05408797068118405,0.06849242430461755
125,0.05395195311303813,0.06813256773626902
126,0.05381996475529836,0.06778448349847407
127,0.05369007603136137,0.06795204548513169
128,0.05356624783950623,0.06793622174530525
129,0.05344038759869943,0.06787975484781622
130,0.05331758764421485,0.06728368543426168
131,0.05319467991057036,0.06744822257346791
132,0.05308317804515904,0.06720350477281589
133,0.05296329601640956,0.06711592457441429
134,0.05283966062080044,0.06678392265662346
135,0.05271954655040895,0.06620196985454391
136,0.05260193749275929,0.06623690323597127
137,0.05249114067723545,0.06615966846168574
138,0.0523838744285148,0.0661556150605595
139,0.05227731515757054,0.06612211281362061
140,0.05216639638740242,0.0658221593482297
141,0.05205941254178389,0.06586289783213083
142,0.05195667283260264,0.06579116366772943
143,0.05185079607942428,0.06525814398524485
144,0.05174982304247301,0.06559123025291118
145,0.05164481281171102,0.06529701998518718
146,0.05155158818988539,0.06527707354001865
147,0.05145642369573649,0.06477890066945782
148,0.05134384691184975,0.06493502717905238
149,0.05125408449113,0.0647387878245234
150,0.05115766747158077,0.06502445055565868
151,0.05106554920244629,0.06453195997964141
152,0.05096613909108283,0.06468668667430692
153,0.05087972781173168,0.0642139055039529
154,0.05078750018895205,0.0643684452791074
155,0.0506976818412243,0.0641074350825255
156,0.05061140361739,0.0640597983294136
157,0.05052766537502956,0.06387689276368122
158,0.05044409361217621,0.06402326507908343
159,0.05034867475182842,0.06377180522067247
160,0.05026735535024533,0.06376639568594868
161,0.05018379265995144,0.06406845214935326
162,0.05010912495225177,0.0643329319984212
163,0.05002167844549359,0.06407456697543039
164,0.04995618315984797,0.06421793183403929
165,0.04986850169802642,0.06392978185885023
166,0.04979259701644628,0.06369317102931686
167,0.04971727558202494,0.06343243991736076
168,0.04961891851472991,0.06318306491024546
169,0.0495362941154591,0.06296426424203994
170,0.04945484824446005,0.06326521139791501
171,0.0493733392008785,0.06309313903777646
172,0.04930138362588868,0.06335502156762632
173,0.04923105698893138,0.0636458993879157
174,0.04915087611336456,0.06339498285772177
175,0.04908448150352662,0.0635413503028698
176,0.04901636109746875,0.06331582491127467
177,0.04892691983815774,0.06308935938536056
178,0.04885175595588338,0.06289075127198965
179,0.0487820496115831,0.06317806466300921
180,0.04871560984059585,0.06343894204570001
181,0.04864352660213346,0.0632492991869215
182,0.04858015617467642,0.06339345202118588
183,0.0485192338023258,0.06363810109777969
184,0.04846479538185292,0.06388369743881113
185,0.04839246077488617,0.06369439792399714
186,0.04832087169531835,0.06346042490766414
187,0.04825751584712135,0.06346776385428282
188,0.04820429144928022,0.06348094239557203
189,0.04813981470015478,0.06331098123816875
190,0.04807816198636819,0.06310488234445515
191,0.0480159038614167,0.06337886086759761
192,0.04795782008783375,0.06322396348632238
193,0.04789858676923649,0.0633634275962742
194,0.04785165856774656,0.06333723012805702
195,0.04779508131716764,0.06318634702916165
196,0.0477432808499773,0.06332204137112597
197,0.04768052676313296,0.06311045155558571
198,0.04762673129248919,0.06333511575268438
199,0.0475716352173969,0.0631396529043431
200,0.04752596938607774,0.06337588883304436
201,0.04746621494148832,0.06322221858887472
202,0.04741599475984093,0.0630875015343478
203,0.04736759521564146,0.06321972393133975
204,0.0473165191600616,0.0634773491886905
205,0.04726372517301231,0.06328705607742009
206,0.0472176567952604,0.06353348079981835
207,0.04716559033792921,0.06339827105134296
208,0.04711702359270351,0.06321826372564268
209,0.04707085865387913,0.06324035386301598
210,0.04702575165000591,0.063216666919998
211,0.04698218879175429,0.06305032015578556
212,0.04693312601283561,0.06292497106011609
213,0.0468918086379155,0.0630482250030132
214,0.04684648714504834,0.06293057790985536
215,0.04680308206521799,0.06317003926832822
216,0.04676064405146382,0.06305830082011787
217,0.04672044675025173,0.063040028868632
218,0.04667633391723579,0.06287291083308347
219,0.04663580075254316,0.0628986231372487
220,0.04659521686627049,0.06279120140819001
221,0.04655576321526026,0.06301967397518968
222,0.04651590004121337,0.06318482306880549
223,0.04647743923027979,0.06308694461496178
224,0.04644228805097685,0.06324595332038231
225,0.04639895584721791,0.06307973573496053
226,0.04636249204926132,0.06306512479524506
227,0.04632892618414749,0.06328147275828766
228,0.04628778050943395,0.06311956433269737
229,0.04625187282706995,0.06301887603515022
230,0.04621630924009298,0.0628729744348675
231,0.04618174176769341,0.06265445818208608
232,0.04614593093600099,0.06264206132298888
233,0.04611295894949932,0.06250234642373091
234,0.04608082480878623,0.06241134583187586
235,0.04604450196963556,0.06232222326286649
236,0.04600808374092154,0.06254517302367386
237,0.04597752544485867,0.06275311345490371
238,0.04594503193436469,0.06261460674263966
239,0.04591248370763004,0.06240463814542086
240,0.04588038492343353,0.06232383894442407
241,0.04585121825740706,0.06231137664200595
242,0.04582570951126879,0.06230448772631852
243,0.04579385811171001,0.06220246281712777
244,0.04576669260995414,0.06213062232396064
245,0.0457368189778248,0.06204423218950179
246,0.04571065981256722,0.06195402782151967
247,0.04568317903677171,0.06210524292475963
248,0.04565953045484103,0.06199131159055569
249,0.04563608940512934,0.06208817455674532
250,0.04561247542525442,0.06201256200630259
251,0.04558386624581884,0.06193942594109103
252,0.04555980237365564,0.06187528406607581
253,0.04553552927469495,0.06201962646989889
254,0.04553553047306915,0.06201967154949351
255,0.04553552505352015,0.06201971825506477
256,0.04553553194617072,0.06201974357603691
257,0.0455355261407561,0.0620197863260458
258,0.04553553192378316,0.06201980938395527
259,0.04553552773507033,0.06201983423414896
260,0.0455355283280209,0.06201986068985067
261,0.04553552639101706,0.06201988247998447
262,0.04553552675641406,0.06201990586411269
263,0.04553552447768008,0.06201992390209113
264,0.04553552881239179,0.06201993870602634
265,0.04553552841613195,0.06201995804632124
266,0.04553553091682261,0.06201997200592554
267,0.04553552755101259,0.06201998786143652
268,0.04553553105210745,0.06201999537854015
269,0.04553553047866604,0.0620200081791084
270,0.04553552289088167,0.06202000973408448
271,0.04553552724814086,0.0620200238830236
272,0.04553552940566218,0.06202002937629164
273,0.04553552590968448,0.06202003150247037
274,0.04553552572930469,0.06202003947883886
275,0.04553552495213647,0.06202005233313725
276,0.04553552200849191,0.06202005636033981
277,0.0455355288841919,0.0620200584686085
278,0.04553552465933915,0.06202006280284048
279,0.04553553045707803,0.06202007156341326
280,0.04553553164233953,0.06202006971356101
281,0.04553552774050731,0.0620200729041084
282,0.04553552528171337,0.06202008059007822
283,0.0455355319559253,0.06202008361943517
284,0.04553552806112918,0.06202008768245783
285,0.04553552855621412,0.06202008704793036
286,0.04553552775665834,0.06202008643387152
287,0.0455355268330115,0.06202008926877649
288,0.04553552464206875,0.06202009370279304
289,0.04553552415993661,0.06202009528399455
290,0.04553553115093254,0.06202009556287961
291,0.04553553037312467,0.06202009580850314
292,0.04553553165241393,0.06202009922676403
293,0.04553553188780315,0.06202009582897178
294,0.04553552899660945,0.06202009894020323
295,0.04553552889938346,0.06202010057769347
296,0.04553552921664719,0.06202009857176793
297,0.04553552773267167,0.06202009648396787
298,0.04553552747169665,0.06202010188768567
299,0.0455355277991947,0.06202010467141908
300,0.04553552751263391,0.06202010467141908
301,0.0455355274307594,0.06202010532641517
302,0.04553552792200647,0.06202010729140346
