0,0.6252819564971295,0.6260033023881388
1,0.5966097213082261,0.599811967912611
2,0.5693344962629643,0.5720794823143508
3,0.541487227511275,0.5432772747762911
4,0.5163001298576921,0.5199513137340546
5,0.4926904518525679,0.49693298929340235
6,0.4724551809358073,0.47608666662331467
7,0.45312873929084,0.45620139025069856
8,0.4352161053281564,0.4397827632479615
9,0.4173305285992203,0.42255366634536573
10,0.40181331901432393,0.40727108258467454
11,0.38663818466139366,0.39254671105971706
12,0.3726329019518344,0.38133989389126116
13,0.358595766045235,0.36730953461521276
14,0.3467431126141941,0.3556635929987981
15,0.33480353174465044,0.3427351162983821
16,0.3237065543103349,0.3304573757635368
17,0.31284247715394575,0.31931071081659296
18,0.303093131508801,0.31044694240931625
19,0.2935684974213223,0.3017141077217165
20,0.28479367117960375,0.29319046896237594
21,0.2771581512067344,0.2858208167356449
22,0.2691126454334993,0.27814218663907314
23,0.26132377163394466,0.2698072360439615
24,0.25423038509357104,0.26537410824835955
25,0.24786963602425632,0.2592814814422157
26,0.2415451667384132,0.25299128849100283
27,0.23508598413932455,0.24650969479110216
28,0.22920758273084085,0.24260964670351573
29,0.22409960365557408,0.23682898651440065
30,0.2182777800320924,0.2305203690142422
31,0.21310840244149112,0.22741398092482115
32,0.20877316825419337,0.22263896203303074
33,0.2041879582454215,0.21785223901599318
34,0.2005812719587114,0.21263091413529364
35,0.19580387397781834,0.20815326764688388
36,0.191740102656595,0.20432640743124617
37,0.18765192169818903,0.20066036374031843
38,0.18344523362651632,0.19650014367077376
39,0.1806376889081938,0.19407971719136605
40,0.1776025567592664,0.1906355043033977
41,0.17503568366333677,0.18828776286362292
42,0.171853793263026,0.18471390651641312
43,0.16931651955327162,0.1820518264731208
44,0.1668696484763871,0.17942882353787895
45,0.1645476973236917,0.17728715205749312
46,0.16230597196576688,0.1746736449281593
47,0.16023360276697102,0.17216836493257637
48,0.158461963184751,0.16950131805388483
49,0.15662168329683962,0.16842386519515906
50,0.1547431553110153,0.1661450134610737
51,0.15288896266125387,0.16392948891926598
52,0.1514979213537587,0.16310300809013975
53,0.15001067086276446,0.16190951063737766
54,0.14867771318653128,0.16082808019204453
55,0.14740644441405823,0.16008298721287276
56,0.14609555201093247,0.15936809413871922
57,0.14510902521906646,0.1591074243597277
58,0.14393983487612927,0.15790952066635036
59,0.14260413483358347,0.15587328001856804
60,0.14107283726743944,0.15394577764711537
61,0.14001573819748975,0.15252398670865938
62,0.13897398395648042,0.1519676048185799
63,0.13811892529970016,0.15032844765336958
64,0.13711141399363733,0.1481198565932093
65,0.13623586929004108,0.1474463773052116
66,0.13527748665189024,0.14636596675020652
67,0.13428209429340704,0.14555602180925045
68,0.13318803309268512,0.14409370032640603
69,0.13239899657380122,0.1434260793849007
70,0.13163195937810526,0.14290978364482687
71,0.13163378217083577,0.14288037397213035
72,0.1307486485444255,0.14132101051918752
73,0.12989000567736533,0.14030587777577258
74,0.12924342911567663,0.13927336391266232
75,0.12924177550127383,0.13929199294320174
76,0.12833197386730666,0.1380188685770218
77,0.12833195684764248,0.1380191938644582
78,0.12833190811695633,0.1380266629691635
79,0.12833332220747412,0.1379896140155884
80,0.12764679583219382,0.13668790324539928
81,0.12698622894790637,0.1359633283464463
82,0.1266335207242314,0.13490206776903227
83,0.12579629016569355,0.13452333752270584
84,0.12579606538433785,0.13451164289490208
85,0.12579615461220453,0.13449010559981997
86,0.12579620138813669,0.13448767597367475
87,0.12579662275019582,0.13447505884527505
88,0.12579697784507177,0.13446761389355083
89,0.1257970293748428,0.13446691284304138
90,0.1257961716369859,0.13448860496282578
91,0.1257960373986062,0.13450072226779802
92,0.1257961005494408,0.13449336232228593
93,0.12538928520139103,0.1342063749229515
94,0.12539030780381227,0.13418927715047374
95,0.12538958584971643,0.13420046356271256
96,0.12539020191959954,0.1341907821472857
97,0.12538949871988414,0.13420206560128992
98,0.12539146533542936,0.13417604536964342
99,0.1253900967517888,0.1341921155351204
100,0.12538859576682795,0.13423161044880583
101,0.12538941449147986,0.1342744496497479
102,0.1253887032066564,0.13425285008909937
103,0.12465514483667173,0.13321547726025948
104,0.12465586758904405,0.13322612346446777
105,0.12465462785029968,0.13320620116460455
106,0.12465512556545846,0.13321508868382528
107,0.1246558836978543,0.13322630438667077
108,0.12419335818900676,0.13306399719318845
109,0.1241916207965095,0.1330362857820896
110,0.12419144939733567,0.13303270978996387
111,0.12419082569777147,0.13299777743580576
112,0.12419083276456529,0.13300784333394125
113,0.12419110788851158,0.1330228811436957
114,0.12419100786344363,0.1330191014682526
115,0.12419116506250677,0.13302510987025695
116,0.12351429868735127,0.1324740663416438
117,0.12290576023592072,0.13155663394174733
118,0.12290617213123939,0.13157114402933434
119,0.12290575315889257,0.1315255459848341
120,0.12290565836867624,0.13153247461541667
121,0.12290567223105457,0.13153077283321502
122,0.12290590098844124,0.13151966041506646
123,0.12290573347318959,0.13152691502901878
124,0.12290606474258252,0.13151435120092644
125,0.12290572816669777,0.13152748176439122
126,0.12290631157888489,0.1315085828345228
127,0.12290643535267848,0.1315057438767546
128,0.1229056262994533,0.13153445499611424
129,0.12290562170424632,0.1315373754394906
130,0.12290565005329611,0.13154914985400634
131,0.12290586173984704,0.13156168586523323
132,0.12290675954504328,0.13149944815661882
133,0.12290592853921456,0.13151879999581928
134,0.12290621635882737,0.13151041064206714
135,0.12290780385444453,0.13148466010506338
136,0.12290626727453954,0.13150959756675656
137,0.12290617963810871,0.13151156253457724
138,0.12290568071530088,0.1315301019944005
139,0.1229058721941988,0.13152030034625267
140,0.1229058432720274,0.13152178514052879
141,0.12290772647279632,0.1314855153048104
142,0.12290587351442529,0.13152061744623786
143,0.12290689034469343,0.1314973157758896
144,0.12290664272034889,0.13150154494240388
145,0.12290810989113626,0.13148090143043262
146,0.12291233399166511,0.1314457101890674
147,0.12290897628210568,0.1314719529965749
148,0.1229083121262982,0.13147879187222367
149,0.12290740661466351,0.13148980870187937
150,0.12291119939002854,0.13145336819874062
151,0.12291328788090211,0.13143970264674543
152,0.12291869142471434,0.1314120796805882
153,0.12292024223543294,0.13140557067734854
154,0.1229114735519493,0.13145144721800153
155,0.12290594813792588,0.13151788459783728
156,0.12290587488582337,0.13152026501740074
157,0.12290568938376484,0.13152910947062812
158,0.12290563491162854,0.13154851432357514
159,0.12290563708130312,0.13153308902222377
160,0.12290640084768881,0.13157716037316636
161,0.12290701283919779,0.13158946326718882
162,0.12290563536193835,0.1315475745679258
163,0.12290559959301091,0.13154188807603423
164,0.12290567044004962,0.1315512912614005
165,0.12290568978802024,0.13155263017576474
166,0.12290598820526522,0.13156573363876606
167,0.12290578958793329,0.13155820499082188
168,0.12290693307295442,0.131588140011325
169,0.12290600245654747,0.13156668121343132
170,0.122905925653138,0.1315184893229833
171,0.12290567499943651,0.13153133445143045
172,0.12290565344085405,0.1315320147467511
173,0.12290658650837921,0.13158130340769394
174,0.12290683519709242,0.1315860869055921
175,0.12290736319046917,0.13159539296731845
176,0.12290830977752314,0.13160904327018574
177,0.12290612135369045,0.13156995126097412
178,0.1229061477786892,0.1315706608673701
179,0.12290690393074528,0.13158759746987087
180,0.12291078199376608,0.13163673445828014
181,0.12290705432398961,0.1315903293357773
182,0.12290762143803168,0.1315994178978624
183,0.12290812756579655,0.1316067305813124
184,0.12290714484137985,0.13159189191083986
185,0.12290769574426852,0.13160059396382218
186,0.12290844955266668,0.1316108343979487
187,0.12290895974345423,0.1316172046648277
188,0.1229086757361234,0.1316137157257769
189,0.12290668785879082,0.13158317909135922
190,0.1229072792128056,0.13159395498479462
191,0.12291312473570253,0.13165777907348597
192,0.12291347283030768,0.13166056180393304
193,0.12291909122819102,0.1317011124075769
194,0.12292172556620214,0.13171756081283092
195,0.12291914916975977,0.13170145314882745
196,0.12292564574342507,0.13174022347308123
197,0.1229245096424615,0.13173382195060726
198,0.12292941712907382,0.1317602622803751
199,0.1229260294994974,0.13174225766580183
200,0.12292369815858674,0.13172922676408683
201,0.12291801996160667,0.13169404115159433
202,0.12291480774305515,0.13167116455324404
203,0.12290976489228862,0.13162627032251803
