0,0.5883764056238394,0.5919386977734773
1,0.5274709909790011,0.5372839362724967
2,0.47900988034047826,0.49521444478760596
3,0.4339356050806116,0.4523420275553413
4,0.39752363874451746,0.41916450469390204
5,0.36492022427486615,0.3897807267696961
6,0.33737954825235755,0.36511446503193484
7,0.31269247724257937,0.3432941103111143
8,0.2913185083705814,0.3181253428692403
9,0.2717257782926186,0.29650501291389053
10,0.2545878133010165,0.28146837651729584
11,0.2392015270251225,0.2644661865804506
12,0.22547509741666555,0.2509307352745015
13,0.21182006417174795,0.23870575023086174
14,0.20083410844826174,0.2274265992252723
15,0.18914552969279674,0.2182956566305264
16,0.17916319273357578,0.2094579258042833
17,0.16972957117924772,0.20078576113218846
18,0.16108103121988349,0.19303151616907638
19,0.1539660508318606,0.1860381524361994
20,0.14732031230894452,0.1814672817354617
21,0.14045429089468675,0.1743292587444834
22,0.13493664760352056,0.17028046658505563
23,0.12964141571980817,0.1654700474894565
24,0.1247827874492025,0.16177605991454228
25,0.12022119644838032,0.15782615048405918
26,0.11619289175659636,0.1529584037868873
27,0.11081095099503807,0.14984259304954953
28,0.10729129153388053,0.1479481506039915
29,0.10412559763489697,0.14503935092817183
30,0.10099174263534161,0.13980291666382033
31,0.09779808725387514,0.13751138487587805
32,0.09556641409169053,0.13626317530060592
33,0.09265795255120853,0.13474451898313736
34,0.09023696802838872,0.13039396604037154
35,0.08782916498532141,0.1282094916652726
36,0.08554488853813311,0.1260379896418232
37,0.08369790320000031,0.12342517575977938
38,0.08160954142503969,0.1214499365862297
39,0.08010574070905269,0.12023644803253852
40,0.07861490694755884,0.11826942792243283
41,0.07697751433167306,0.11656950970949687
42,0.07557087070775426,0.11391385509025144
43,0.07396476171810572,0.11263404849349805
44,0.07328682046492918,0.11267099867615363
45,0.07176500419951738,0.1115210423671195
46,0.07065197932909636,0.11066973605193198
47,0.06953632380940876,0.11092356338327669
48,0.06851422489099296,0.1077925295609495
49,0.06797132833717359,0.10792840713554103
50,0.06711791044961853,0.10669747438362759
51,0.06597912118116663,0.10589024748491205
52,0.0653032558266538,0.10489587224615009
53,0.064691023903382,0.10237549786941837
54,0.06417972101171872,0.10259510193060598
55,0.06375370335293828,0.10285343671136576
56,0.06332944589837802,0.10304416099603733
57,0.06294827904178782,0.10244436630898196
58,0.06256211947075895,0.10267296062944375
59,0.06218825213720425,0.10096696726775364
60,0.06181654101351508,0.10077777211351888
61,0.06143292601386536,0.10051885831331753
62,0.06105307972942158,0.1008029683675293
63,0.06069820243489535,0.10083959902555722
64,0.06033262032799168,0.10108277089286434
65,0.05999818736685025,0.10044150065590182
66,0.05966292220579966,0.10069001677608036
67,0.05933800373627169,0.10093662610439502
68,0.05901659059698049,0.10029334300602584
69,0.05867931009543499,0.10020337085259835
70,0.05837779739714503,0.0999792561582897
71,0.05809231976463863,0.100223744515856
72,0.05778257945133487,0.09965264842258362
73,0.05747346756900126,0.09975104445449846
74,0.05717713539978184,0.1000463888099741
75,0.05688631536170367,0.09960718918085584
76,0.05660526296078321,0.09972860449013989
77,0.05634440618685577,0.10003323363565395
78,0.05608112520132952,0.10028788623521509
79,0.05579455551340684,0.10054240541269435
80,0.05554227185296692,0.10072127679545108
81,0.05528178474351236,0.10017063368982433
82,0.05502136515608299,0.0997715084357997
83,0.05479173331400767,0.10005030627159969
84,0.05453778629664851,0.09979054501340927
85,0.05428249532901078,0.1000424639787525
86,0.05405905244821878,0.10016224120298158
87,0.05383299299502121,0.09984650673931869
88,0.05361819813400279,0.10004865656525869
89,0.05338778993721669,0.10036077585739447
90,0.05316345720502951,0.10060841289004716
91,0.05294902406804819,0.10026012565535695
92,0.05271252791635227,0.09987142136441948
93,0.05248452553384388,0.09946625887760488
94,0.05228073793619389,0.0997655883623773
95,0.0520860632539392,0.10007204611421279
96,0.05188421999425388,0.10029059824149084
97,0.0516802149962561,0.10052497350894239
98,0.05147299985771357,0.10010823230866504
99,0.05127984486050075,0.10034732229541987
100,0.05108537177058861,0.10001418412075905
101,0.05089078181079409,0.0996837298102353
102,0.05068694987256891,0.09930066290088808
103,0.05050935517953285,0.09959725364435303
104,0.05033198317306795,0.09889675488533534
105,0.05015858176476288,0.0991193823536615
106,0.04998631391436326,0.09879036672899257
107,0.04981388169577605,0.0984211551612648
108,0.04963211049917803,0.09866214178138129
109,0.0494738746013761,0.09838321994807896
110,0.04931179236553491,0.09863252194760286
111,0.04914805217370537,0.09891831774122851
112,0.04899237052113965,0.09914004459531735
113,0.0488141552009449,0.09882908029502015
114,0.04866180678773763,0.09909308602041363
115,0.04850774684045372,0.09874561738789729
116,0.04835710673784259,0.09885555154481984
117,0.04820498328955963,0.09858063901470893
118,0.04805757990932379,0.09886563786953363
119,0.04791318608489466,0.09907985897228608
120,0.04777860408108044,0.09876535361652951
121,0.04763464111345763,0.09902435879769694
122,0.04750440972171209,0.09838136582149436
123,0.04737409637400693,0.09865098597694431
124,0.04723178962582021,0.0983818027813433
125,0.04710772679592107,0.09858309878441303
126,0.04696440146703724,0.09885364101754258
127,0.04684239437389199,0.09913785472441383
128,0.0467151338311395,0.09884319708267551
129,0.04659324118293694,0.09853358353923439
130,0.04647082974707303,0.09810122398851925
131,0.04634423914432644,0.09829536268649541
132,0.04623082317616836,0.0978827339536308
133,0.04611443126662965,0.09807127142962797
134,0.04599891904961263,0.09746793793949662
135,0.04588970944270022,0.09757330928392627
136,0.04577607191725654,0.0974820253499986
137,0.04566971771689451,0.09720473643645401
138,0.04556863644791648,0.09738690935014545
139,0.04547446472900476,0.09763377448341445
140,0.04536961490023098,0.0973557996634475
141,0.04526445892107762,0.09725190368329134
142,0.04517448628546151,0.09700469655976833
143,0.04508371011784965,0.09656331175685172
144,0.04497613473115079,0.09647844495940143
145,0.04488147985520898,0.0962265052974386
146,0.0447900945464181,0.09615974462813819
147,0.04470810244582289,0.09632490495847457
148,0.0446045245416804,0.0964916574758599
149,0.04451831277689844,0.09643617006646388
150,0.04444249841475104,0.09635147367573707
151,0.04435890474502444,0.09627188288394119
152,0.04426319160470785,0.0964407746265035
153,0.04418883206818622,0.0960606811644064
154,0.04409951462767891,0.09622772789874073
155,0.04401590505217528,0.09598050406961904
156,0.04394212968489224,0.09618303268064704
157,0.04385318523679899,0.09593424208350884
158,0.04377431626682691,0.09574086622982893
159,0.04368904144528793,0.09568316676987983
160,0.0436162966265671,0.09583861884691389
161,0.04353665386088657,0.09560560009128455
162,0.04346035598605885,0.09575903753031288
163,0.04339298973345849,0.09554991286005014
164,0.04331803384820776,0.09536096957795646
165,0.04324580993219267,0.09530080742779715
166,0.04316810200232523,0.09491640991409836
167,0.04310265455943189,0.09469868492021266
168,0.04303065466300031,0.09464865530405761
169,0.04296498422235966,0.09444670393840289
170,0.04289474276726733,0.09458568779518828
171,0.04282815382688666,0.09454290870243036
172,0.04276397858671206,0.09468157292070353
173,0.04269478774816253,0.09432483464732523
174,0.04263435468797214,0.09415755265027932
175,0.04256658275074594,0.09409241306686612
176,0.04250572754710874,0.09423284773188441
177,0.04244398045246,0.09389599696884904
178,0.04238076582291986,0.09384741168722267
179,0.04231823264391499,0.09399620707541623
180,0.04226036000687147,0.09394608119897463
181,0.04219965353668759,0.09374960471177474
182,0.04214368608100214,0.0937283194051934
183,0.04208465840087972,0.09351097263456525
184,0.04202964923015515,0.093466021297702
185,0.0419751199717038,0.09342730131870865
186,0.04192013951244167,0.0932463470241561
187,0.04186759288619161,0.09338778066929714
188,0.04181178095710662,0.09321693231923626
189,0.04176386621799764,0.09318656675927543
190,0.04171384007106125,0.09301749235854241
191,0.04166402581466924,0.09285961986777534
192,0.04161442443116484,0.0926204151587824
193,0.04156198952975228,0.09257704668308851
194,0.04151787815492004,0.0925438052901249
195,0.04147179008222158,0.09222185622733693
196,0.0414228864076199,0.0923603593116201
197,0.04137543461616845,0.09219485794512919
198,0.04133266527360831,0.09197692637984722
199,0.04129104116798633,0.09211049353926563
200,0.04124750373855149,0.09205476267506248
201,0.04120401341284791,0.09173702509471458
202,0.04116366384437076,0.09158960566982506
203,0.04112312564429085,0.09156613040376334
204,0.04108074399791226,0.09154552609264932
205,0.04104244080891612,0.09149900361080654
206,0.04099970897856057,0.09118583333000298
207,0.04096328698950854,0.09117112950796423
208,0.04092528258128977,0.09103420757911289
209,0.04088770767651364,0.0908803774585502
210,0.04085343239709682,0.09075308159504936
211,0.04082206228060857,0.09074630050251828
212,0.04078870174539911,0.09060363902371256
213,0.04075173743592614,0.09055512215506853
214,0.04072224105030018,0.09059249633244927
215,0.04069172086343306,0.09045729644308069
216,0.04066148043368501,0.09041784681966933
217,0.04063684196344607,0.09045674863306846
218,0.04060616320716946,0.09033947977055189
219,0.04058034934614692,0.09023570696792929
220,0.04055862852252967,0.09014369917744973
221,0.04055862596075217,0.0901437422916111
222,0.04055863353899113,0.09014377249126404
223,0.04055862923589373,0.09014380051698738
224,0.04055863042253304,0.0901438333410466
225,0.04055863347722555,0.09014383826592087
226,0.04055863094191901,0.09014387267930231
227,0.04055863091772511,0.09014388927860874
228,0.04055862741701107,0.0901439102941051
229,0.04055862679252398,0.09014392557488148
230,0.04055863010438335,0.09014394990568374
231,0.04055862639503255,0.09014395261360535
232,0.04055863050714051,0.09014396825375076
233,0.04055862725192332,0.09014396669479775
234,0.04055862667497013,0.09014398202112794
235,0.04055862829852269,0.09014398832527071
236,0.04055863081838783,0.09014399518871316
237,0.04055862994740767,0.09014401860337745
238,0.04055862728380234,0.09014401815290077
239,0.0405586275653054,0.09014401273705754
240,0.04055862717706457,0.09014401666480927
241,0.04055862975157945,0.09014403719945972
242,0.04055862943108152,0.09014403059921713
243,0.04055862816346383,0.09014403286678514
244,0.04055863100098057,0.09014404037304263
245,0.04055862938710557,0.09014404725673122
246,0.04055862857447538,0.09014404658607775
247,0.04055863018465014,0.09014404403506374
248,0.04055862959232671,0.09014404775782327
249,0.04055862789932345,0.090144052252467
250,0.04055863231058178,0.09014405350772785
251,0.04055863096568595,0.09014405462126572
252,0.04055863278677452,0.0901440612620006
253,0.04055863378470147,0.09014405328502029
254,0.04055863149254355,0.0901440653264138
255,0.04055862857276758,0.09014405917158634
256,0.04055862903501326,0.09014406305884579
257,0.04055862851811785,0.09014406857591972
258,0.04055862627349382,0.09014406055844713
259,0.04055862686951749,0.0901440736577016
260,0.04055862701069598,0.09014406098361613
261,0.04055862926044342,0.09014406989191902
262,0.04055862934697217,0.09014406438496814
263,0.04055862989802367,0.090144065356783
264,0.04055863023958451,0.09014406746238186
265,0.0405586287685958,0.09014406730041272
266,0.04055862904184448,0.09014406487087558
267,0.040558627452448,0.09014407673511533
268,0.04055862719741591,0.09014407641117704
269,0.04055862712454959,0.09014407608723875
270,0.04055862708811644,0.09014407155210273
