0,0.5502834886512867,0.5672201224310061
1,0.44157937081635434,0.4752379855792635
2,0.36690139083742807,0.4068353133658576
3,0.29743245192108936,0.346134374140709
4,0.26401097383942174,0.3163009813366001
5,0.22905531909981683,0.2769979547863601
6,0.1973616634393088,0.23466289617906586
7,0.1751391314252446,0.2143853668084465
8,0.1555233827102155,0.20143123489245005
9,0.1349640786465631,0.18080390390475995
10,0.12015239209446756,0.1687604875977755
11,0.11138727719961576,0.15733827556362784
12,0.10138761238502407,0.1497589875649235
13,0.09182406366235761,0.13973366567515752
14,0.08442263654945532,0.13341992826872376
15,0.07664612908836245,0.12291265290334645
16,0.07079675705525068,0.11278396758014575
17,0.06492047185137467,0.10661205794380017
18,0.06121246703196782,0.10467741557566192
19,0.05697822533001381,0.09836192631598628
20,0.05341993384791907,0.09542624613147868
21,0.050619701561142295,0.09377417184519758
22,0.047874434974071886,0.09202453090114905
23,0.04431299960655149,0.09059916421735789
24,0.0433393213818246,0.08964089779093143
25,0.04176242050912896,0.08886966988835975
26,0.04076032951920496,0.08724665871376362
27,0.038853968347907795,0.08734948640074164
28,0.03640930950049593,0.08726450680889006
29,0.03466891112434507,0.08663941234771401
30,0.03263057504261418,0.08479746509907975
31,0.030728653439919495,0.08196471229737176
32,0.029378118192717833,0.0814072664117579
33,0.027786976181899715,0.07963593001355906
34,0.026498164050281048,0.07926248361465923
35,0.025573069357238073,0.07835629301452483
36,0.024576118006997157,0.07734426029357296
37,0.023460656520056657,0.07498180731354968
38,0.02265537882276098,0.0726890739589154
39,0.021817150971485635,0.07211263394841057
40,0.02102020603842569,0.07112072475508835
41,0.02013228854567523,0.07090840983961376
42,0.019352218848061098,0.07048149001278264
43,0.018734537283628085,0.06935475922892417
44,0.017980178549696753,0.07011075521229553
45,0.017590761343518176,0.06977452722979825
46,0.017147124899792643,0.07022601680659395
47,0.016660760913652192,0.06899383337319659
48,0.01610573326791967,0.06773138381003548
49,0.015444998277298887,0.0678429237803959
50,0.014964685316224899,0.06805497526540581
51,0.014582633499106197,0.06758613663979358
52,0.014249789793543008,0.0676137654173245
53,0.01379381518920287,0.06794978179167722
54,0.01359655839746276,0.06824814626681162
55,0.01318535883768637,0.06751677916709159
56,0.012786887319983965,0.06705569330219821
57,0.012495496773393256,0.06745550256138301
58,0.012189475051383545,0.06702855325939139
59,0.011746251328721926,0.0657183178543781
60,0.011513702233816089,0.06582430637697856
61,0.011244787999103188,0.0663106611938879
62,0.010974504621579907,0.0672796477222152
63,0.01062415852632674,0.06587366331124753
64,0.010354288999864509,0.0655323397814656
65,0.010147981129331664,0.06508676729137158
66,0.009882416917565608,0.06360229101470066
67,0.009571245826512101,0.06303484602621627
68,0.009393382283960285,0.0628438600033607
69,0.009215158581008456,0.06258463046426942
70,0.00899605188005852,0.06073391239912507
71,0.0087633025270322,0.059664008434382215
72,0.008689923678162738,0.059982326440211724
73,0.008470182665774581,0.06054680417675691
74,0.008285112634886392,0.059988669704192386
75,0.008092916189621187,0.05968812796484806
76,0.007840677126425189,0.05966487626217878
77,0.007696664367983468,0.05997515288398012
78,0.0074803760763534404,0.05969850320614824
79,0.007292129826182067,0.059062365144590095
80,0.007154509169063792,0.059100751572681125
81,0.007077489423034439,0.05894664359017245
82,0.007058796477188131,0.058959439569325756
83,0.006873006284752665,0.05879106482777143
84,0.006872952683609034,0.058791941059124345
85,0.006743056857534332,0.05876961024492128
86,0.006615193626825746,0.05853974059637778
87,0.006465451173159273,0.057910327650390274
88,0.0063085742662677856,0.057617804591859244
89,0.006308516352064566,0.05761862234908048
90,0.006199108918091,0.05749223596775559
91,0.006084954129699344,0.05755312425551336
92,0.005965348903882752,0.05730434459976316
93,0.005836984884986667,0.05623769501607868
94,0.005733030336148454,0.056141548680628935
95,0.005645515888611716,0.056043457533218655
96,0.00550793489019448,0.05662187174919211
97,0.005433050310039952,0.05646458290791537
98,0.00528139716293492,0.05698698873087326
99,0.005182333122571693,0.057537641013411245
100,0.005079741878094878,0.057446898433046685
101,0.004989729223004087,0.05753733780811827
102,0.004912050658972731,0.05771268864709738
103,0.004833545963465484,0.05770110578268649
104,0.0047193840529253335,0.058512378051686686
105,0.004634752472043424,0.058270610719970015
106,0.004630359259225123,0.0583801739606653
107,0.004563000108742139,0.057769094491420495
108,0.004562803245594152,0.057772703989369206
109,0.004518856671593245,0.057877710599737155
110,0.004452585441043002,0.05726853728174563
111,0.004452594539227732,0.05726884400349853
112,0.004392201645240873,0.05716436449539355
113,0.004392130717996355,0.057165795548612154
114,0.004332231967201887,0.05675013886125734
115,0.004271519960459005,0.0569439543338358
116,0.0042030917674352585,0.05678626480076978
117,0.004144612547396716,0.057100682670930374
118,0.0041054561320057,0.056717495866354134
119,0.004044684595476795,0.05703843828096959
120,0.003994524646028113,0.05672534874082206
121,0.003909269234716031,0.05569007395146357
122,0.003860803799189099,0.055184980441487626
123,0.00380311731728987,0.05501942497221215
124,0.003756398205448416,0.05498824892513521
125,0.003756389462629283,0.05498830085791666
126,0.003705128906432751,0.05523605139360447
127,0.0036386108277596117,0.055313464062603124
128,0.0036385308142849937,0.05531381057363482
129,0.0036001734233183516,0.055462985853702275
130,0.0035449289294810222,0.054740463225500725
131,0.0035122780188090396,0.05458376645661707
132,0.003512247993191249,0.05458379473534327
133,0.003512193579132803,0.054583831714611036
134,0.0034740760183877774,0.05456164519126839
135,0.0034415804570603974,0.054488359218803836
136,0.0034143991719901194,0.0539095294649792
137,0.0033849329282193783,0.05374664012315388
138,0.0033848541006724826,0.053746643434227914
139,0.003384836974100057,0.05374679214309155
140,0.003339788097466119,0.053477678634455836
141,0.003288108948561247,0.05383811926747086
142,0.0032880414055442907,0.05383853705136676
143,0.0032880104944300052,0.0538390263765952
144,0.003287957649701332,0.05383804156460661
145,0.003254809015140753,0.05329784208757444
146,0.003220909421345274,0.052967368601776615
147,0.003194947717524894,0.05303823582878799
148,0.0031949211548359764,0.053037421503446744
149,0.0031948851702622684,0.05303745193138254
150,0.0031541333433347672,0.05268203386156509
151,0.00313014955529408,0.052681220326195655
152,0.0031089109790165314,0.05267466980909088
153,0.0031044664573014603,0.0526249556281806
154,0.0030816707476066406,0.05246536732529411
155,0.0030608259468133878,0.05256299332951436
156,0.003024737909521616,0.0522355156481529
157,0.0030246988249985926,0.05223545291643841
158,0.0030082717617506316,0.052133907768749904
159,0.0029721560095179846,0.05241542868216965
160,0.002972116182491492,0.05241568862955775
161,0.002971992747880795,0.0524172336205054
162,0.0029720460939923277,0.05241738814536183
163,0.0029449169091548153,0.052767440200663096
164,0.0029074601956390125,0.05290679172621386
165,0.0028764276313359228,0.05259374689996034
166,0.002841157244101695,0.05273725102917635
167,0.002841148492992596,0.05273841703502098
168,0.002836374999581145,0.05276622389270281
169,0.0028148759050795145,0.05288672003124424
170,0.00281482808862461,0.05288725675960331
171,0.0028148532973271954,0.05288797999722474
172,0.0027868913633079715,0.05287040152809445
173,0.00278686408554719,0.05287051756376338
174,0.002765341054283545,0.052831232635146406
175,0.0027653324009818173,0.0528324571495841
176,0.0027652768527990446,0.05283298336914166
177,0.0027652768527990446,0.05283298336914166
178,0.0027652644347852043,0.052833014313256974
179,0.0027652758676806363,0.052833441844338205
180,0.002765256570346715,0.05283386923189324
181,0.0027651972242563844,0.05283623246324513
182,0.0027651874188094373,0.05283659923169578
183,0.0027651634332682643,0.05283667311949662
184,0.0027651943268775566,0.05283674789741927
185,0.0027651473604110503,0.052837174311791614
186,0.002765192995323944,0.05283754457827027
187,0.002765100748313922,0.05283874120807928
188,0.0027650070635462124,0.0528411212415427
189,0.0027649492002924858,0.05284330337995229
190,0.002748702491596165,0.05264438092871984
191,0.0027486415507368945,0.05264452908936132
192,0.002748714302058649,0.052644575214174136
193,0.0027486739247278217,0.05264460650327371
194,0.002748668224504246,0.05264474123082557
195,0.002748668224504246,0.05264474123082557
196,0.0027486078601712213,0.052644955232857865
197,0.002732140109145645,0.05244517358210982
198,0.002732112913964314,0.05244559038803814
199,0.0027320840499024555,0.05244709394972769
200,0.0027320410576387147,0.05244725118498843
201,0.0027320387791432347,0.05244727611022758
202,0.0027320084414242203,0.05244837657841343
203,0.0027320152740643194,0.052448483837973806
204,0.002731958822381949,0.05244950576227292
205,0.002699785024536236,0.05266773437218402
206,0.002699811955168018,0.05266933301592478
207,0.0026998226234296843,0.05266977124524672
208,0.002699808584851945,0.052669840186082735
