0,0.6594265791904795,0.6608609612826463
1,0.6594606802522481,0.6608624140639882
2,0.6594314436008643,0.6609080735143724
3,0.6594350310144844,0.6609159649073423
4,0.6595235494794426,0.6610565244496523
5,0.65965115074273,0.6612249481809008
6,0.6595838906673285,0.6611381998428931
7,0.6594581763659205,0.6609584220818111
8,0.6594246008566448,0.6608896000044686
9,0.6594905573260653,0.6610090490225907
10,0.6594406340967168,0.6608576194925623
11,0.6594344539629234,0.6608577573692406
12,0.6594693029483596,0.6609765006290688
13,0.6596056502107736,0.6611666499258397
14,0.6596740629974303,0.6612538197538355
15,0.6596382063823741,0.6612085038489037
16,0.6594853974305667,0.6610013338235708
17,0.6594388231962591,0.6609237184236337
18,0.659455133335931,0.6609533173697335
19,0.6596122750869164,0.661175223497244
20,0.6596162600831671,0.6611803665265932
21,0.6596577404947072,0.6612332790762514
22,0.6597046952817466,0.6612920273136307
23,0.6599091937417513,0.6615390322365604
24,0.6599174269608089,0.6615487677710397
25,0.6601164837951189,0.6617809674897037
26,0.6600215888612873,0.6616709631877941
27,0.6598398028821736,0.6614564388662905
28,0.6597000606112428,0.6612862728454254
29,0.6595641579274293,0.6611120222689031
30,0.6595053532785111,0.6610306976260719
31,0.6595964444043872,0.6611546654622633
32,0.6595523742201564,0.6610961635034163
33,0.6599137354846839,0.6615444005845668
34,0.6596205413014025,0.6611858914186667
35,0.659505868760439,0.6610314456316141
36,0.6595546852101336,0.6610992832498236
37,0.6597282687550062,0.6613211490950741
38,0.6594708562716023,0.6609789555544382
39,0.6594984655033101,0.6610206978006677
40,0.6594978531638345,0.6610198007835136
41,0.659803647670772,0.6614129729978331
42,0.6596281304136737,0.6611956233506674
43,0.6596862225087134,0.6612690438281049
44,0.6597773312376096,0.6613811139877026
45,0.6597332969962896,0.6613273302932362
46,0.6598213564727332,0.6614343036007095
47,0.65951837934963,0.6610492503905034
48,0.6595108885686476,0.6610386397812392
49,0.6594477854259722,0.6609404918911693
50,0.6594389433880429,0.6609239273673886
51,0.6594288350789101,0.6609018097867022
52,0.6597267257479521,0.6613192489513984
53,0.65949953101821,0.6610222599663578
54,0.6594567247308217,0.6609559861513284
55,0.6594225600525573,0.6608678246592428
56,0.6594338839525705,0.6608578405537449
57,0.6595250264137655,0.6608952274034311
58,0.6594649190594862,0.660863995879561
59,0.6594219340400381,0.6608722701177492
60,0.6594241516111972,0.6608639022151193
