0,0.16797856324165877,0.7941241933219823
1,0.08608151432577037,0.7849197587741791
2,0.07304099514990428,0.24488414381781481
3,0.07745949297181665,0.23355393580548736
4,0.08059614799720613,0.23348019862301392
5,0.08197559402961091,0.23388819188457058
6,0.08308930097651585,0.2291724950984661
7,0.08556564810262816,0.22591503719511136
8,0.08667535922235908,0.2276528567499189
9,0.08500527492178303,0.2327940832850863
10,0.0828100475387533,0.23243652317872937
11,0.08279896607328277,0.23567477047384505
12,0.08206671166411328,0.22139516478086585
13,0.08046858340553334,0.2033838336766124
14,0.08000927918897746,0.20363159878079365
15,0.07924252341290379,0.20581644683981376
16,0.078242611268917,0.17013355014991066
17,0.07855834459875306,0.17380191839001888
18,0.07901478047179764,0.1757439830579518
19,0.07876257035070405,0.17763613987088162
20,0.07979337605159652,0.1790339555791165
21,0.08014313195388473,0.18138265989436939
22,0.07964995150435009,0.1806529520996248
23,0.0798527549717541,0.18310747566274987
24,0.07936127169913879,0.17933648585467246
25,0.07899545326323376,0.18156493834594617
26,0.07791848893276819,0.17977778684785264
27,0.0789123954709745,0.1817942921489637
28,0.07893928151203046,0.18233957904507497
29,0.079383049265304,0.18574586260822645
30,0.07918723570740568,0.18465754979104185
31,0.07968449537673593,0.185283706642743
32,0.07865050817727559,0.1852750015463572
33,0.07802555536069561,0.18450717622971247
34,0.07827352707320545,0.17218815936635176
35,0.07865600698132871,0.17347808979528795
36,0.07809265547190174,0.17348855376068378
37,0.07754552157330688,0.17246181206039907
38,0.07776381714720255,0.1727881209658119
39,0.07787111260743193,0.17300415866930002
40,0.07767203166327954,0.1736706636685448
41,0.07744614383893146,0.1677626221125508
42,0.07750983513487009,0.1670915523201963
43,0.07753989814050033,0.16669526493626516
44,0.07735198596482444,0.1678653067652052
45,0.07783327952886904,0.16882290448061055
46,0.07753664735985329,0.17027013929691004
47,0.07759381314886273,0.16538781203184977
48,0.0778357717924839,0.16603394724016832
49,0.07833295265788862,0.16537746043434967
50,0.0783112426064766,0.16578317958574193
51,0.07831682478738246,0.16692317987670116
52,0.0777203929677611,0.16724115242583198
53,0.07722826603726336,0.167605603739399
54,0.0771004733122665,0.16882737985981477
55,0.07692774910174296,0.16811556293693067
56,0.0769595447372071,0.1694517900933284
57,0.07714813920402061,0.17005216920227761
58,0.07704794876709145,0.16965740580121288
59,0.07763461529137253,0.17094719942434355
60,0.07746771328536929,0.17073593830319933
61,0.07752280888024052,0.17073692350880876
62,0.07751053074237997,0.1711460377242251
63,0.07763028836282947,0.17120427601690866
64,0.07782106693986655,0.17068340239675078
65,0.07775544368967659,0.1712471109845623
66,0.07766854605960473,0.17136094981394306
67,0.07774390565978159,0.17147795848141562
68,0.07784335221507986,0.17140475449986162
69,0.0779393785318533,0.1716486022585954
70,0.07814167120822306,0.17192640130181197
71,0.07825235087326471,0.17213386604802072
72,0.07818389127279975,0.17210800036584264
73,0.07767189315076486,0.1723673181022074
74,0.0777784855669262,0.17288676468367142
75,0.07781706270459454,0.17353138753602113
76,0.0775956652662448,0.1732661181512266
77,0.07761363215333454,0.1732660423121948
78,0.0775509707642386,0.17067552603249125
79,0.07763526086367134,0.17071816156654795
80,0.07727950711160556,0.17081275865042614
81,0.07754918795259715,0.17131163823906534
82,0.07736937250526148,0.17076960949789372
83,0.07735544994321568,0.17108388493389956
84,0.07732600157371423,0.17139647492732196
85,0.07705753982360351,0.1716228261273941
86,0.07675871997407528,0.17147861558270944
87,0.07665953038295341,0.1712842051443167
88,0.07663850218363298,0.16973617986144193
89,0.07636588705833608,0.17034089804557054
90,0.07618959622772366,0.17060175446753675
91,0.07593692281608042,0.17070102707755788
92,0.07561298888806939,0.17075129611723225
93,0.07577150073335279,0.17083082308607106
94,0.07587853988338394,0.1711618331958096
95,0.07605420944157772,0.1711289047060646
96,0.07591987603764727,0.17058787903091094
97,0.07590709001956565,0.17099453263902473
98,0.07600139137496534,0.17087256909911494
