0,0.4185414357526521,0.4746053046437854
1,0.28006316775737694,0.3458596802577745
2,0.21278627389873445,0.29173313984046617
3,0.15861176681638783,0.25379508397319844
4,0.11941513700597443,0.21247368865082744
5,0.09700532563140019,0.19431437119933184
6,0.08550391759277119,0.17448454464646615
7,0.07120431593020417,0.17200595933427137
8,0.060649096166537415,0.1649030418206932
9,0.05348392948280555,0.15146535471511563
10,0.046405577569890284,0.14262971647953715
11,0.04157217878115097,0.135972318757204
12,0.037260104881594994,0.133714915645392
13,0.03346182312702528,0.1321415088492041
14,0.02989169710752962,0.13114928806376736
15,0.02835010660728007,0.12976243009797028
16,0.026703500044862296,0.12526493094547886
17,0.025026601551938574,0.12273185928710935
18,0.022827870430525,0.12284005326847701
19,0.020860931210727646,0.12137979655454072
20,0.019272256622371017,0.12357638680878649
21,0.01794642130166866,0.11833483471406646
22,0.016599144957092086,0.11800396284084544
23,0.015340693817305445,0.11636057899899137
24,0.014434844429358785,0.113058474049169
25,0.013480161959965757,0.1075438987477662
26,0.012623136329992896,0.10676108562910647
27,0.011779264991244525,0.10551588820165456
28,0.011414535931416293,0.10368021402358842
29,0.010758031579189932,0.10385756617649147
30,0.009990516441622589,0.1062229958184423
31,0.009388775592055035,0.1074329489743068
32,0.008884777347551553,0.10555819306869398
33,0.00863132258241855,0.1057390745613384
34,0.008050135506244723,0.10105708129918535
35,0.007519891810339299,0.10124067581673601
36,0.007256453879311918,0.10060297110799901
37,0.006993505605573318,0.09673176890873
38,0.0066653009384391206,0.0941464298416857
39,0.0062916330631832594,0.09554486538281974
40,0.006031428866869995,0.09499321423392854
41,0.005697508390097991,0.09382635787484123
42,0.005666290906549393,0.09443274326845627
43,0.00543623065409731,0.09458626452616094
44,0.005252114020363134,0.09437343813749807
45,0.00503825463202593,0.09487019884995139
46,0.004861175107458278,0.09370660431743881
47,0.004771381598446987,0.09366585333410571
48,0.004621870206423619,0.0922473808494303
49,0.004329803343099476,0.0880361438448374
50,0.0042070374651333835,0.08516542904699247
51,0.004080916124792806,0.08521856805248426
52,0.004015291139994655,0.08549770772243201
53,0.0039012862755381903,0.08599667608223314
54,0.0037829864429751716,0.08560386315165303
55,0.003700307993719828,0.0847431142285161
56,0.0036344632680993527,0.08460388474168774
57,0.003545339869233964,0.08471626190033339
58,0.0034716549383682453,0.08480520608395703
59,0.0033470085466751364,0.08232328514730358
60,0.003271626010014844,0.0820929172111957
61,0.0031717562251954855,0.08141008709212992
62,0.0030894536668181986,0.08112387078426918
63,0.0030411622820528507,0.08051085949154252
64,0.002997120617654614,0.07928565901787049
65,0.0029262392949964736,0.07962489033614262
66,0.0028725288508981944,0.0798680986652786
67,0.0028317770125141735,0.079499942640133
68,0.002755964793838973,0.07893919182765514
69,0.0026847543682681605,0.07938345970841773
70,0.002630063130064585,0.07862417801341935
71,0.002580169102065732,0.07854475230127708
72,0.0025293351126357134,0.07894730226957931
73,0.0024675784053617956,0.07841924453373648
74,0.002467350825718046,0.07842905536572982
75,0.0024673139516629672,0.07842928903914508
76,0.0024227207367311853,0.07817431174354816
77,0.0023839582908559307,0.07873508166386155
78,0.002337316205414965,0.0792361631820973
79,0.0022997395831748303,0.0786630474831894
80,0.002253281448885638,0.0782617757575203
81,0.0022530919962915853,0.07826843648306646
82,0.0022530508686654316,0.07826824113536411
83,0.002199645056797722,0.07855860919279575
84,0.0021996048225310784,0.07855808972289224
85,0.0021995858660819973,0.07855757036184469
86,0.0021995190153306027,0.07855585173530201
87,0.002199367473998066,0.07855725982470374
88,0.0021586881434847486,0.07901189931219862
89,0.002138012439557744,0.07918844232686928
90,0.0021380209912451194,0.07918838203875059
91,0.0021379609558067267,0.07918925841078718
92,0.00213771912453666,0.07919050794069672
93,0.0021377374782375843,0.0791905077041382
94,0.00213771463009403,0.07919050746504727
95,0.002137711307632055,0.07919066953423268
96,0.0021376726362553385,0.07918930776537052
97,0.002137555101752471,0.07919067398325133
98,0.002137433141154723,0.07919112804120904
99,0.0021161091358130194,0.07924268871062859
100,0.0021161089019505774,0.07924163407536004
101,0.0021160518298727407,0.0792405798689116
102,0.0021160244376890757,0.07924025872559858
103,0.002096309160932097,0.07938531928639389
104,0.0020962712360793057,0.07938479060132157
105,0.002096147432992056,0.07938289338194802
106,0.0020956567775450696,0.07937533395126704
107,0.002070757458693078,0.07956549913953476
108,0.0020707587923458662,0.07956666963283934
109,0.002070677508834168,0.07956609075156097
110,0.002070584967690446,0.07956323348373429
111,0.0020704584265660614,0.07955829270346378
112,0.002049927817277461,0.07988170754057188
113,0.002049959875538081,0.07988170034944991
114,0.00204990647684041,0.07988130410297692
115,0.002049886920916464,0.07988088207818263
116,0.002020254167033619,0.07996982748749012
117,0.0020202202323586784,0.07996702916129647
118,0.002019813698278125,0.07995830361337891
119,0.0020197396950647098,0.07996281900939932
120,0.002018891202952214,0.07993559062437079
121,0.0020181039662551803,0.0799061765154197
122,0.0019905971374607778,0.07999116718316693
123,0.0019905461481190857,0.07999126166651224
124,0.0019905074480654895,0.07999054118348778
125,0.0019867861664105116,0.07997984739454193
126,0.0019454882348703178,0.08048029665468868
