0,0.5766385478903437,0.5691035240888596
1,0.5122912679149936,0.5122904926538467
2,0.45375245292204225,0.45912845108820044
3,0.41226454330539936,0.42331731902516406
4,0.3728675229479456,0.3880897669688515
5,0.3729035471062788,0.3882429418356522
6,0.3729451085944048,0.38839796833370044
7,0.37286446926646244,0.38807545343170996
8,0.37284340696696255,0.3879704572584318
9,0.37287865961676414,0.3881395297205966
10,0.372920556289934,0.3883086248584416
11,0.3728948105081078,0.3882078379392624
12,0.3728309577572317,0.38789957761764526
13,0.37279725111201223,0.38761464862719824
14,0.3727945984867208,0.38756444661513617
15,0.3727942463238257,0.3874031538548677
16,0.3728074229579683,0.38725621285645856
17,0.3727981260907096,0.3873399010171061
18,0.3728327661534102,0.38712852869344794
19,0.372847430061886,0.3870778019013612
20,0.37283719103318846,0.38711216851421026
21,0.37279991189833084,0.38731988875762274
22,0.3727942543391202,0.38755631058112433
23,0.3727951209381915,0.38757750262384827
24,0.37279478611747907,0.387569731992224
25,0.3727937181887825,0.3875412915063941
26,0.3728168460296827,0.387806492007297
27,0.3728017965126737,0.38767377449118573
28,0.3727990005593428,0.3876397389432658
29,0.37281145895022927,0.38776515942552814
30,0.3728602342762982,0.38805533751197485
31,0.37281821139867266,0.3878163922092189
32,0.3728004121255758,0.3876578425583632
33,0.37281314085048683,0.3877785685269729
34,0.37283642542682827,0.38793174987253937
35,0.3728742893867213,0.38812026316704956
36,0.3728499670483372,0.3880047130843867
37,0.3728809761097495,0.38814954459667206
38,0.37288929722419867,0.3881850696128348
39,0.3729064919254891,0.38825446108113165
40,0.3728474440522182,0.38799148668413574
41,0.3729342120200906,0.38835900114930194
42,0.3728678635250968,0.38809117869190546
43,0.37298365808057904,0.3885287389807079
44,0.34687571610098655,0.35961226665455365
45,0.3469175942661127,0.35976598962493567
46,0.3468725103475062,0.35959978919962177
47,0.34687235230047136,0.3595992929261664
48,0.34687234639829995,0.35959921518097754
49,0.3468830694050544,0.3596403041611547
50,0.3468441052366877,0.35948572210643603
51,0.3468742897428918,0.3596067629430605
52,0.34680182259065306,0.35929413982059644
53,0.34675710832285705,0.3590352800877198
54,0.34676539336848083,0.3590909605440886
55,0.34677798423032596,0.35916738147320953
56,0.34673773732336927,0.3588730854832608
57,0.3467246510070227,0.3585599414680315
58,0.34672631862548275,0.3585075470416442
59,0.346724466764548,0.3586353918780451
60,0.34675860139006215,0.35823609841906506
61,0.3467493765875879,0.358285124535146
62,0.3467312443518697,0.3584294494079507
63,0.3467258763269574,0.3585186121256455
64,0.34672425479644087,0.35859037676583166
65,0.34674458078183873,0.35893815561481146
66,0.34675841335853913,0.3590446108061334
67,0.34673096804280734,0.35879190201344696
68,0.346734350059901,0.35883572438488837
69,0.3467261606148811,0.3587042870728866
70,0.34674729257457704,0.358297863084337
71,0.3467299408828134,0.3584458154180776
72,0.34672934458133353,0.3584540279015251
73,0.34674384206314834,0.35893167037030926
74,0.3467363798968075,0.35885911402495013
75,0.3467260550315922,0.3587008572143057
76,0.34673790068964505,0.35887511657631915
77,0.34674750665580734,0.3589628973732824
78,0.34672444388452545,0.358642129794411
79,0.3467257992708304,0.3586947801320449
80,0.346739775102704,0.3588942574418109
81,0.3467248592225147,0.3585505336523056
82,0.34676329081099305,0.35821418917697406
83,0.34674855545709654,0.3582894905753758
84,0.34676151305509956,0.3582224191530891
85,0.34680511020943705,0.35806816945905273
86,0.34677899412100355,0.3581510257461797
87,0.3467393977644974,0.35835170357123663
88,0.3467307067077725,0.3584355783203374
89,0.3467246941074474,0.3585577211950136
90,0.34672521153114244,0.3585367222195086
91,0.3467266990969408,0.35871660191079846
92,0.346724811713678,0.35865846729796863
93,0.3467261905629361,0.3587054798136587
94,0.3467266324971299,0.3587154622959054
95,0.3467371402567931,0.3588672494110854
96,0.3467454109477531,0.3589453645374464
97,0.34672768807498633,0.35847990344399994
98,0.3467336888345355,0.35840208958024566
99,0.3467327979345485,0.35881711736969324
100,0.3467241570827139,0.3585985283488813
101,0.34679049304470166,0.3592362507529881
102,0.34685002941374093,0.35951042304868286
103,0.34674722349731146,0.3589608591535817
104,0.34672924766913604,0.3587663601274076
105,0.34672994820587794,0.3587766503510268
106,0.3467485693381293,0.3589714661888454
107,0.3467496689636725,0.3589803855056348
108,0.3467286574519934,0.35875633164592413
109,0.34672588022530515,0.3586967768876449
110,0.3467689482973374,0.35911379948906275
111,0.3467674027299531,0.3591041130864102
112,0.3467724501795174,0.3591351120368294
113,0.3467517848556957,0.35899657270182733
114,0.34674104836867314,0.3589061291321464
115,0.3467242848902285,0.35863014731718146
116,0.3467328875601146,0.35881809631119604
117,0.3467282393450842,0.35874846707219665
118,0.34672435542482033,0.358634185531865
119,0.3467243079159837,0.358581208664438
120,0.34672669239323994,0.35871723877347034
121,0.3467419986182728,0.358915318613467
122,0.34672469898949043,0.3585568368434906
123,0.34674422832747837,0.3589351591856583
124,0.3467347456511192,0.35884083613105444
125,0.34672453984946083,0.3586479684580927
126,0.34672775726155136,0.3587397187948227
127,0.34674124051714295,0.35890819844992267
128,0.34677647232717873,0.35915886319201923
129,0.3467990664951959,0.3592804443577062
130,0.34685277399632053,0.3595217395087947
131,0.3468022037543411,0.35929623958857165
132,0.34681176818670445,0.35934234054192254
133,0.3468383177568394,0.35946144034033234
134,0.34675502747953085,0.35902078255363135
135,0.3467419599262601,0.3589147102573644
