0,0.2185047768245868,0.48229834102108204
1,0.1332990917336775,0.38981889440015577
2,0.0982592635641407,0.23892021734501317
3,0.09668650139159385,0.2265932146114036
4,0.09199679950437147,0.225468389945385
5,0.09104098509490363,0.22601706810376107
6,0.08693554343046327,0.22679882163150272
7,0.08583702957313993,0.21328289409678328
8,0.08204102281348576,0.20415467174230073
9,0.08286621163965416,0.18773929146419158
10,0.08466552914662852,0.17698212355432444
11,0.08518251694174267,0.15952909433665022
12,0.08423444019640505,0.14629604886502234
13,0.08344864896772017,0.1492456633776695
14,0.08222590601783158,0.15075878363583617
15,0.08284011119107147,0.14809988902964955
16,0.08280875897932838,0.14526363503130857
17,0.08265510451269084,0.14644843059192644
18,0.08192908127129431,0.1451384860790024
19,0.0822794350604531,0.14675559896307663
20,0.08185138542517044,0.14382230406524835
21,0.0819874138980496,0.14425842008472925
22,0.08285545741049576,0.14341592320975002
23,0.08373217295979352,0.14346013877290525
24,0.08296404020414025,0.1419448460192806
25,0.08326430198397938,0.1408330044415671
26,0.08344282567888851,0.13979628138062328
27,0.08346372229706617,0.14168088584078897
28,0.08387507699408026,0.14162353807167025
29,0.08365831064099502,0.14466775384395136
30,0.08350906503548854,0.14380045966132649
31,0.08306222747046918,0.14503426778848313
32,0.08296838387373102,0.14602592169793657
33,0.08355095412594522,0.14582600127884393
34,0.08306680586127911,0.14606863109689933
35,0.08358032757577848,0.14500621910564776
36,0.08394745302520115,0.14509058576543846
37,0.08398906158500166,0.1441469990609325
38,0.08394130768689854,0.14563927517029462
39,0.0835682874398884,0.1462379959071291
40,0.08372283973330016,0.14572315905505678
41,0.08411493998975932,0.14550246220909854
42,0.08391737359512605,0.1455066413185571
43,0.08381396402701224,0.14564208751842903
44,0.08354684547047744,0.1461716326396051
45,0.08352428744868734,0.14475681309561844
46,0.08326972714833236,0.1446280323683367
47,0.08322460457088648,0.1448689565975602
48,0.08338015684565754,0.14426175565213709
49,0.08293039710420823,0.1452369957810275
50,0.08304359555918228,0.1455667636103665
51,0.08318919476948931,0.1448709830315815
52,0.08328816979279383,0.1455629381511516
53,0.08345233747307157,0.1450391969367926
54,0.08337824173467707,0.14623022371918318
55,0.08384815357234589,0.1458713761192047
56,0.0838314138814808,0.14654201638552405
57,0.08385793925099222,0.1461552367175602
58,0.08389686177370868,0.14476762924492964
59,0.08407420329518375,0.14419844573007365
60,0.08435652425853002,0.14545225983411206
61,0.0844049268098582,0.14540661937418664
62,0.08455591581693764,0.14507525051271622
63,0.08465580158645725,0.14434731216351657
64,0.08429979315684283,0.14429664668054418
65,0.08442135510540254,0.1441770506486002
66,0.0842484520043017,0.1427024731999649
67,0.08402702518675723,0.1436239305445002
68,0.0839403468926615,0.14411502302433227
69,0.0837486939740632,0.144076460662073
70,0.08397148565416086,0.14383975326744614
71,0.08393031377606823,0.14357931126859336
72,0.08401918530774848,0.14427016208355448
73,0.08412599253498655,0.14403454462384396
74,0.08381297531099664,0.14457678656281134
75,0.08399373599853067,0.1449466728964107
