0,0.16311369804897247,0.4966173938177043
1,0.11938765823205541,0.1309701230263425
2,0.11077303551148526,0.14778868282771657
3,0.10567454673216056,0.16175772544425177
4,0.10478168602255619,0.15264275680426853
5,0.10906803036043129,0.16478078916115832
6,0.10406201380126096,0.15479555198492945
7,0.10858859777185718,0.15939510986883398
8,0.10787121513627987,0.16848178225656776
9,0.10855587223513574,0.16602436720215658
10,0.10844561760131557,0.1646037397548578
11,0.10776882069464175,0.16125091470622022
12,0.10760298207969504,0.15961805336516532
13,0.10849018196398369,0.15994268883028334
14,0.10863342861402774,0.15819714284516304
15,0.10921123421648828,0.15703650486815124
16,0.10935784288588216,0.15979083571296082
17,0.10873151586551287,0.15781849145001042
18,0.10825329770388122,0.1552118195001446
19,0.10898092261801265,0.15519208799052128
20,0.11087000631671924,0.1546948523204541
21,0.11136815189308578,0.1568613798096285
22,0.11105760546483297,0.15638205844187264
23,0.11029537176971628,0.15831258906081916
24,0.11001309899031565,0.15602972996792472
25,0.11002028591414705,0.15645059993175814
26,0.11100199165021919,0.15547859450933146
27,0.11108344350674736,0.1542407952044997
28,0.11143570171307537,0.1568521549121991
29,0.1125148695639063,0.15986306779724704
30,0.11270864352873759,0.15967605185536476
31,0.11189810191343891,0.15668605841766653
32,0.11338121965931063,0.15763623687608902
33,0.1132986330229815,0.1568179744159586
34,0.11353394309419974,0.1563850177359686
35,0.11334965670861674,0.15532783313466328
36,0.11348485305155118,0.15515129353102866
37,0.11382930547614169,0.15416915974490444
38,0.11389598681322753,0.15396390893745368
39,0.11465574743480411,0.1524758399260044
40,0.11489545885392931,0.15171912621523237
41,0.11536436831908811,0.15320751434218077
42,0.11560308162210771,0.15436939546516026
43,0.11557119869803334,0.15257718040683252
44,0.11591319412678186,0.15383418808544638
45,0.11595382446244212,0.15385742297551946
46,0.11611448037198342,0.1542014810073284
47,0.11563936559824398,0.15305570149427689
48,0.11519804739561064,0.15308101145920838
49,0.11517988373712872,0.15323765984972554
50,0.11548679379997655,0.15336581438899585
