0,0.5979321996128064,0.5976561962262444
1,0.5445494889338617,0.5549502806819003
2,0.4985134774286182,0.5186481631320455
3,0.45671317892144536,0.4810755589733953
4,0.4204131812950218,0.45341363549232483
5,0.38759780870090194,0.4233809424483258
6,0.3583439218385878,0.39674726582091785
7,0.3321430529023732,0.3730347175960955
8,0.30823039498480725,0.35076427718867426
9,0.2874129051684167,0.33545270691747253
10,0.26737319778259344,0.31597147104532824
11,0.2493064204244567,0.29927507042884827
12,0.23302172925915288,0.2834597103621649
13,0.21817922617666297,0.2689323292478271
14,0.20397105991548897,0.2564177963396777
15,0.19202920089505413,0.2447963067046974
16,0.18005580992453837,0.2350191841630832
17,0.16950191018196656,0.22472982594500418
18,0.15963917768453328,0.21604017362646435
19,0.15067502976483996,0.20726363943970721
20,0.14233662315569182,0.19925219614220702
21,0.13449620541121382,0.190948818364869
22,0.12790439082969954,0.18444407585522402
23,0.1209051256730679,0.1770844394746034
24,0.11445844320985682,0.17114289072544678
25,0.10902269144512913,0.1657125071986862
26,0.1037134660321372,0.15849279620401238
27,0.09847633358464555,0.15306411651165588
28,0.09361759258985228,0.14842417487955611
29,0.08919566499028346,0.14529672200265137
30,0.08501812221805741,0.140917109730451
31,0.08100856293202321,0.13692869383679784
32,0.07715527856298939,0.13157343678176403
33,0.07349660626469148,0.12886213495031648
34,0.0701624222036023,0.12411362819535576
35,0.0669753668114798,0.12284027833653532
36,0.0640839056355519,0.11859482632059118
37,0.06134291405363742,0.1173456814949927
38,0.05868967341983231,0.11648320102983195
39,0.05627714814777625,0.11391153239199649
40,0.05402884599559173,0.110087508821617
41,0.05206734768609109,0.10911199725840402
42,0.05002399096333748,0.10842433150695718
43,0.0481313253208667,0.10452375099386858
44,0.04644250876126779,0.10354254338080468
45,0.04473786592519954,0.10314855872369978
46,0.04303467865978666,0.10301003084801462
47,0.04144413644461585,0.0992938786259164
48,0.04013109920104661,0.09612310882252843
49,0.03873054486697125,0.09275492386001608
50,0.03744587082242762,0.09273065663064303
51,0.03631432412743277,0.0913783844317431
52,0.03529968100638655,0.08924955988059873
53,0.03433497214330073,0.08685493592739753
54,0.03323915833493463,0.08602822845315804
55,0.03240216118317726,0.08408158116609506
56,0.03139582047726239,0.0837808816248308
57,0.03054348127529353,0.08264749414166031
58,0.02963387900690177,0.0820395080068999
59,0.02894956541013127,0.08009790048084181
60,0.02825662678604021,0.08014556731137892
61,0.0274787575511995,0.08036642302961453
62,0.02683068649424354,0.07835033520772729
63,0.02611833563857783,0.07811672849904584
64,0.02548042677279134,0.07762339128100354
65,0.02480531378232471,0.07729672770137372
66,0.02436475134579907,0.07629633711084076
67,0.02380880961208297,0.07649364231316291
68,0.02332050892954788,0.07597596302588025
69,0.02277077392681814,0.07595210253139553
70,0.02226164523161456,0.07541287787582564
71,0.02185161752469182,0.07544773977006906
72,0.02150032381996203,0.07465597526575236
73,0.02109656181450578,0.07481128453155575
74,0.02072689720955484,0.07489314511337358
75,0.02041371747814939,0.07399673827761866
76,0.02005011053735386,0.07354634515333759
77,0.01976083293739333,0.07243343168343215
78,0.01938525872694415,0.07268423901911339
79,0.01906563925686632,0.07262494143746469
80,0.01874674148265555,0.07274021382403115
81,0.01848952274844688,0.07262562867254019
82,0.01820256065663797,0.07208147946664173
83,0.01782825966889362,0.07204765078368718
84,0.0175677770008686,0.07227275812107584
85,0.01734265321546888,0.07222075531583118
86,0.01709219989079918,0.07159708986443508
87,0.01683480974997241,0.07121301084534144
88,0.01660149654346202,0.07110249321988743
89,0.01641019570759627,0.07021451681224711
90,0.01620481267553233,0.07016405750207765
91,0.0159964345317006,0.0700856613288836
92,0.01579690961996071,0.07051834322350181
93,0.01563962022625912,0.0703415019619886
94,0.01545001562965993,0.07041184091434369
95,0.01525820918781979,0.07103341661960534
96,0.01505141470252256,0.0707149415317437
97,0.01489380554041044,0.06993593460293082
98,0.01475725396084292,0.07019166598025628
99,0.01459475893904125,0.07024771772810946
100,0.01445169518456947,0.06952295820076909
101,0.01428840129407382,0.06964925060595345
102,0.01414569127168461,0.06902232058548732
103,0.01400209747255987,0.06969253347842427
104,0.01387033251047016,0.06982884541123538
105,0.01376723335636893,0.06960511795984095
106,0.01363327637403602,0.07027155649089052
107,0.0135120749817979,0.06969332806867264
108,0.01339328669160741,0.06909814780659002
109,0.01329259097366651,0.06904456441027476
110,0.01317964947621923,0.06809141461322409
111,0.01303047106503384,0.06736120854443668
112,0.01294066753832755,0.06716865980896451
113,0.01282102236291394,0.06780983281129485
114,0.01271006289623623,0.06761812019344095
115,0.01262006139260897,0.06758518516764288
116,0.01253046701044017,0.06728459252601328
117,0.01242971325305707,0.0663960168806269
118,0.01232709105295632,0.06631620625114959
119,0.01220816292732836,0.06692858317704953
120,0.01212438104263209,0.06628928864729064
121,0.01202837878187508,0.06611354478240095
122,0.01195305741086379,0.0658247830300673
123,0.01187639021739355,0.06578905653188248
124,0.01179834698884199,0.06552267173284908
125,0.01172562375007776,0.06532450986433895
126,0.01162410803007709,0.06594398992551166
127,0.01155352923156088,0.06591378184258127
128,0.01146556457124928,0.06584102507938792
129,0.01136319113090921,0.06643980338096457
130,0.01129202886648513,0.0658471564263733
131,0.01122696572615285,0.06557099117629189
132,0.01115827787722163,0.06532332065019189
133,0.01109460362220128,0.06513819570587341
134,0.01100507600848907,0.06574987239867408
135,0.01091586427622495,0.06634115939200654
136,0.01085078390329407,0.06577846987815776
137,0.01077103175531417,0.06570788207160227
138,0.01071335538390063,0.0655378948431462
139,0.01065223383111538,0.06530922588274773
140,0.01056937103300335,0.06589437130605802
141,0.01052338498161222,0.0657972468230266
142,0.01046750535303271,0.06557737236068098
143,0.01041251009692777,0.06540239053403797
144,0.01034156465646754,0.06535066866174179
145,0.01029795283109546,0.0652621527817404
146,0.0102239870701115,0.06586224319787858
147,0.01017626746072921,0.06553304447721608
148,0.01012358056098988,0.0653106774729879
149,0.0100738237682254,0.0651517657502352
150,0.01002467297243004,0.06494018661981935
151,0.0099849810430007,0.06486094680883031
152,0.00992039108775843,0.0648056561312051
153,0.00985159267536774,0.06535829432212505
154,0.0098140622111445,0.06529574823165919
155,0.00976894349332279,0.06508306462479674
156,0.00972352002893659,0.06493180605922015
157,0.00967501729638839,0.06490596691551416
158,0.00965145957348231,0.06462909309345338
159,0.00959262569804396,0.06459641779909599
160,0.00955811775662916,0.06454668095229073
161,0.00951468114713252,0.06433461012531315
162,0.00948169454049847,0.06427629128903271
163,0.0094597753987552,0.06435343293275725
164,0.00943811901094743,0.06406258977443466
165,0.00940657001747841,0.06402124751374409
166,0.00938618808306189,0.06409926822348296
167,0.00934527375710295,0.06389130416842502
168,0.00928337787598779,0.06442496716424459
169,0.00926112969814968,0.06439961756468224
170,0.00920913771327419,0.06436845608455453
171,0.0091704796007174,0.06387844997832713
172,0.0091512191248403,0.06362413232589302
173,0.00913235600078524,0.06367625177169786
174,0.00911351730765247,0.06340486837080275
175,0.00909493456684021,0.06348211475288616
176,0.0090769748430452,0.06353669931084606
177,0.00905913383149756,0.06361937219828731
178,0.00904135666699388,0.06338367088882597
179,0.00902396473829511,0.06346379103564212
180,0.00900671891118104,0.06320965169921376
181,0.00898976568344691,0.06326756794537093
182,0.00897304339930392,0.06335538678926557
183,0.00895633098904458,0.06319131688518531
184,0.00892865836713122,0.06338477392779643
185,0.00888484500862048,0.06339525483908011
186,0.0088686993780966,0.06345601521784176
187,0.00885278980247961,0.06364029798904718
188,0.00879853924864181,0.06413788621822554
189,0.00878231274832181,0.06389253402037708
190,0.00876689643716078,0.06395497765523665
191,0.00872554304078221,0.06396875721870658
192,0.0086897735836606,0.06374912711591764
193,0.00867476063707336,0.06353846499721681
194,0.00865959635668737,0.063719657132068
195,0.00864453473127524,0.06378407785466508
196,0.00859753741453086,0.06428026503746641
197,0.00856756105796152,0.06410353241928692
198,0.00855275267266331,0.06388860820658485
199,0.00850942925155683,0.06364136353089556
200,0.00848133431694614,0.06346676499284197
201,0.00846695019287873,0.06325820068140393
202,0.00845313800479915,0.0633493198091974
203,0.00841838043474269,0.0635839814456868
204,0.00840460910577262,0.06364849177454902
205,0.00839078309924415,0.06382416185869774
206,0.00837701755745335,0.06360090192743961
207,0.00836372220010496,0.06366617828683482
208,0.00833123083211297,0.06389834968760387
209,0.00831790646749622,0.06368065737985054
210,0.00830446079398692,0.06385286617897572
211,0.00826810515330721,0.06426194610021016
212,0.00825513288743616,0.06406514417081464
213,0.00824255946173855,0.06398652467127565
214,0.00822993981538677,0.06377328193364361
215,0.00821712860217931,0.06384046214668121
216,0.0082044351248177,0.06390059448312968
217,0.00819173471024858,0.0640501240553061
218,0.00817950560417724,0.06421712408305409
219,0.00816672613574158,0.06402086952331719
220,0.00815448157083981,0.06408789970041455
221,0.00814229982833504,0.06387887636589332
222,0.00812997863795762,0.06404606492129539
223,0.00811782354712549,0.06376776324633164
224,0.00810561388974223,0.06386219120189629
225,0.00809366344469986,0.06394377902008432
226,0.00808163187340611,0.06401127252193754
227,0.0080699146900145,0.06417321076973483
228,0.00805779892144597,0.06398349876879998
229,0.00804623441094952,0.06407891783949352
230,0.00803452348801243,0.06399588614104963
231,0.00802252819595977,0.06413894131432955
232,0.00801099127091349,0.06418768721683275
233,0.0079995336961801,0.06398457230218059
