0,0.6177983029358226,0.6225089516351537
1,0.5793142496511597,0.5859917461202272
2,0.5456599279839672,0.55516228574371
3,0.515202751187732,0.5273406754760666
4,0.4848877264608524,0.4997298892240068
5,0.4577235089285838,0.474470158774757
6,0.43432088691981596,0.4535786035819642
7,0.41190112808932894,0.4329982814266087
8,0.3920545611599205,0.415371394532711
9,0.3727673727180134,0.39603543138023295
10,0.35364766098573713,0.3785718704979246
11,0.3359024523582223,0.3617041336690883
12,0.3210808418783021,0.34900936830016177
13,0.30569602551384195,0.3350764369468408
14,0.2912133093226929,0.32143550256565684
15,0.27776692500582384,0.30952076173453597
16,0.26573007465896004,0.2983715743487247
17,0.25324603599003903,0.28602654156837776
18,0.24167753541200465,0.2750829760458703
19,0.23210527136198872,0.2663752726138388
20,0.22180857597345463,0.2564792414767439
21,0.21225270050057823,0.2481768957453387
22,0.20327110797071699,0.24036196378020006
23,0.19503093711427538,0.23286679511069525
24,0.18665476152759958,0.22395589994613327
25,0.17896296969822167,0.2170088342749667
26,0.17149362240628763,0.2098644365024974
27,0.16453742189549425,0.20510552426938927
28,0.15793515440158934,0.19829398701776035
29,0.15170624291505894,0.19233807514766837
30,0.1455071491864526,0.18610732468251878
31,0.13985664010075574,0.1824676827729515
32,0.1341765915466267,0.17710116458839326
33,0.1288987696243729,0.17274340653943912
34,0.12370647270359038,0.1686883656282754
35,0.11893222147738697,0.16346551643324375
36,0.11374960083176726,0.16059941717195175
37,0.10946273825025557,0.15643703396219963
38,0.10545474201901234,0.15273150076958897
39,0.10094127541113777,0.15067340128382234
40,0.09711211372802954,0.1458522840522132
41,0.09343783433503074,0.14298259032390412
42,0.09000466362130152,0.13986979819301956
43,0.08619564138248989,0.13825375828103934
44,0.08298402799685205,0.13520678634952266
45,0.07977259872187421,0.13222103574192495
46,0.07664373016022799,0.12962883508206233
47,0.07325254048617535,0.12662739946327567
48,0.07046365904307514,0.12384732911633992
49,0.06746287825807833,0.12057930585946672
50,0.06493861372163477,0.11866539739464832
51,0.062450395215390496,0.11590161984544764
52,0.060072797285748894,0.11206204810764796
53,0.05768690558508986,0.1104146301884655
54,0.05511995142970521,0.10812871323513241
55,0.053024259980966125,0.10544934648000018
56,0.05104634125464296,0.1033141567940621
57,0.04891825736411919,0.10128071267830614
58,0.04713432425514154,0.09987370984872622
59,0.04529919617286176,0.09774941134273676
60,0.043528971801082394,0.09641536479966616
61,0.041870145727771604,0.09487872740765456
62,0.04023856251699777,0.09293241982874725
63,0.03870645631688418,0.09167049298718372
64,0.03731971209109339,0.08975025371550892
65,0.035855933927408226,0.08878890127224248
66,0.034534127118227766,0.08729070358049475
67,0.0331184518901286,0.08646940229097698
68,0.031848437248026586,0.08516179945800088
69,0.030457020505678955,0.08397157428983294
70,0.029313204646977516,0.08249951523428757
71,0.028270497417173218,0.08010253769572863
72,0.026991686014296183,0.0785058667532183
73,0.02596730553250126,0.07795893988236735
74,0.024945206078657727,0.07741507953205205
75,0.02394950322001379,0.07585184689479003
76,0.02293950373358184,0.07498238629508844
77,0.022162524213117568,0.07346856574195415
78,0.02119065961270693,0.07308218391926277
79,0.020419367792265847,0.07079370862563347
80,0.01959243565788417,0.0701547278629071
81,0.018840845926654227,0.06943043925144049
82,0.018121142250268934,0.06849386871445233
83,0.01740554275577133,0.06823458907212797
84,0.016714019977741107,0.06772939673226712
85,0.01613662514604428,0.06684158789619711
86,0.015484120263399702,0.06694553533798991
87,0.014882826881191184,0.06643035035493246
88,0.014332064435598698,0.06597068222799506
89,0.013722725394907083,0.06559335548648798
90,0.013178569870576405,0.06574576110982239
91,0.012674215879643168,0.06510323443022711
92,0.012154273181891342,0.064854921247647
93,0.011726758874932077,0.06397625963057804
94,0.011266230986563572,0.06422287162216496
95,0.010813015177077237,0.0630589949159528
96,0.010347138836283257,0.062483377169698255
97,0.009910454123411626,0.06209259490301051
98,0.00954012716022555,0.06204495329861347
99,0.009188870780121214,0.06033282683697063
100,0.008842886125945238,0.059759192211829834
101,0.008492352662286793,0.0596963497349212
102,0.008232572664210699,0.05887660486042469
103,0.007911394536066317,0.05858173122295136
104,0.007594297905407159,0.058755129141811635
105,0.007318829216239591,0.05879166076953718
106,0.007023228630163472,0.0586915439251623
107,0.006735070217483694,0.058283979642816425
108,0.006514630813965374,0.057909080141234304
109,0.006226408189255089,0.05899041970207765
110,0.005963863653486883,0.05877374689549407
111,0.005715169803627914,0.05898670752719264
112,0.005530208999225559,0.05896920689512898
113,0.005299965314555116,0.0583706739110938
114,0.005060064744789862,0.05801761181325493
115,0.004842111070768313,0.058313938319501345
116,0.004636125295625151,0.05861908511832974
117,0.004446500690834659,0.057457323603860806
118,0.004265050740933707,0.057834524209840546
119,0.004082630868766489,0.056611804894783034
120,0.003921854230994349,0.05621081352183699
121,0.003798021228324821,0.05595793995899507
122,0.0036347692082980758,0.05555422952575235
123,0.003477430503894766,0.0545793181817025
124,0.0033387897351311387,0.05503980383422369
125,0.0032089801908496956,0.05590115973555568
126,0.0030802893375801656,0.05633368285854924
127,0.0029828847683073343,0.055084418926208176
128,0.002846997544972144,0.0550095636027694
129,0.002728939404515773,0.05585880786556655
130,0.002641620993720736,0.055839963292956006
131,0.0025394998395270626,0.05627501145330779
132,0.0024266554742403777,0.05534326331208623
133,0.0023193430181633213,0.05625186305356267
134,0.0022292032697819337,0.05660193254285261
135,0.002126545335877215,0.05756928812641301
136,0.0020319530571557692,0.05751417862864415
137,0.0019390411349781169,0.05780874827520136
138,0.0018655328487317314,0.057772495323159145
139,0.001802042986561284,0.05711596745083395
140,0.0017331364472939115,0.05698522463693104
141,0.0016539923880548914,0.05801583335074031
142,0.0015812202652986747,0.05911091616125436
143,0.0015200973434219265,0.0594390061281043
144,0.0014528579058068138,0.06016049652222685
145,0.0013920934244040447,0.06128624290329449
146,0.0013358288538244348,0.06156793073403389
147,0.0012784007192250062,0.06164893530344778
148,0.0012371386113206205,0.06162118673024412
149,0.0011798634829728056,0.06205580759201171
150,0.001127722100979198,0.06207545667984679
151,0.0010828341476689031,0.0625787097072298
152,0.001035118859548282,0.06279378132199405
153,0.0009937781894016784,0.06353277402760256
154,0.0009545622152129957,0.06270779848189163
155,0.0009195406046863278,0.06104952540937947
156,0.0008837046295997817,0.06028204802675149
157,0.0008529466261593415,0.060001174761771435
158,0.000817967238188476,0.060095284540526185
159,0.0007859750946044635,0.059525313567530776
160,0.0007557563858299256,0.05914863758596609
161,0.0007270452988183901,0.05836957977399007
162,0.0006960115950559162,0.058962214520376345
163,0.0006745594913042167,0.05911244874500257
164,0.0006482463311134922,0.05961441195843515
165,0.0006181680593292993,0.06043781757029486
166,0.0005909084540405788,0.060654403444180854
167,0.0005634603580978693,0.061791647037582165
168,0.0005392469477027759,0.06200515844305319
169,0.0005178331605791533,0.06342761449687967
170,0.0004959475733563892,0.06265499756352123
171,0.00047630247165061115,0.06278325481959157
172,0.0004583739488303966,0.06394789895334567
173,0.0004376188720559959,0.0651432577676348
