0,0.56372070450946,0.5705817351076324
1,0.448480449992626,0.4743392495668201
2,0.36306996472990527,0.3894991136640778
3,0.29928737175184095,0.32633002405737477
4,0.2497536024183472,0.2801279863566302
5,0.21527080031562698,0.2510734724277785
6,0.18997636487511668,0.22852898393130924
7,0.16503113748683323,0.20457040166057477
8,0.14488683545319841,0.18479097413503393
9,0.13192160367455635,0.16988462517919928
10,0.11617364420175261,0.155704273094597
11,0.10591474038828848,0.15002546163983374
12,0.09741261703005484,0.14332567173499142
13,0.09046983382776197,0.14009436557847083
14,0.08433784404655686,0.1370588141753115
15,0.07860258800913478,0.13511847716119013
16,0.07417230135453796,0.1285217198494253
17,0.06959479925174876,0.1231022177380472
18,0.0654254119984423,0.12054493890388912
19,0.06136370272646615,0.11729775324379077
20,0.058089466025474455,0.11533831574517919
21,0.05427112432383456,0.1120419601096596
22,0.05150952678478908,0.11190675755357289
23,0.04909056124407206,0.11230219543965926
24,0.047206766896569205,0.11070505023586483
25,0.04520460133825618,0.1128130878243439
26,0.043393809768464645,0.1092488223720377
27,0.04138627985701839,0.1099678939868558
28,0.03898182937256026,0.10778398742363945
29,0.03722596572641475,0.10564530349674116
30,0.035305493364388395,0.10399940027473074
31,0.033513273368646505,0.10104968651395954
32,0.03258423626759889,0.10007596502584097
33,0.03126537871733763,0.09669785979973462
34,0.03032319796326272,0.09665928750831851
35,0.029024386507502248,0.09507384139301603
36,0.028348070021131256,0.09618354007804204
37,0.027447190237616378,0.09267704478752353
38,0.026409443798030938,0.09219326280466744
39,0.02543215389126652,0.09158929810162016
40,0.024765797933417856,0.09132596772961435
41,0.024252158983594632,0.0901500864174352
42,0.02331052622404906,0.08921350115787101
43,0.02251652807901297,0.08837432196409276
44,0.021644006809162793,0.08588102392033994
45,0.021044037496092703,0.08419184028354994
46,0.02052683062842321,0.08473092338686132
47,0.01966652497199471,0.08545585682641514
48,0.019172931709930226,0.08463719488072254
49,0.01856013866537649,0.08302312707493936
50,0.01804659293405484,0.08273815321146585
51,0.017561264199484825,0.0828950488231686
52,0.016830902047965376,0.08089531974948751
53,0.016454628932011977,0.08122705587648074
54,0.015623029129446455,0.08291222263903036
55,0.015280569249178878,0.08322186810147345
56,0.014689303606106447,0.08207718850225162
57,0.014225367456105307,0.08292485922026689
58,0.013757278281577105,0.08429236402936295
59,0.013455166532384792,0.08517253895908064
60,0.013059054586317955,0.08476645364821254
61,0.012648094516910138,0.08517222330400775
62,0.012419236832028505,0.08553740369947385
63,0.012184411874223127,0.08535010261074931
64,0.011957630848262714,0.0856141790791951
65,0.011908996618986995,0.08571336708250389
66,0.011556822873343439,0.08394744989801263
67,0.011235474056221571,0.08450320933293946
68,0.010972357824135089,0.08260962401068271
69,0.010843165867795717,0.08142188410342742
70,0.01082022523739168,0.08140983155891243
71,0.010770934010419795,0.08133569872885985
72,0.01059435063265469,0.08110929143725841
73,0.010570438670092388,0.08114594711149592
74,0.01031060463935023,0.08046843192573923
75,0.010290019701019813,0.0804598747845131
76,0.010269751043763686,0.0807895699553994
77,0.010159200713753445,0.08111353906038798
78,0.009911107650102962,0.08077138873120794
79,0.009891308927985391,0.08076466846631888
80,0.009871972199787858,0.08078617269281901
81,0.009845904106915243,0.08136302771045396
82,0.009824542741363521,0.0817689491837593
83,0.009814499707466725,0.08178185682551757
84,0.009794330081223877,0.08218102189557501
85,0.009571341580676011,0.08233164760983057
86,0.009350386992638274,0.0814410254429089
87,0.009196432834220163,0.0822921518229391
88,0.009161884741402802,0.0822101983748039
89,0.009149340056520511,0.08257678708975759
90,0.00886811091038592,0.08342175138240339
91,0.008856525961599998,0.0838019092159917
92,0.008637348456082815,0.08193057683976308
93,0.008611967184718626,0.08201482721410613
94,0.008586774806678181,0.08223232073756329
95,0.008576644601187644,0.08240966990567945
96,0.008555941551258847,0.08265144354541032
97,0.00843017663521189,0.08282450640560386
98,0.008419411682508416,0.08284849565332206
99,0.008212818569389302,0.0845816928665791
100,0.008007538141990149,0.08292139365817124
101,0.007998468402874472,0.08290862007764246
102,0.007890715173341466,0.0832591590615208
103,0.007890419724917103,0.08326180078716976
104,0.007800761855695246,0.08363668216523841
105,0.00778637268111704,0.0836421164864285
106,0.007770144690239738,0.08393655538442946
107,0.007568675673579282,0.08456415959803398
108,0.007518605942838463,0.08475828321321903
109,0.007506657789206852,0.08472918396272398
110,0.007294537287352329,0.0847222259608866
111,0.007221226753996603,0.08494155782223743
112,0.007089891330003715,0.08515062307232556
113,0.007089654433647453,0.08515728902709971
114,0.0068652959274211195,0.08367885083138651
115,0.006724320256511606,0.08353951377946368
116,0.006724226385628813,0.08354029357856808
117,0.0067242212011621155,0.0835409521442777
118,0.006563997316267569,0.08362745013263712
119,0.00637979269460923,0.08231501014417725
120,0.006243429855943924,0.08240840301883004
121,0.006089734625054778,0.08195610636981498
122,0.006021935985170869,0.08201291096680652
123,0.005887262621159553,0.08098193598632908
124,0.00575564047850385,0.0819397252719142
125,0.005755607512331805,0.08193966977153497
