0,0.6598217652741738,0.658733074431834
1,0.6598217652741738,0.658733074431834
2,0.6598217652741738,0.658733074431834
3,0.6598217652741738,0.658733074431834
4,0.6598217652741738,0.658733074431834
5,0.6598217652741738,0.658733074431834
6,0.6598217652741738,0.658733074431834
7,0.6598217652741738,0.658733074431834
8,0.6598217652741738,0.658733074431834
9,0.6598217652741738,0.658733074431834
10,0.6598220528775147,0.6587365645429363
11,0.6598220528775147,0.6587365645429363
12,0.6598220528775147,0.6587365645429363
13,0.6598220528775147,0.6587365645429363
14,0.659824019976525,0.6587262335030929
15,0.6598235714114966,0.6587430070275846
16,0.6598235714114966,0.6587430070275846
17,0.6598235714114966,0.6587430070275846
18,0.6598235714114966,0.6587430070275846
19,0.6598235714114966,0.6587430070275846
20,0.6598235714114966,0.6587430070275846
21,0.6598235714114966,0.6587430070275846
22,0.6598235714114966,0.6587430070275846
23,0.6598235714114966,0.6587430070275846
24,0.659825200119345,0.6587477119072623
25,0.659825200119345,0.6587477119072623
26,0.6598488191520673,0.658791659966759
27,0.6598488191520673,0.658791659966759
28,0.6598488191520673,0.658791659966759
29,0.6598488191520673,0.658791659966759
30,0.6598488191520673,0.658791659966759
31,0.6598488191520673,0.658791659966759
32,0.6598488191520673,0.658791659966759
33,0.6598488191520673,0.658791659966759
34,0.6598599746932611,0.658808752246525
35,0.6598617786445944,0.6588114273288975
36,0.6598617786445944,0.6588114273288975
37,0.6598617786445944,0.6588114273288975
38,0.6598617786445944,0.6588114273288975
39,0.6598598898040053,0.6588086310936057
40,0.659854380892075,0.658800306527511
41,0.6598567413963141,0.6588038951158524
42,0.6598552029698286,0.6588015711825826
43,0.6598552029698286,0.6588015711825826
44,0.6598552029698286,0.6588015711825826
45,0.6598552029698286,0.6588015711825826
46,0.6598261730303683,0.6587502127108367
47,0.6598261730303683,0.6587502127108367
48,0.6598261730303683,0.6587502127108367
49,0.6598279729740544,0.6587543720784395
50,0.6598279729740544,0.6587543720784395
51,0.6598279729740544,0.6587543720784395
52,0.6598279729740544,0.6587543720784395
53,0.6598279729740544,0.6587543720784395
54,0.6598279729740544,0.6587543720784395
55,0.6598279729740544,0.6587543720784395
56,0.6598279729740544,0.6587543720784395
57,0.659824766273312,0.6587465833062711
58,0.659824766273312,0.6587465833062711
59,0.6598225748917875,0.6587393011735834
60,0.6598225748917875,0.6587393011735834
61,0.6598225748917875,0.6587393011735834
62,0.6598225748917875,0.6587393011735834
63,0.6598225748917875,0.6587393011735834
64,0.6598297155719515,0.6587581148614055
