0,0.6238108699945483,0.6262824269740478
1,0.5916452377961725,0.591718284332234
2,0.5625404139165482,0.5645052861908207
3,0.5356097359091845,0.5408262688180675
4,0.5104396467832598,0.5181973654290905
5,0.4876766642760531,0.4982046135093855
6,0.46626813720665816,0.4779273854649585
7,0.44580701408875895,0.45636102168456366
8,0.427676135359883,0.43951997808788135
9,0.4109072291034941,0.42468916981116583
10,0.39552628811822255,0.40827694016954175
11,0.37975671002072053,0.3935036503750345
12,0.36653551291719916,0.38101100954024686
13,0.35354572866102885,0.3700145288653996
14,0.3411739260176866,0.35905813101841055
15,0.3294551432642785,0.34894210456506064
16,0.3185545869153403,0.3371551859637965
17,0.307675977754418,0.32716499819703726
18,0.2978682181363001,0.3191118745700173
19,0.28897307412402845,0.311880622221076
20,0.2803601625860466,0.30546155798694363
21,0.2714274417071587,0.2952703072325043
22,0.2638217316061477,0.28863320791203045
23,0.25652042177020773,0.2804644120776135
24,0.24933503092719755,0.27248588852260425
25,0.2427531361106264,0.2652204708884592
26,0.23633767859349916,0.2585780549308528
27,0.23089733803622006,0.2543293684720993
28,0.2253863781071234,0.24892426622302635
29,0.22000130267772813,0.2421913977874362
30,0.2149987738114989,0.23745471822178882
31,0.2101602535922545,0.23293164842154668
32,0.20526554798001473,0.22875958551531253
33,0.20072502098194253,0.22214662299855895
34,0.19605441156474185,0.21843161433935165
35,0.19169916425692715,0.21491787501651308
36,0.18803724191153837,0.21047162442751552
37,0.18393732130090298,0.20603251845940299
38,0.18005187734779343,0.2027856181173221
39,0.17713331155169273,0.20044812228044737
40,0.1739522173436026,0.19595307978275028
41,0.17113033151094661,0.19180486569909946
42,0.16787370387237055,0.1888638090180314
43,0.1653340221234668,0.18641958223736804
44,0.16216718166847977,0.18363296742672505
45,0.15909807106211307,0.1809138282323661
46,0.157222924831444,0.17879955081836038
47,0.1552201957148124,0.17689940390055595
48,0.15240079072511284,0.17260581854244936
49,0.150721297843022,0.17126715620574745
50,0.14919337449016956,0.16891960224703603
51,0.14742865401586577,0.16703414633546187
52,0.14573178134293893,0.16517281483696855
53,0.14441664988735195,0.16398149348147537
54,0.14272842346747522,0.16267576060541297
55,0.14140234623459558,0.16189168644664081
56,0.1401132239361264,0.1612851734718551
57,0.13880531009842248,0.15982108044883478
58,0.1374975175512522,0.1588488135324872
59,0.13628066943225184,0.1570454777582832
60,0.1352273096173346,0.15572207161913748
61,0.13397161896206203,0.15485991816967726
62,0.13281803225192143,0.15422294766682645
63,0.13177493768846638,0.1528535637113711
64,0.1307200187758012,0.1514539563137552
65,0.12973412297083142,0.15076280130154412
66,0.12876226679674715,0.15050276862862316
67,0.12755122692904874,0.14837779084463482
68,0.12639255824892764,0.14668052343894605
69,0.12550544183619303,0.1464552233076614
70,0.12443774282786549,0.14512148361815058
71,0.12362162775672007,0.14456179316924966
72,0.1228618721561939,0.1435688440485493
73,0.12201103786676029,0.14297659051321124
74,0.12122094369787167,0.1423232759875448
75,0.12051866130224796,0.14196750788908938
76,0.1197019653636188,0.1417033428569203
77,0.11903339303793126,0.140766946963318
78,0.11826168226583662,0.1398352555039784
79,0.11774906862190125,0.13889295376999222
80,0.11709844684433238,0.13726221737654312
81,0.11635887848718825,0.13679713423809278
82,0.11590498104727938,0.1362210199560808
83,0.11536120400652472,0.13587198900463787
84,0.11536122154908979,0.13587012959887151
85,0.11483793564523345,0.13564125059739404
86,0.1142651531936414,0.13492248709435048
87,0.11382922097985931,0.1342583105534963
88,0.11329998075278945,0.13354235316586235
89,0.11293841471034842,0.13307294804278924
90,0.11293809473387041,0.13309592733402614
91,0.11293799768049442,0.13311052204960067
92,0.11250736055244444,0.1325823490953316
93,0.11250739162992732,0.1326221860540302
94,0.11250736668004602,0.1326188472626002
95,0.11250784323257018,0.1325491733201172
96,0.11250754993427135,0.13256542834088855
97,0.11186991402228115,0.13228139931174077
98,0.1118700955960271,0.13227264572987738
99,0.11187099876487969,0.13224168162307012
100,0.11187419536225224,0.13217762470974223
101,0.11187187034618519,0.13222018483540285
102,0.11187183560489297,0.13222086158297633
103,0.11187031595514572,0.1322635482267841
104,0.11186946572822434,0.1323154027695241
105,0.11138542505632403,0.13212430952926693
106,0.11107094649198149,0.1319911217559939
107,0.11107211186343344,0.13192923988580055
108,0.11107126852693287,0.13196406760455473
109,0.11107088805775188,0.13200274759741581
110,0.11107178508761752,0.13194029213374722
111,0.11107210726830152,0.13192914541729767
112,0.11107243880319857,0.13191949545770235
113,0.11107388876997899,0.1318851176892286
114,0.11107344867565959,0.13189443684709462
115,0.11061654500162324,0.13143688482839777
116,0.11061503373833333,0.13151260740731074
117,0.11061505901383596,0.13150959052955327
118,0.11061507556587458,0.13150721504960372
119,0.11061744902665502,0.1314136789828215
120,0.11012896331833234,0.1307841397659934
121,0.10964976517998211,0.1306163423249255
122,0.10965042861638485,0.13060910746698146
123,0.10965538316139892,0.13056321012908997
124,0.10965279472677589,0.13058592040982583
125,0.10965012010496593,0.1306123486922487
126,0.10964833854863872,0.13063239273817642
127,0.1096455621758526,0.13066938387877916
128,0.10964547489567097,0.1306708629000122
129,0.10964420251775997,0.13069169318465435
130,0.10964504482046972,0.1306773955812273
131,0.10964497513294875,0.13067851484874668
132,0.10915583489157606,0.13049109130287948
133,0.10915921258678646,0.1304441486566287
134,0.10915878318332153,0.13044947928384595
135,0.10915579399763445,0.13049188055826919
136,0.10915531211903814,0.13049987901973983
137,0.10915166000928958,0.13059327534764356
138,0.1091528167324209,0.13055289465853054
139,0.10915328392845494,0.13054084700896687
140,0.10915270179264193,0.13055573351195324
141,0.10915249015471026,0.13056232648618196
142,0.10915215466909274,0.1305729936119979
143,0.10915102599266106,0.13065192089213626
144,0.109151361113947,0.13069724720781264
145,0.10915105354979016,0.13064183813074362
146,0.10915105009091731,0.13064203425513013
147,0.10915122978152447,0.1306190718896687
148,0.10915121808420403,0.13062109330507077
149,0.10915191550135685,0.13058232505927267
150,0.10915228230810399,0.13056900538504124
151,0.10915306241486067,0.13054640419052346
152,0.10915161953432927,0.13059517820163266
153,0.10915204756016544,0.13057704245590646
154,0.10915122251994087,0.13061993923443166
155,0.10915392050451274,0.13052647277388885
156,0.10915369035626026,0.13053116892747904
157,0.10915529729074328,0.1305000757717568
158,0.10915545650363916,0.13049727611486678
159,0.10915937153326488,0.13044233288130033
160,0.10916426101549184,0.13039108185583484
161,0.10889495814715519,0.13004494822867538
162,0.10889808402321595,0.13001758052522075
163,0.10889854185365158,0.1300139355311251
164,0.10855859684277426,0.12966282232462065
165,0.10855573569230899,0.12968930660787484
166,0.1085545472654999,0.12970138735988218
167,0.10855804401971308,0.1296675965068457
168,0.10855479715369223,0.12969875955225332
169,0.10854998778114619,0.12975598272422087
170,0.10855399181469728,0.12970725054164295
171,0.10855559225497007,0.12969064868419714
172,0.10855130880415294,0.1297384717542192
173,0.108549623051089,0.1297612274268075
174,0.10854844980779807,0.12977929040789604
175,0.10854656132015521,0.12981390317335076
176,0.10854478472784562,0.12985977795703904
177,0.10854352834864467,0.12995033518856633
178,0.10854353817421168,0.12994201463120786
179,0.10854410456862383,0.13000457733869553
180,0.10854371201274302,0.1299783222215331
181,0.10854378536862747,0.12998479681656414
182,0.10826079792873639,0.12957361449851937
183,0.1082610186567407,0.12958518045185052
184,0.10826382293732505,0.12967204818826006
185,0.10826167031840254,0.12961295079034957
186,0.10786638089881477,0.12949798359414158
187,0.10786561657900041,0.1294616165611407
188,0.10786657484844873,0.12950500550315433
189,0.10786656070555262,0.12950447543888635
190,0.10786551357108035,0.12945477864907487
191,0.10786521650422683,0.12941891025832813
192,0.10786638489963081,0.12949799537739676
193,0.10786608399135632,0.12948568715997363
194,0.10786826121176805,0.12955318642375263
195,0.10786837619936554,0.12955589720007518
196,0.10787054435475239,0.12960090178429431
197,0.10787049665691872,0.1296000956841137
198,0.10787122069760101,0.12961309682577848
199,0.10787304990622044,0.129643222803007
200,0.1078718064698985,0.12962313555181026
201,0.10787322090296553,0.12964591639035422
202,0.10787664177602106,0.12969414486914224
203,0.10787432930662244,0.12966238583802528
204,0.10787663839229161,0.1296939978821446
205,0.10787733202495027,0.1297031539775755
206,0.10787195858971414,0.1296258173559023
207,0.10787258211131638,0.12963594824237668
208,0.10787080685792531,0.1296058812826548
209,0.10786914638036402,0.1295733590124418
210,0.10786825107424212,0.12955315469804665
211,0.10786745933392301,0.12953255236472772
212,0.10786745415813766,0.12953245014195208
213,0.10786657251444962,0.12950494936059997
214,0.10787006617412154,0.12959192772193448
215,0.1078718450366722,0.12962380810843213
216,0.10787069212535993,0.12960374126534746
217,0.10786814683898008,0.12955050761608974
218,0.10787148139277851,0.12961758760249484
219,0.10787151498414922,0.1296182645322836
220,0.10787132949839302,0.12961510376518834
221,0.1078688667558844,0.1295670476620612
222,0.10786978649271511,0.1295864440338767
223,0.10786825506367281,0.12955300625332672
224,0.10786599792030009,0.12948196883434834
225,0.10786553687691543,0.129456567901956
226,0.10786522858864958,0.12942490603207893
227,0.10786551570925124,0.1293638659560162
228,0.10786539843547314,0.1293732124461752
229,0.10786538663340738,0.12937388004249203
230,0.10786624921800017,0.12932853704399389
231,0.10786523907001343,0.12939282931873333
232,0.10786566972814518,0.12946470836987314
233,0.10786565211954502,0.1294641331769526
234,0.10750904541080111,0.1290194599929711
235,0.10750893666465883,0.12899552731086378
236,0.1075114027590179,0.12887491729191464
237,0.10751009884137833,0.12891178069960163
238,0.10751177147395162,0.12886640550973621
239,0.10751111429949771,0.12888196687740477
240,0.10751111834130106,0.1288815935385292
241,0.10751046190234152,0.12890014050366438
242,0.10750994949503677,0.12891738590500926
243,0.10750943301404965,0.12894010968992245
244,0.1075092993817841,0.12894879097280942
245,0.10750895751808703,0.12898366847682907
246,0.1075090574428512,0.12896868975266165
247,0.10750898724982019,0.12901183474889916
248,0.10750895471273396,0.1289870191729911
249,0.10750937115510328,0.1289445457615606
250,0.1075090405765766,0.12897192893306847
251,0.10751102549367764,0.12888391506250785
252,0.10750960268781573,0.1289316476930095
253,0.1075092063018993,0.12895449842123882
254,0.10750895763421772,0.12898328582472776
255,0.10750902568224663,0.12897282336717067
256,0.1075090636023318,0.12902210183117702
257,0.10750915300019068,0.12895964636750842
258,0.10750899919534153,0.12897604649238611
259,0.10750900390204998,0.12897579926673486
260,0.1075089402760955,0.12898696554095848
261,0.10750893285283979,0.1289981979188388
262,0.10750910861777428,0.12896256436310385
263,0.10751026485361213,0.12908720747446237
264,0.10751040962986957,0.12909224943217376
265,0.10750972663569275,0.12906575954073798
266,0.10750976218762272,0.12906735380301657
267,0.1075103084071742,0.12908864207565784
268,0.10750972284209029,0.12906567894084298
269,0.10750943401823854,0.12905147643354925
270,0.10751056819152278,0.1290980225590908
271,0.10751048221382652,0.12909507048923685
272,0.10707789028751093,0.12897345614012168
273,0.10707809213403166,0.12898167585144224
274,0.10707940258459167,0.1290231213864425
275,0.1070779688465056,0.1289766974463735
276,0.10667901403956061,0.12880036066812667
277,0.10668009333312511,0.12885874997743446
278,0.10667896604343047,0.12879510278530096
279,0.10667882928929877,0.12876282855058493
280,0.10667947293794315,0.12870131627373074
281,0.10667894450460348,0.1287933014859648
282,0.1066788367376023,0.12877120184914573
283,0.10668014391145525,0.12867421656847
284,0.10668107190722723,0.12864656624910625
285,0.10667914626459547,0.12872070466856594
286,0.10667884019192099,0.12876286853671723
287,0.10667889164009275,0.1287854191766161
288,0.10667893851362624,0.12879247424881096
289,0.1066788900324797,0.12874826950871426
290,0.10667981535724586,0.1286863484217421
291,0.10667900665956925,0.1287327314241101
292,0.10668013311130128,0.1286746972726415
293,0.10668181281873824,0.1286289705287503
294,0.10668007729342777,0.1286761963578022
295,0.10668071621714711,0.12865603939913536
296,0.10667991579435128,0.12868211630974774
297,0.106680118711096,0.1286750937933507
298,0.10667957633524258,0.1286961929872632
299,0.10667968071396018,0.12869202728261767
300,0.10668036220299221,0.12866698968750628
301,0.10668309901620109,0.12860299065790098
302,0.10668376401012131,0.12859089883125346
303,0.10668946410504268,0.12851345844809775
304,0.10669209131593008,0.128485895814779
305,0.1066875419190067,0.12853625113063533
306,0.1066832448717908,0.12860004383179804
307,0.10668505719364199,0.1285703757615841
308,0.106684716402446,0.12857548773045774
309,0.10668417914545113,0.12858395995167288
310,0.10668171040513405,0.1286310834972107
311,0.10668449777390233,0.12857901416314038
312,0.10668906156192272,0.1285181342340682
313,0.10668426915128831,0.12858273198261208
314,0.10668302878901399,0.1286041342207919
315,0.10668231155222377,0.1286181626315026
316,0.10668205340281312,0.1286237610746985
317,0.1066823011232326,0.1286182740662733
318,0.10668019362449792,0.1286722490483004
319,0.10668166224277763,0.128632095520911
320,0.10668161707704836,0.12863342093465768
321,0.10668099162448881,0.12864870626641356
322,0.10668057658024187,0.12866049792374606
323,0.10667906180798352,0.12872724269476274
324,0.10667898907146273,0.12873275322920602
325,0.10667903136808088,0.12880229000407067
326,0.10667975333662735,0.1288452415889048
327,0.10668311306573725,0.1289394688994988
328,0.10668047667141721,0.1288722198780464
329,0.10667919225462491,0.1288154201541582
330,0.10667916511192299,0.12881325142782019
331,0.10667983531350757,0.1288484051499678
332,0.10668167879253918,0.12890650289457128
333,0.10668183812384281,0.12891053521762724
334,0.10668287432609094,0.12893459781923372
335,0.10631911036920504,0.12883806643683626
336,0.10631865917188105,0.12882792449596783
337,0.10631957086836942,0.12884783850091955
338,0.10631857723371105,0.12882607488933465
339,0.1063183835140614,0.12882123280154623
340,0.10632088929779081,0.12887355302581968
341,0.10631816924838827,0.12881617015227675
342,0.10602554364908659,0.12844410787700958
343,0.10602562248132995,0.12844603834673762
344,0.1060241948435206,0.12840568047502768
345,0.10602262312168378,0.12832616186579285
346,0.10602276912072905,0.1283394959755242
347,0.10602288561347134,0.12834764575666707
348,0.10602264860667707,0.12832913580148117
349,0.10602323012312642,0.12836693962226095
350,0.10602407881302399,0.12840196425500122
351,0.10602517589507739,0.12843447229217575
352,0.10602563436537034,0.12844613259253296
353,0.10602592839916353,0.12845328083747756
354,0.10602910169980928,0.1285166538765897
355,0.10602872665461453,0.12851024923198248
356,0.10603079432280037,0.1285445683878725
357,0.10603427120728058,0.12859466734706707
358,0.1060310455020927,0.12854858271210737
359,0.10602800284619364,0.12849698011236993
360,0.1060252821797045,0.12843725893079586
361,0.10602365987953755,0.12838660943848285
362,0.10602289035433589,0.1283484307806129
363,0.10602262809480971,0.12832607217537967
364,0.10602250652875032,0.12828340909808225
365,0.1060225510022496,0.1283165795688072
366,0.10602253503314149,0.1283140701201299
367,0.10602250811359265,0.12830575104073985
368,0.10602252672410463,0.12831146642565727
369,0.10602277796260083,0.12834011724866604
370,0.10602384923859375,0.1283938507144542
371,0.10602338467485528,0.12837463560635629
372,0.10602337000823255,0.12837447754471845
373,0.10602282670333363,0.12834375090492162
374,0.1060241556915393,0.12840417689522324
375,0.10602404514423282,0.12840047865377172
376,0.10602344652241628,0.12837811729506307
377,0.10602748903621234,0.12848682989082907
378,0.10602440709170764,0.1284121554547354
379,0.10602394541074274,0.1283966626405068
380,0.10602372042005904,0.12838908159376486
381,0.10602302031823796,0.12835654691266624
382,0.10602314629498641,0.128363780029442
383,0.10602749480175942,0.12848701623632855
384,0.10602417729640139,0.12840526441679054
385,0.10602410986090494,0.12840273022732657
386,0.1060225610418614,0.12831710382243214
387,0.10602255535828892,0.12827329064273965
388,0.10602248814366849,0.12830013079244806
389,0.106022599699718,0.12832278150903142
390,0.10602256487417411,0.12831862123035218
391,0.1060229258379537,0.1283502620037483
392,0.10602481498594753,0.12842485314721
393,0.1060258762747013,0.1284520257183391
394,0.10602792222644851,0.12849532727799987
395,0.1060273277056392,0.12848379661369583
396,0.10602917107537134,0.12851815607965641
397,0.10602795097904057,0.12849584238036818
398,0.10602920956244752,0.12851861293387154
399,0.10602621675166131,0.1284598594976832
400,0.10602470281053435,0.12842132811151122
401,0.10602685938928559,0.12847388432482662
402,0.10602647135794746,0.12846589639135028
403,0.10602836227294941,0.1285035587725756
404,0.10602748593028571,0.12848680818696384
405,0.10602930966026917,0.12852045324752512
406,0.10603051612149095,0.1285402751730188
407,0.1060319899998077,0.12856287578039843
408,0.10602987196733651,0.12852982198819518
409,0.10602629284458667,0.12846149925304495
410,0.10602718673892374,0.12848073373670163
411,0.10602700375567001,0.1284769843130008
412,0.10602504644123951,0.12843109547848935
413,0.10602329043138654,0.12837085611713323
414,0.10602349608061803,0.12837967904203612
415,0.10602368780327528,0.12838745639537988
416,0.10602588868474537,0.12845223405114983
417,0.1060241973847333,0.12840583043820833
418,0.10602329840797084,0.12837055479378803
419,0.10602298943430623,0.12835451909948303
420,0.10602294760221083,0.1283522986240037
421,0.1060227653430661,0.128339357552645
422,0.10602310272548485,0.12836128783047848
423,0.10602388218099884,0.128394927971227
424,0.10602587882046813,0.12845213188911261
425,0.10602378255453115,0.12839066421451129
426,0.10602425383790999,0.12840760711823468
427,0.10602576373267947,0.12844931761450742
428,0.10602601013695115,0.12845518085700663
429,0.10602998089336751,0.12853159852649854
430,0.10603656509121502,0.12862404460168403
431,0.10603710534255997,0.12863066249891467
432,0.1060351037276877,0.12860562480257257
433,0.10603483096402694,0.12860201467233506
434,0.10603459166422086,0.1285988492283808
435,0.10602998907261126,0.12853163776352353
436,0.10603234978178676,0.12856798118952176
437,0.10603028226388769,0.1285364463844377
