0,0.6165692467197597,0.6185193493884574
1,0.5791118420330147,0.5854779625067499
2,0.5444268035500343,0.5532784827654692
3,0.5138060537932114,0.526442122959097
4,0.4848662315314384,0.4992847903151733
5,0.45844781060363315,0.4758356382711997
6,0.433582088194949,0.4527367013703185
7,0.4112498526906047,0.4306398973913556
8,0.39111996060735416,0.4122383101146241
9,0.3719640693345444,0.3955882437792558
10,0.35328061681232165,0.3761330869950959
11,0.3359527797007364,0.3588842879412143
12,0.31984389307446026,0.34254047488915795
13,0.3048678919542072,0.32645858472925954
14,0.29123882942102697,0.3142307558643013
15,0.2785239360932482,0.3029101787346235
16,0.26613499456689754,0.29032980491201427
17,0.25513090506161457,0.28017392353170356
18,0.24359824652500398,0.26759910094112416
19,0.233286577387291,0.2566191471302464
20,0.22353974477104638,0.24703514742857183
21,0.21259368647462737,0.24017773684822732
22,0.2043040110864126,0.23326751676168964
23,0.19450990778597654,0.22734347414624878
24,0.1860556895244203,0.22138966877226937
25,0.1788400919724508,0.21468965393806083
26,0.17166915357058266,0.2081835431968274
27,0.1636887148008535,0.2037162653458268
28,0.15733513825083195,0.19687209618433368
29,0.15010689840022332,0.19298484661252108
30,0.14411224461689212,0.18837101087276445
31,0.1385866492731355,0.1825812558720164
32,0.13237492428325484,0.17978662809575524
33,0.12667292620249504,0.17690168941870726
34,0.12184219087422185,0.17218966686154052
35,0.11726251852154027,0.16909464262552024
36,0.1129001330960779,0.1649127411641194
37,0.10796935304580352,0.16225170314183368
38,0.1031371416681903,0.15996206675444377
39,0.09882824840978911,0.15642303143538455
40,0.09509036765378952,0.1546295401705201
41,0.09082577196500344,0.15255103078112792
42,0.08689904415893573,0.15137315266377055
43,0.0836422526162928,0.14702268276888988
44,0.07992035717199844,0.14511843648696984
45,0.07674967894398338,0.14335286442730014
46,0.07331554716634167,0.14180680444866117
47,0.0700672678274929,0.14053980216964956
48,0.06735843098533087,0.13886883166426675
49,0.06481146466600292,0.13622990164946935
50,0.06191638398822202,0.1350021504539659
51,0.059351577284263865,0.13505104796018824
52,0.05706419291435036,0.13350638769597825
53,0.054671955701149424,0.13168471901206527
54,0.05261366195051278,0.13040872757309124
55,0.050417986170044414,0.13015985416726739
56,0.04826957973685378,0.12962933311113237
57,0.04622602093319701,0.12882049322444478
58,0.044343285050209125,0.12750298020316944
59,0.04254120654557925,0.12758930651703745
60,0.04077183865964215,0.12688769142873071
61,0.039377433139359125,0.12657247367593713
62,0.037762511493339354,0.1260195561124066
63,0.03630656098074443,0.12532042456479503
64,0.03494508808183619,0.12647934041789524
65,0.033610540628952176,0.12572027167993113
66,0.032269457486741614,0.1246724647015329
67,0.030874736684500366,0.12337167325446223
68,0.02957383830195821,0.12379682113494989
69,0.02841265223657878,0.12377409320617137
70,0.027316448928020192,0.12279035297772205
71,0.02613016299633766,0.12355840892944105
72,0.02519909326673725,0.12140475808274732
73,0.024143058033138595,0.12159413965922487
74,0.023162987804911432,0.12123369662597701
75,0.022281561864077044,0.1212331308010709
76,0.021416238702932595,0.12086045268141606
77,0.02060818752004742,0.12056307190861225
78,0.019842736367466755,0.12034816969422751
79,0.019054551342848267,0.12041234379992617
80,0.01826562019109451,0.12141829173578433
81,0.01759362373771996,0.12205576440839508
82,0.016873492474025642,0.11984905081289185
83,0.016146602651426294,0.12098816747937277
84,0.015495743646143654,0.1207985627074214
85,0.014846115703143986,0.12201699020814727
86,0.01425400364980136,0.12136525582932513
87,0.013671198737868416,0.12278220713835132
88,0.013093139180647043,0.12346272257965529
89,0.012563083284765646,0.12295220703728589
90,0.012069624719632742,0.12442357224848259
91,0.01152630023669937,0.1240055100008281
92,0.011033540309981158,0.12340273188015248
93,0.010590884240337148,0.12301688279147836
94,0.010174667134447228,0.12060370613955539
95,0.009782595978305227,0.1183642390722559
96,0.009367962386433365,0.11793228708627031
97,0.009004409714656594,0.11779385064585234
98,0.00860687851922404,0.1192791458852861
99,0.008262434001980038,0.11906116477164735
100,0.007937154708221893,0.11912660968856635
101,0.007614353166118264,0.11928802632844462
102,0.007291108619510135,0.11949805855034999
103,0.006989665265001083,0.12100744352221293
104,0.00670523258919194,0.11951106603211069
105,0.0064402996490191475,0.11939905519412476
106,0.006202778547544312,0.12100309171837337
107,0.0059750014486469796,0.12112628152722742
108,0.005734982157986019,0.12246919282122803
109,0.005522004668246294,0.12265047822430343
110,0.005311097139490932,0.12243970676531067
111,0.005102867858478385,0.12243069532158815
112,0.004887039962378345,0.12371499963180362
113,0.004708768167215982,0.12232541588095178
114,0.004519689658310432,0.12259588450534684
115,0.004323262899219949,0.12392742600880631
116,0.004151710449925818,0.12194042807463824
117,0.003984341368761814,0.12352048371276517
118,0.003821134680451582,0.12489142008440392
119,0.0036618853880629565,0.12563067013106768
120,0.003524200775246893,0.1259200197932989
121,0.0033966771300848234,0.1253814079251051
122,0.0032635978921441897,0.12547173699703004
123,0.0031548642436514895,0.12360834946784166
124,0.003020074935092384,0.1250378838305263
125,0.0029123573923561757,0.1253497925623813
126,0.002820104062002651,0.12365070531991985
127,0.002707173050147399,0.12414862223378852
128,0.00260253986226329,0.12433368703038152
129,0.0025007439680153937,0.12473643148277393
130,0.002406114370004601,0.1241760893565911
131,0.0023086645988658655,0.12460507178872414
132,0.0022129378324212945,0.12497492238941682
133,0.002115508661429249,0.12532786259806547
134,0.0020213995164109367,0.12569926606629298
135,0.0019395758038536965,0.12707113932113195
136,0.0018495249787631386,0.12760408722162178
137,0.0017815700489818187,0.12802991715369974
138,0.0017111933645831594,0.12942604107006392
139,0.001642198050267325,0.1304588015205328
140,0.0015894165248026718,0.12883214702581772
141,0.0015265830857696132,0.12925394973309134
142,0.0014653722111346236,0.13083216309339266
143,0.0013975124982751632,0.13142019377636366
144,0.0013346221092964525,0.1320383274215909
145,0.0012779354882492227,0.1334036543860313
146,0.0012203809654945733,0.13389096407265902
147,0.0011817339604206726,0.13233540297702132
