0,0.6592799138129394,0.6674380284860058
1,0.6242587475600245,0.6340642904842108
2,0.591567122971771,0.6074483615560474
3,0.5598995274360904,0.5826754940430309
4,0.5341898251033427,0.5616303112055988
5,0.5066385139280835,0.5392358880842363
6,0.48116481532672906,0.516810731329882
7,0.45630080305827747,0.49360060333899464
8,0.4372019937220952,0.4811877084218597
9,0.4197841060409336,0.46503079782821194
10,0.39763865450483665,0.4424259021655621
11,0.3781033722333118,0.4235145068156079
12,0.3622343751048546,0.41010505543067205
13,0.34875117848037507,0.39547138766354484
14,0.333111711065023,0.38091914730006193
15,0.31719689154974695,0.36583972065929005
16,0.30622887134114807,0.3562699861664994
17,0.2945818420873003,0.3480183406872278
18,0.28398264106590765,0.33723514940219695
19,0.272894001167386,0.32691683657001097
20,0.26360502350884135,0.3209751905105773
21,0.25490019410338555,0.31188458197796326
22,0.2460451693727218,0.30492222720769296
23,0.23615530563158627,0.2963356935892712
24,0.227664678560201,0.2889669259415043
25,0.22061461157422776,0.2822430306931719
26,0.21326931828318715,0.2762355533868913
27,0.20489919187460084,0.2692060713595427
28,0.1986017116780386,0.2651322975742662
29,0.1924528884712816,0.2586669647648217
30,0.1862324833651335,0.25287719189177577
31,0.18021280212842455,0.24734016980270426
32,0.17472259028106563,0.2433566630010403
33,0.16865863286705646,0.239752645353853
34,0.16365874844687492,0.23560178743014681
35,0.15971001301388868,0.23103106381488275
36,0.15500514934290302,0.22506737662049572
37,0.15022756782312557,0.21973872015558982
38,0.14616170312416873,0.21617819334933533
39,0.14206772796755024,0.213289692764102
40,0.13851444053402157,0.2095265936678061
41,0.13483769795458883,0.2053181480878544
42,0.13137965726786838,0.20266160662414653
43,0.12801020662584922,0.19880503170530678
44,0.1244882820834449,0.19650909269634467
45,0.12169652549700224,0.19233490979130802
46,0.11894495153121086,0.18985168670214392
47,0.11602078237932877,0.1868873982226164
48,0.1133606412008514,0.1844120780909533
49,0.11092805687547605,0.1825257751065468
50,0.10831164862860386,0.18054730404240346
51,0.1060130716025975,0.17904739478932796
52,0.10333529064627615,0.1767045877526937
53,0.10096764246634865,0.17368581963586405
54,0.09851835821106265,0.1717167753613162
55,0.09594243381418342,0.17063908915879475
56,0.09386426064670815,0.16920564996180718
57,0.091898993368108,0.16767684613764397
58,0.09041070191686049,0.166065989985537
59,0.0886204142697283,0.1646858522277541
60,0.08643943508107825,0.1621638259996499
61,0.08454473075755214,0.1598659141449856
62,0.08306063551337328,0.15799923180214492
63,0.08170947820075712,0.156765896221654
64,0.08005658140028019,0.1556377180415865
65,0.07860644791539403,0.15399822334697322
66,0.07706089052291983,0.1525522168289775
67,0.07573032461124994,0.15209125015377264
68,0.07454051574223053,0.15160589317900847
69,0.07300075841726038,0.15033233788798037
70,0.07181403612431075,0.1493901223997959
71,0.07033207891440625,0.14871004713849864
72,0.06868251659486142,0.14654106280105833
73,0.06747412559983929,0.14520280077784598
74,0.06614269585346388,0.143369012349682
75,0.06473451880123329,0.1413589508770464
76,0.06324059084458572,0.13933026936152595
77,0.06227031791432417,0.13782965341383058
78,0.061213773622890266,0.13685300054521984
79,0.06003903496491297,0.13571597503694663
80,0.05911718667792225,0.13534271480313048
81,0.057993667518997837,0.1336957459041734
82,0.056894793723935314,0.1330507994080999
83,0.05600505743931733,0.1319692221705842
84,0.05516924997814419,0.13101338110214666
85,0.05441296302592769,0.13059254838829304
86,0.05351609448175923,0.13006908608644996
87,0.05272936848081047,0.12973440789458793
88,0.051766824990529155,0.1294335807511585
89,0.05096690785731838,0.12892892256297972
90,0.0501126499668966,0.12764122500118305
91,0.04926354469717788,0.12685301131451637
92,0.048617728295893135,0.12657961344305285
93,0.04793235918730133,0.12555354020233891
94,0.0475124267606215,0.12484600515123309
95,0.04683189590240676,0.1238139717568636
96,0.04599235266501717,0.12294243374986605
97,0.04533823899250742,0.12273040365644061
98,0.04476563642962783,0.12165767323898677
99,0.04386331342060511,0.12115135992002862
100,0.043178115941784494,0.12052849010353872
101,0.04273731144450259,0.12008612322640168
102,0.04214492779735175,0.11960933127406782
103,0.04161033343778773,0.11891062280584441
104,0.04117550363896237,0.11866997870610449
105,0.04059024650175443,0.11781433857968944
106,0.04013814955658318,0.11786673452311107
107,0.03964207228045446,0.11723951695927248
108,0.038910876135262125,0.11632203382111621
109,0.03846003933101528,0.11598172616850977
110,0.0379957130456612,0.1154087309953604
111,0.03754278900862323,0.11499904932618081
112,0.037118627915208965,0.11444803780613706
113,0.036575904910732746,0.11306355341350033
114,0.036188266021461385,0.11288824001164738
115,0.035715993256979876,0.11243279200279681
116,0.03529731604363997,0.11168999710316951
117,0.034908852455704895,0.11134840111800608
118,0.03447832998735398,0.1105753357035898
119,0.03413065274025161,0.10983320659411273
120,0.03351825812016329,0.10893805457490202
121,0.03322391997007221,0.10835004474929635
122,0.03283742219460149,0.1079862844169928
123,0.032403052135536896,0.10733863034362258
124,0.03208000719442526,0.10648638998560432
125,0.03171566551013834,0.10626201535940326
126,0.031463286368071594,0.10596194933276118
127,0.031168295229924047,0.10567760683155573
128,0.03082751514262595,0.10539648763690765
129,0.030518523363902036,0.10490947376582488
130,0.03025450440087244,0.10461841479021927
131,0.02979063680554879,0.10412834004333034
132,0.029517402813239318,0.10388301245395339
133,0.029192474033127934,0.10340309113039275
134,0.02885114109088965,0.10286190983871445
135,0.028531946931808532,0.10218027522419834
136,0.028218175441682484,0.10171525746495531
137,0.02790058636013191,0.1012482204446681
138,0.027616658012330313,0.10086948118548955
139,0.02735051274650291,0.10056657940874744
140,0.027016002026757722,0.09980552491640458
141,0.02662796477165556,0.0998920058851093
142,0.026311196748868615,0.09966503776764676
143,0.026059431646675017,0.09971349498225161
144,0.02580346312137061,0.09925929183144375
145,0.02557062897557953,0.0988062243232033
146,0.02531660619490122,0.09817746311073863
147,0.02512000885297952,0.09786960113147536
148,0.0248413715308901,0.0979695688153881
149,0.024622026718196556,0.09737362113548541
150,0.024363685061148662,0.09700521709700059
151,0.024102354374393127,0.09653919819399215
152,0.023941766199699094,0.09645158090981874
153,0.023760480223300986,0.09615176861967321
154,0.02359153359131045,0.09602423506123729
155,0.023394442236274116,0.09624017621386981
156,0.02318196392146766,0.09606522642776132
157,0.02300366896721546,0.09604558737422708
158,0.022820938534551916,0.09585641659608198
159,0.02264911071955247,0.09588871189788768
160,0.02247785288193844,0.09605327823044427
161,0.022267186474556007,0.09603448108800253
162,0.022059710056482287,0.09586277173339894
163,0.021869461450607385,0.09573402860097655
164,0.021704453627708706,0.09517233234709399
165,0.02148393153789064,0.09476536133828746
166,0.0213469279062431,0.09453038817252664
167,0.02117054223841225,0.09440779968872873
168,0.021011204071101575,0.09404612913995272
169,0.02083188697779984,0.0939630711961073
170,0.020639982152488856,0.09388871267986158
171,0.020511610243893013,0.09390682371395002
172,0.02035676763554657,0.0941113315195479
173,0.020213396980115247,0.09407893122170968
174,0.02002621007443367,0.0938533336326917
175,0.01986728113800433,0.09327186479446394
176,0.01973435435555693,0.09337047382594156
177,0.019554200070434246,0.09322176208272107
178,0.019437761333472754,0.09330965125108208
179,0.019298358458324283,0.09323315344406305
180,0.019104722640784527,0.09316365823611387
181,0.018966314432377448,0.09303630840136988
182,0.0188394094427961,0.09306695983673001
183,0.01870700792172664,0.09278951417386011
184,0.018590895516551978,0.09240919808708395
185,0.018417368857030617,0.09200519873674205
186,0.018240493062478297,0.09193763768537648
187,0.01806299404063533,0.09177726526928918
188,0.017970048799691836,0.09161102447284358
189,0.017834207727311948,0.09151423463023624
190,0.017720870776124716,0.09120008817316276
191,0.017620209062558515,0.09103326018197173
192,0.01743094630717029,0.09065071231772626
193,0.017325902028660536,0.09042329697829186
194,0.017163191836049512,0.09025038467152832
195,0.017016871970643298,0.09016362438238598
196,0.016872553994496577,0.08989430030658617
197,0.0167568950284236,0.08939377433001283
198,0.01661932088997133,0.0892754589090115
199,0.016479048000712374,0.08944600743067385
200,0.016370185842159178,0.08922558640149351
201,0.01625299254946939,0.08907447793978929
202,0.0161652222923561,0.08901590389317464
203,0.01602510782641821,0.08866274830552368
204,0.015911536563351786,0.08865375156928276
205,0.015794067285513202,0.08829322960639244
206,0.015696754354031752,0.08820964647070531
207,0.015527488818633528,0.08810855705211566
208,0.015339840259311907,0.08761123862071497
209,0.015223541141608343,0.08710012678947082
210,0.015150436425062402,0.08691450709540939
211,0.015068029865854782,0.08671162757543437
212,0.014934875542402705,0.08662231334902402
213,0.014842873731227295,0.08653722860821364
214,0.014753669692194294,0.08658591174069045
215,0.01461633660347818,0.08612572496385139
216,0.014523951696518872,0.08587112721897466
217,0.014410288895145605,0.08585245178625511
218,0.014290269737503056,0.08537207520638136
219,0.014197290495885103,0.08529965446024919
220,0.014100431157207723,0.08496433878821912
221,0.014023664795672908,0.08498261859670009
222,0.013923092848851293,0.08482520507811189
223,0.013837645383674678,0.08485016500357513
224,0.013737821737463725,0.0845597904494965
225,0.013642185239558517,0.08454370434878754
226,0.013569976047733412,0.0844371279376883
227,0.013457255456756008,0.08437461754889583
228,0.013364314183611012,0.08443387535260007
229,0.013262640257892006,0.08435044709042909
230,0.0131625692009434,0.08424014314868582
231,0.013086253522114242,0.08423204549771944
232,0.012953790462027078,0.08419259219772822
233,0.01284605118475654,0.08423690321539076
234,0.012773871146857484,0.0841101788532533
235,0.012709491832971955,0.08414194737646251
236,0.012631981833701303,0.0839100967277986
237,0.012553777319121842,0.0837468231398438
238,0.012475654512158797,0.08353391626727572
239,0.012412050157423362,0.08331828047540299
240,0.012336517002178506,0.08326414673313341
241,0.012264097424242235,0.08304022655946804
242,0.012173546985654767,0.0828240659073049
243,0.012117632903548043,0.08274050166728776
244,0.01204927880026646,0.08266054540912018
245,0.011965299734201346,0.08250511967618927
246,0.01190094251702551,0.08246554783689587
247,0.01179439837795006,0.08210250984551189
248,0.01170987736184405,0.08199064498542831
249,0.011623317457469121,0.08176075545347533
250,0.011556012890971103,0.08172970148378216
251,0.011491349254151883,0.08165433935157297
252,0.011419556369494948,0.0816825744910382
253,0.011350860996832184,0.08133134844605973
254,0.011273343470129742,0.08123264879478012
255,0.0111958129897322,0.08109659858571065
256,0.011121636442441612,0.0810513547359575
257,0.01105382762738893,0.08084160413321409
258,0.011003752200338252,0.0809249818402324
259,0.010934412441828942,0.08067184490052187
260,0.010885592404875931,0.08062374024686532
261,0.01081566947050083,0.08019746475107818
262,0.01075760064923266,0.08006222430164027
263,0.01067421211767714,0.0797936150238504
264,0.010617346496009303,0.07977709044601185
265,0.01053644978659897,0.07988193918454582
266,0.010477009508303369,0.07987492045182361
267,0.010407052669744747,0.07964549754215998
268,0.010350049633024976,0.07951257613761162
269,0.010301475191129084,0.07951021373206384
270,0.010234564658901074,0.07934605598614466
271,0.010181472876421141,0.07915587743045699
272,0.010108162125533853,0.07898891412460006
273,0.010046739960066555,0.07868838367629029
274,0.009978474267248365,0.07865895825692432
275,0.00991177688862828,0.0783844373799032
276,0.009846811808991841,0.07844358477626953
277,0.00979766142861986,0.07835466356684619
278,0.009734266279048963,0.0783355663400949
279,0.009669568217450566,0.07829716359646596
280,0.009615128212335148,0.07825485264571766
281,0.009565005916020488,0.07820048842463714
282,0.009520608451886872,0.07805156887056121
283,0.009453639468635845,0.07772162838937376
284,0.009407489526388407,0.07762248644345796
285,0.0093542235379146,0.07754782874669358
286,0.009307513429901692,0.07757090965310241
287,0.009268055716927976,0.07730913527244933
288,0.009207975192503288,0.07734138858216479
289,0.009151856159657003,0.07727802738018777
290,0.009090312385150576,0.07715138595803481
291,0.009057248690652872,0.07714502328638267
292,0.009002079321629388,0.07702516066441689
293,0.008937809850865733,0.07692168485025885
294,0.008902564138164948,0.07699055538837371
295,0.00885618682740106,0.07685068303671994
296,0.008804425882394164,0.07686364747213952
297,0.008749348944289869,0.07669945223947634
298,0.008697579984842347,0.07676040627872156
299,0.008640716587020253,0.07675754132401477
300,0.008578426133463282,0.07671735897801896
301,0.008513962849974632,0.07671710505016971
302,0.008463942008616726,0.0765396477889658
303,0.00841036578868049,0.07657016489225872
304,0.00836165728956042,0.07646858120398249
305,0.008314691070116564,0.0764525097740821
306,0.00828140765863464,0.07645656319593375
307,0.008234797136386751,0.07637208030493807
308,0.008191621071638535,0.07621157594264256
309,0.00815664175163481,0.07617940255966842
310,0.008116068123796531,0.07613298737132151
311,0.008068342706812478,0.07613850896859262
312,0.008026068787942105,0.07605535948258557
313,0.007943735891454431,0.07546630189703582
314,0.007894068691665467,0.07537141990404715
315,0.007862096073442938,0.07528242995013117
316,0.00781252180125956,0.07515619413791588
317,0.007772151611615564,0.07506555605195557
318,0.0077392288892413775,0.07503131826437834
319,0.0076981330988359405,0.07485518121400796
320,0.007665428854434006,0.0749003401197176
321,0.007609904246475356,0.0749510184840488
322,0.00756719241671328,0.07498061560637274
323,0.007533335950951978,0.07497515275432264
324,0.007482602083679826,0.074614448683253
325,0.007452767402671441,0.07457010775762439
326,0.007410915501581956,0.07455820209153277
327,0.007371440144428815,0.07441804617084523
328,0.007334569409321128,0.07418635771988097
329,0.007297504763574337,0.07417766755807889
330,0.00726538662790733,0.07402588756080179
331,0.007219678027245664,0.07406196475632261
332,0.007173701017254777,0.07400114741670633
333,0.007142836573558762,0.07395638052644371
334,0.007100635558004721,0.0739434990659893
335,0.007069306249712072,0.07392689990010559
336,0.007036807342013458,0.07392181764894958
337,0.006997599758032463,0.07393539722770584
338,0.006968206888825284,0.07388291662461269
339,0.00693431491425607,0.07386116270656537
340,0.006907940749135916,0.07385570894286612
341,0.0068868832145521554,0.07384738944273211
342,0.006863080063740288,0.07383557639215682
343,0.006818963482311055,0.07380596196295548
344,0.006790704945356227,0.07379752854161814
345,0.0067698368434065586,0.0737650417088644
346,0.0067432198490182385,0.07379738350444
347,0.006715295716640847,0.07375296905845131
348,0.006679296054197635,0.07357746194632733
349,0.006657276547361339,0.07354550786763639
350,0.006628669558285364,0.07357213619478849
351,0.006598336121305359,0.07353060288372223
352,0.006567967022953596,0.07351505967976409
353,0.006548909100130073,0.07348319155040887
354,0.006522764475711036,0.0734656662586657
355,0.006490480844705641,0.0734272480998751
356,0.0064690032654241515,0.07339969861901743
357,0.006450252520082141,0.07337084519627714
358,0.0064221591965356855,0.07333942541422624
359,0.00640417459323515,0.07329347830503223
360,0.006380054388567578,0.07324327378066643
361,0.006358780368449836,0.07330151908805703
362,0.0063398692080600776,0.07326694752985632
363,0.0063214852710306866,0.07323491771327494
364,0.0062859970653568525,0.07331099405130213
365,0.006262409959323157,0.07331389195277338
366,0.0062449505890794735,0.07330019463985116
367,0.006221431125186539,0.07327718809406872
368,0.006178447001979147,0.07321321933309992
369,0.006161791271322878,0.0731833966173798
370,0.006134948105446557,0.07306063625781231
371,0.006117352338429212,0.07302698069351915
372,0.006088795703249439,0.0729312014989691
373,0.0060559280456071105,0.07288818180011795
374,0.0060398810703084236,0.07286100558172605
375,0.0060215209957159834,0.0728406699166939
376,0.0060049458223276645,0.07281483378762407
377,0.005986894803374441,0.07278078828440626
378,0.005960479718837932,0.07264800779004343
379,0.005934306616356373,0.07252273299770523
380,0.0059111265456793525,0.07250826894433823
381,0.005889492602404071,0.07251428104347697
382,0.005872813526490899,0.07246194208230075
383,0.005847857462374316,0.07233773185798568
384,0.005830949142633329,0.07236560838875111
385,0.005808287175642076,0.07238587224041505
386,0.005789754753573718,0.07235998378398821
387,0.0057701455027293095,0.0723668434132822
388,0.005746085750773631,0.07230894168279742
389,0.005731397012959082,0.07228410665562963
390,0.005717345681622132,0.07226053726087604
391,0.005699339574931558,0.07222365172950354
392,0.0056852694812303635,0.07219967256182583
393,0.005661506850493293,0.07217798479799081
394,0.005641330033967677,0.07216489105849087
395,0.005613213738461861,0.07213200261391804
396,0.005599496063541776,0.07210893651110015
397,0.005579308520724728,0.07211109579607061
398,0.005565203853807705,0.07208611363129892
399,0.005551681535609959,0.07204835238736536
400,0.005529190616028652,0.07193070633731855
401,0.0055069444922520834,0.0718129622316354
402,0.005489433164626341,0.07175492973553711
403,0.005462804184014018,0.07172129547582133
404,0.005440584671812264,0.07166381227582909
405,0.005423343842302638,0.07160651776103878
406,0.005410732752370277,0.07158427249480882
407,0.005393046397012192,0.07153315168736521
408,0.005370269686639455,0.0714853263850037
409,0.005354475774625794,0.07149989514205743
410,0.005337823248948802,0.07143996357596027
411,0.005325050382991037,0.07142033040729083
412,0.00530824213132745,0.0714068454801896
413,0.005291305630681877,0.07140962395839832
414,0.005274845258313434,0.07146162940586476
415,0.005262340067471389,0.07143902843703744
416,0.005249666979691255,0.07140073325542531
417,0.005233710912092701,0.0713426520269969
418,0.005218193017960751,0.07128980285795994
419,0.005198660914183874,0.07117868932360909
420,0.005182742345839065,0.07119914893872513
421,0.005167056949271804,0.07114586972655426
422,0.005147740235614811,0.07103288130195999
423,0.005128387134911579,0.07098048856816318
424,0.005111918214556003,0.07088762234642287
425,0.005098089895696176,0.07088095046219413
426,0.005086900925800013,0.07085992107513049
427,0.005071424242265039,0.07086357876053302
428,0.005059263987886813,0.07081867719855393
429,0.005044366942928116,0.0707778403010995
430,0.005026037034420365,0.07073371550574548
431,0.005010963558625831,0.0707372802048903
432,0.0049971981941264645,0.07071737971442783
433,0.004982833082225256,0.07066309408956967
434,0.004968513887060219,0.07062253802764264
435,0.004954308643709404,0.07062823249996128
436,0.004943870395521035,0.0706082232192908
437,0.004929609590040378,0.0705975586922993
438,0.004913752342398964,0.07050073138154005
439,0.004899813754604743,0.07046104443554864
440,0.004886079265782724,0.07046696169185643
441,0.004872093618019714,0.07045704617379994
442,0.004858189978588983,0.0704472285850004
443,0.004848094116258811,0.07042763719318622
444,0.0048329017508187515,0.0703331920407651
445,0.004819276938180742,0.07032374749819546
446,0.004805806851894584,0.07027528480833452
447,0.004795539621656538,0.07025545879264215
448,0.004783031963891279,0.0702411131209273
449,0.004769783323314177,0.07020270293203064
450,0.004755039895915433,0.07011165431870188
451,0.004740100742197051,0.07002072310924261
452,0.004727828783474972,0.07000676198952134
453,0.004715227588702649,0.06995653763352638
454,0.0047053807232333095,0.06993709020813528
455,0.004692820684550544,0.06988704174278895
456,0.004680181469644185,0.06984962434451168
457,0.00466826180204485,0.06983784659509636
458,0.004655772617882605,0.0698010342502848
459,0.004643992409007601,0.06978788840746186
460,0.0046322472179467925,0.06977480540454337
461,0.0046229800326102995,0.06975564906952356
462,0.0046135940166898435,0.06973658311202836
463,0.00460128129993891,0.06972844185479822
464,0.004589226269641376,0.06973490624808823
465,0.004575570615055154,0.06964539192901097
466,0.004562046868706118,0.06955627113827192
467,0.004548527554962966,0.06946992198179058
468,0.004536659631981744,0.06946214830928278
469,0.0045275601503168275,0.0694435169429415
470,0.004516544193370964,0.06943143705134255
471,0.004504821233367115,0.06942385458058642
472,0.004491606245214726,0.06933774837624897
473,0.00448268252763041,0.06931933722008854
474,0.004471241383788274,0.06932620730463908
475,0.004458181406764091,0.06923923281585002
476,0.004449388436679353,0.06922103073292382
477,0.004437731674867784,0.06922623501609917
478,0.0044271445645003476,0.06921481522973855
479,0.004418479680729242,0.06919697716967735
480,0.00440597282008161,0.06911331914252615
481,0.004395415459094628,0.06910204250730413
482,0.004384893195619374,0.06909084044157279
483,0.0043725303747386085,0.06900811086731604
484,0.004364133027893398,0.06899031442882685
485,0.004353280257192283,0.06899735566870481
486,0.004342630704236388,0.06899079178053419
487,0.004330416004916922,0.0689087838984478
488,0.004322184214179466,0.06889119922178036
489,0.004312535157270074,0.06888102534002803
490,0.004300737199328002,0.06879828595370663
491,0.004288787971487528,0.068715378031533
492,0.004280637359089494,0.06869813889815406
493,0.004272569187382842,0.06868025082758522
494,0.0042618676831645205,0.06867435035520136
495,0.004251846447467467,0.06863052948565977
496,0.004241668466224693,0.06858720180405119
497,0.0042316639271603495,0.06854375663863722
498,0.004217486827569379,0.06852493236585161
499,0.004209599607683317,0.06850817914292226
500,0.004201650140467749,0.06849129708238269
501,0.004190487230667949,0.06841227769463258
502,0.004176509446062576,0.06839406189475204
503,0.00416681042691342,0.0683514793587742
504,0.004155608040649526,0.06827125876624658
505,0.004146272137682557,0.06826184786764639
506,0.004135192846389793,0.06818240780583755
507,0.004126058191358178,0.0681731827904077
508,0.004112709543757678,0.0681562295504129
509,0.004101908605484279,0.06807773193620964
510,0.004094472869548692,0.06806052915229562
511,0.004083760426132678,0.06798247929747725
512,0.0040706423373692525,0.06796661082339357
513,0.004060363693590889,0.06794026974538342
514,0.004047371217386665,0.06792450422509588
515,0.00403838249522291,0.06784934224035745
516,0.004031166839037628,0.06783310362032022
517,0.0040208332536316276,0.06775654501333668
518,0.004011684323633705,0.06775201896140684
519,0.0040046018273637955,0.06773592917111178
520,0.003994315862513323,0.06765980436060917
521,0.003985584293114144,0.06762000833106359
522,0.003975289843749929,0.06754433197497982
523,0.00396533899591589,0.06746908544491936
524,0.003955232086796359,0.06739363898309096
525,0.003946476364064242,0.06738948976541632
526,0.003936549558271232,0.0673148390597571
527,0.00392678141048005,0.06724197599462896
528,0.003918362927849662,0.06723433535217392
529,0.003908656763959184,0.06716021297588307
530,0.003899097785753287,0.06708819546203952
531,0.0038893173651827822,0.06701615472054026
532,0.003878379022104274,0.06699077693921646
533,0.0038698641748411223,0.06698731572919349
534,0.0038604967875780724,0.06691465927983048
535,0.0038511104861696757,0.06684373859057842
536,0.0038418908542150764,0.06677163595590495
537,0.0038334312654484046,0.06676810490758088
538,0.0038244516285185297,0.06669627787673903
539,0.0038151981011329077,0.06662627566675719
540,0.0038060791551962057,0.0665561398903325
541,0.0037980860465378127,0.06647699410749067
542,0.003789197402057855,0.06640636667614465
543,0.003780275459593722,0.06633599706736715
544,0.0037714752765266512,0.06626731197341938
545,0.0037625136994130564,0.06619734816657752
546,0.0037549152179173714,0.0661910724363025
547,0.003746082512707356,0.06612152298559472
548,0.003737469331855478,0.06605222558815409
549,0.0037288963293752343,0.0659832978728033
550,0.003718968113220563,0.065958512457629
551,0.003710402090892009,0.06588969440606604
552,0.003701970550034669,0.06582268540234282
553,0.0036938744341677926,0.06579698835676057
554,0.0036853338932746017,0.06572267005093248
555,0.0036769827931275715,0.06565507695913586
556,0.0036687620911629946,0.06558761387212175
557,0.003661053867946313,0.06552222270972347
558,0.003652704881491654,0.0654563523411606
559,0.003644436118856168,0.06538979021941396
560,0.00363636118694878,0.06532328848021257
561,0.0036283605717792014,0.06525713460076044
562,0.003620152197314841,0.06519246249608955
563,0.003612190656848411,0.06512812024787505
564,0.003604262969473691,0.0650626698570094
565,0.003596262839889782,0.06499071643000229
566,0.003588361411143668,0.06492558326239331
567,0.003580546878963654,0.06486040416285398
568,0.0035727934924371014,0.06479573358006006
569,0.003564916506496743,0.06473112979023496
570,0.0035574640276042568,0.06466454371099449
571,0.0035499890802700236,0.06460062612068702
572,0.00354111492344916,0.06457083210145749
573,0.003533679927562074,0.06450731800308948
574,0.0035259274390559135,0.06448210823211449
575,0.0035187113886524886,0.06441679273986135
576,0.003512097291778181,0.06440624727234097
577,0.003504459564300814,0.0643812735474073
578,0.003497162335131017,0.06431833054617107
579,0.0034897377982639997,0.06429106413026738
580,0.003481293880593596,0.06426242402974527
581,0.0034735425753822926,0.06424538153966766
582,0.003465007839884955,0.0642170993941372
583,0.00345682540846121,0.06418901222600862
584,0.0034485281215813285,0.064161132323711
585,0.003440308622693675,0.06413345531456584
586,0.003432226085862883,0.06410597160876709
587,0.0034251421556066868,0.06407996512516112
588,0.003417294439865381,0.0640310790499149
589,0.0034090810117948216,0.06400399157576354
590,0.003401095869118111,0.06397718982899339
591,0.0033932070513677153,0.06395058053082571
592,0.003385330935909406,0.06390232000893259
593,0.0033749964959608634,0.06388401454393451
594,0.0033671784151771303,0.06385789112579221
595,0.0033596118241503,0.06381004032101881
596,0.003351892258622968,0.06376235317615221
597,0.003344171322369265,0.06373655856911747
598,0.0033366187920504703,0.06368917658733597
599,0.003328964576079034,0.06366368119324813
600,0.00332149163370697,0.06363836945022905
601,0.003313765011959502,0.0636116152089634
602,0.0033062698927532634,0.06356482929774594
603,0.003298907635592876,0.06351819666136237
604,0.003291433547711123,0.06349356240454217
605,0.00328410673239849,0.06346910783058254
606,0.003276866996173535,0.06341557539731066
607,0.003269611583230789,0.06339141714148396
608,0.003262280109455162,0.06334552022277117
609,0.003254935620503482,0.0633216407433759
610,0.003248035350787706,0.06326878741470042
611,0.0032409568941863913,0.06321611710533546
612,0.0032340048883203643,0.06316362046781097
613,0.003224674778723461,0.06314742550213907
614,0.00321756426272299,0.06310655581494237
615,0.0032104215466429897,0.06308346561849235
616,0.003203438184708516,0.06306054287868434
617,0.0031965803107346946,0.06300879249211655
618,0.003189596253225789,0.06298606187716888
619,0.003182670737538159,0.06296358224555824
620,0.003175860406841723,0.06291934901797547
621,0.0031690520468802127,0.06289713480428216
622,0.003162210531109229,0.0628531615798653
623,0.0031556008558823955,0.06280933440866478
624,0.003148817496822833,0.06278747774376398
625,0.0031420352660525993,0.06276569767130238
626,0.0031354649487397835,0.0627222583383377
627,0.003128868237597194,0.06267895740489346
628,0.0031225567590075255,0.06262894492586066
629,0.0031158496572494887,0.06260770657397127
630,0.0031093301883845163,0.06256480246564106
631,0.003102784416345711,0.06254372932635756
632,0.0030962079309421182,0.06252281446856334
633,0.003089825293273508,0.06248028920436029
634,0.0030835360067459345,0.06243119122224554
635,0.0030770100875043773,0.06241070659324622
636,0.003070660496915037,0.06236857812090323
637,0.003064967227304436,0.06234862327884279
638,0.0030587960766402956,0.0623067522879354
639,0.0030524701280388433,0.06228672607990735
640,0.0030464049050707397,0.062238505375553636
641,0.003040500652969503,0.062188878324209995
642,0.003034407250946934,0.06214217049310743
643,0.0030281946912958926,0.062121155224612125
644,0.003021981032174718,0.062101731655970875
645,0.003016048285004075,0.062060740902514455
646,0.003009988199751528,0.06201988416297777
647,0.003003889845239003,0.062000778660800455
648,0.0029976995842455043,0.061978759160382965
649,0.0029920202384339668,0.06193012277938872
650,0.0029860129561400483,0.061911397243499235
651,0.0029801815310732203,0.06187231535686373
652,0.0029741715274644166,0.06185381649872732
653,0.0029682848642524425,0.06181376896096899
654,0.0029627950093538153,0.06176559338249504
655,0.0029569842264455834,0.06172576931789798
656,0.0029511570815631124,0.061687254404035954
657,0.002945729415003588,0.0616411072070383
658,0.0029403649986104487,0.06159343815131928
659,0.0029352374570837023,0.061575631989889176
660,0.0029294377923368142,0.06155793287246667
661,0.0029237291078717384,0.0615199740372436
662,0.0029183302304085826,0.06146765114560305
663,0.0029125441621316137,0.061450239276197235
664,0.0029073447860181924,0.061403326640397
665,0.0029015097682293695,0.06138613863322038
666,0.0028966013835270577,0.061369001585886936
667,0.0028910616594639976,0.0613305079980579
668,0.002885291080971415,0.06131364141299548
669,0.0028798717215274684,0.06127536239557974
670,0.002874393877189055,0.06125317016691151
671,0.0028687567484404547,0.06121511061728811
672,0.0028631848919696075,0.06119735701722361
673,0.0028580486582174287,0.061151438529777946
674,0.0028526723903745032,0.06111488091015591
675,0.0028471313887315605,0.06109871512503044
676,0.0028422410758713163,0.06105314674739666
677,0.0028367865269788494,0.06103719081467076
678,0.002831732601919018,0.060987058891120056
679,0.0028265831692595137,0.060937100832390824
680,0.00282165902337426,0.06089205094226502
681,0.0028163726251711273,0.06087643015216597
682,0.0028116499983351496,0.060860676441488265
683,0.0028069918135705933,0.060813818186320555
684,0.002801876045148114,0.06077711783875025
685,0.002796480290689631,0.06075775109024437
686,0.0027915717961897388,0.06070868014197546
687,0.0027863757074571473,0.06069362602487176
688,0.0027812228610392996,0.06065849745094231
689,0.0027763411443405,0.06061004811780878
690,0.0027713740051241277,0.06057397194369969
691,0.002766379312265432,0.06053775457032893
692,0.0027616718616894466,0.060495785032142535
693,0.002756220216989235,0.06044814138803914
694,0.002751360863631063,0.06041352194435468
695,0.0027467112701891725,0.06037022687304984
696,0.0027420576091133934,0.060322677267649165
697,0.0027368483182713434,0.06027598142831351
698,0.0027317561188992794,0.06026039181816402
699,0.0027272992487456012,0.06021532721594597
700,0.002722259406239468,0.06020111369339278
701,0.0027177849506121354,0.06018388117258056
702,0.0027132336847816565,0.06013698800993946
703,0.002708507748363394,0.060101814184099524
704,0.002703817822989805,0.060055358892125994
705,0.002699344214219896,0.06001303286478217
706,0.0026947466493897313,0.05996687692632039
707,0.002689708187785637,0.059971630749957934
708,0.002685210321791365,0.05992554478066859
709,0.0026806674612040488,0.05987970632356667
710,0.0026758984896846226,0.05986611079729112
711,0.0026711588655712313,0.059852623732188935
712,0.0026662599998850756,0.05983811967706783
713,0.002661681479633806,0.05980392859513807
714,0.0026568955232185473,0.05979072609800531
715,0.002651480957581081,0.05980492219231196
716,0.0026470066037815754,0.05975984621223529
717,0.002642303804196941,0.059746802376258824
718,0.0026378679069466115,0.059702035969783254
719,0.0026335540596335387,0.05965750521490669
720,0.002629253707958777,0.05961306135609773
721,0.002625459819149185,0.05960278278456404
722,0.0026197776479178624,0.05959782066565869
723,0.0026157822364299105,0.05958475519693912
724,0.0026108257325643943,0.05954012006383554
725,0.0026062431342189353,0.05952472105667974
726,0.002601458828752259,0.05947825260437001
727,0.002596904533490548,0.05946559865375237
728,0.0025927591244895055,0.059457438063343984
729,0.0025884344978007534,0.05941382492975804
730,0.002583464044732586,0.059412556007180144
731,0.002579292833798253,0.05936927526977372
732,0.002574827223387148,0.05935689158123636
733,0.0025701828993040577,0.05931321401413396
734,0.0025661227374860203,0.059270261432126346
735,0.0025617549680332793,0.05925799851998988
736,0.0025571909053410543,0.0592636745438125
737,0.0025532097809875163,0.05922472304815462
738,0.002549136224505093,0.05918222210413885
739,0.0025452313172485233,0.059141424415040465
740,0.002541172685765395,0.0590991038086485
741,0.002537010001328325,0.059068299675669164
742,0.002533201042071445,0.059027928221334854
743,0.0025291405122215955,0.05898613532880947
744,0.0025242060330533593,0.058999445278317596
745,0.002520438079883898,0.0589613704977864
746,0.002516499479855741,0.058919857280944725
747,0.0025120134280953547,0.05891665315373939
748,0.0025084955955219108,0.058904795694141046
749,0.0025042770256107324,0.058893178615142656
750,0.0025004298686793344,0.05885216820726758
751,0.002496229583303009,0.05884073759213293
752,0.002492471704541872,0.05879986324990277
753,0.0024872827620449314,0.05877037777160362
754,0.002483064106387749,0.05875912957588798
755,0.00247845463652544,0.058772583210570474
756,0.0024743585960175568,0.058761422164753954
757,0.0024706222377956586,0.058724544557141996
758,0.0024667391416896816,0.0586843474165468
759,0.002462781074258765,0.05867077364917705
760,0.0024587701442383893,0.05865733779725888
761,0.0024551277570193063,0.05862081098022172
762,0.002451196855274519,0.05860262750484368
763,0.0024474839875440416,0.05856293491949589
764,0.002443786527125238,0.05852344080261352
765,0.0024402664001168077,0.05848728141964418
766,0.0024366208335355123,0.05844797124300615
767,0.002432883488202768,0.05841200993483165
768,0.0024294276715513584,0.058374333032731325
769,0.0024254456736559553,0.05836395003473986
770,0.0024215706173230356,0.058353650230576724
771,0.0024179066723488125,0.05831621829878653
772,0.0024142794361284507,0.058277427097297024
773,0.0024104753199197387,0.058267311329193265
774,0.002406812144524798,0.058228794072201724
775,0.0024030492742076826,0.058218799405081394
776,0.0023974387176476605,0.05821646984146043
777,0.0023939464884041067,0.05818140511464764
778,0.0023904837237290746,0.058146430785860355
779,0.0023866890820980293,0.05811856736371185
780,0.0023833562820722307,0.058083742141109146
781,0.002379933092771622,0.05804900284075528
782,0.0023764887592179727,0.05801133782963132
783,0.0023729905614476824,0.05797380875293759
784,0.002369970409925412,0.057965641512599184
785,0.0023661416038130195,0.05795603048290894
786,0.0023624129341257745,0.05794654318211706
787,0.0023591925757883055,0.05791370767056655
788,0.002355156957892266,0.05792015798173753
789,0.0023517589358622005,0.05791580996938055
790,0.0023480554994805957,0.05790396706773798
791,0.0023447918391263927,0.05786712756355354
792,0.0023416950770717543,0.0578591085893906
793,0.0023383420249071508,0.05782229483141122
794,0.0023347417688982623,0.057812229513696634
795,0.0023315181622815644,0.05777996489129861
796,0.002328155435263669,0.057743571865711135
797,0.0023244288532959395,0.05770263921544681
798,0.0023207265021883447,0.057709766896548824
799,0.002316883085028002,0.057716381084413355
800,0.002313652543587585,0.05768030755211667
801,0.0023103545603176128,0.05764427416974451
802,0.0023068013925630197,0.05763281832105853
803,0.0023036621727873653,0.05759689494211834
804,0.0023005369651896428,0.057562295113467374
805,0.002297183465224538,0.05752664044098867
806,0.0022940108047207375,0.05749109182850533
807,0.002290499475786023,0.05747907043844723
808,0.002287355012588845,0.05744362872980604
809,0.002283614442281284,0.05745032600907177
810,0.0022800290942648063,0.057457599550176756
811,0.0022769341347619555,0.0574225246347292
812,0.0022735576516656037,0.0574138542030916
813,0.0022699403425198716,0.05740369490953455
814,0.002266771289752512,0.05736882448274473
815,0.0022636651366602966,0.057333991003723335
816,0.002260176188393307,0.057323130770032545
817,0.0022571459483021693,0.05728852860129224
818,0.0022541056825107074,0.05725674919495015
819,0.002251084493248311,0.05722483695283816
820,0.002247669746442345,0.05721415349833934
821,0.0022446779699450757,0.05717990091514863
822,0.0022416245146747904,0.05714568485105729
823,0.0022385958601375657,0.05713559284039042
824,0.002235253591191201,0.057127516250913724
825,0.0022322663496257534,0.057097601962999615
826,0.00222894478559979,0.05708727738763297
827,0.0022259525991227672,0.05705350098908617
828,0.0022230259152991733,0.05702224268517169
829,0.00222008827114381,0.056992607894834756
830,0.0022170880714002745,0.056959107974124366
831,0.002213959841238116,0.056951382870056126
832,0.002210981160041382,0.05691804286963431
833,0.002208086212592889,0.056885788468413544
834,0.0022047849709391797,0.05687586437020246
835,0.002201874823641649,0.05684663747615199
836,0.002198655673148723,0.056839168486073545
837,0.0021957581591906827,0.05680869845613287
838,0.002192520155357356,0.0567705073183265
839,0.002189624227558076,0.056738620681662646
840,0.002186297968529224,0.05673876341788198
841,0.002182678859322252,0.05671017222190077
842,0.002179674548751613,0.0566776197574832
843,0.002176791601509771,0.05664515882188331
844,0.0021740798526050744,0.05661651042636726
845,0.0021711014746859086,0.0565842237983288
846,0.002168227591472712,0.056552083723891
847,0.002165146439068969,0.05654494412834408
848,0.002162117786666499,0.05653786695309972
849,0.0021593723155661714,0.05650819568357954
850,0.0021564640639669176,0.0564762938863994
851,0.0021533893657467397,0.056467052131805494
852,0.0021506471295122623,0.05643532306082433
853,0.0021476751757477704,0.05642843100440298
854,0.002144859581814298,0.05639676843063001
855,0.002142040164178308,0.056365249796889144
856,0.0021393204718847558,0.05633606346500419
857,0.0021362669481599845,0.05632936777959134
858,0.002133153621969781,0.05632985542114459
859,0.002130288411769219,0.056298634732593306
860,0.0021275832291227405,0.05626749952222809
861,0.002124989799421376,0.05623720914298749
862,0.0021222128976073258,0.056206184710000044
863,0.00211842782544382,0.056210266724437845
864,0.0021157121957674813,0.056179520312173964
865,0.002112775544735858,0.056147341816217056
866,0.0021096907349981934,0.05614828373638527
867,0.0021067037530545676,0.05614188605149786
868,0.0021041530529708856,0.05611130946315784
869,0.002101350428245069,0.05608081720327311
870,0.002098285543744015,0.056081901150181544
871,0.0020957348093263517,0.05605359229328514
872,0.002092968239976961,0.05604950273614058
873,0.002090322483438557,0.056021378810534685
874,0.002086901975461751,0.05604047141720881
875,0.0020843792815885137,0.05601050214618036
876,0.002081472181440684,0.05599016376840946
877,0.002078889262420467,0.05596028962530984
878,0.0020760191019714414,0.05595420955728426
879,0.002073201470378465,0.05592295290123207
880,0.0020706567865333004,0.055893245503569694
881,0.002068020378764318,0.05586418006448569
882,0.0020655574512791486,0.05583599155770136
883,0.002062682450557137,0.0558042132792299
884,0.0020596495582816056,0.05581189266123064
885,0.002056944047131867,0.055805325851542915
886,0.0020542420200806585,0.05577456577181771
887,0.00205122670715915,0.05577606411026052
888,0.0020483854538228814,0.05577030504603928
889,0.0020458952113254505,0.055741257895883585
890,0.0020434517365488084,0.055712287618667256
891,0.002040910865803543,0.055683393937794784
892,0.0020382230112859683,0.055652223618576385
893,0.0020357154746734013,0.05562341954109871
894,0.002033258746588753,0.05559510723409031
895,0.002030051521799518,0.05555635639820728
896,0.0020271898141986985,0.05556389935772089
897,0.0020247385299179367,0.05553539274998611
898,0.0020222940549728618,0.05550731959819731
899,0.002019633570579814,0.055501843316705254
900,0.0020165878923297893,0.05551560852473587
901,0.002013921751404491,0.05550949845847514
902,0.002011366220796538,0.055481297573551865
903,0.002008692199066293,0.055473747260461066
904,0.0020064042541633924,0.055445620888712355
905,0.002004040721204749,0.055417567920564556
906,0.002001678577900641,0.05538958920059282
907,0.0019992341888438875,0.055361681562473446
908,0.001996571227850069,0.0553322850790296
909,0.001993905671740982,0.05530295326605647
910,0.001991544445954698,0.05527685830551352
911,0.001989189263553903,0.05524915832859592
912,0.0019866142862503162,0.055228121482993775
913,0.0019840818132054114,0.05522087850530591
914,0.0019817888088613147,0.05520420211177554
915,0.001979258895138948,0.05519922015572116
916,0.0019769010522993724,0.05517188350064613
917,0.001974071288643027,0.055166529848726546
918,0.001971075675456812,0.05518672489147387
919,0.0019685510351848596,0.055179676062161995
920,0.0019660630555280363,0.05515097442847695
921,0.001963540323834051,0.055130299015058046
922,0.0019612158051649825,0.05510325869569161
923,0.001958345058476575,0.055116681372897804
924,0.0019554129651474963,0.055135265083646204
925,0.001952781561031439,0.05513054213002139
926,0.001950304241488633,0.05512371833224763
927,0.0019478257302186863,0.055116943237972685
928,0.001945560461433643,0.05509167915964141
929,0.0019431038909650939,0.055087130297424985
930,0.0019403354545231466,0.055107281218750755
931,0.0019378820796409498,0.055087032072454654
932,0.001935683737497852,0.05506072192166942
933,0.00193315591437692,0.05505626470067088
934,0.0019309027408662964,0.055031275874489645
935,0.0019287537729446172,0.055004937695227275
936,0.0019263988127362684,0.05497866674545354
937,0.0019241016310318612,0.054974357201047805
938,0.0019219384753130476,0.05494824046753807
939,0.0019197128276573494,0.05492214606893912
940,0.0019174472350655077,0.05489870738016339
941,0.0019153556006224507,0.054874107607667574
942,0.0019153473951923831,0.05487410872682348
943,0.0019131665258078601,0.054849557851819226
944,0.0019110427684566771,0.054823715108284675
945,0.0019085583187244642,0.054831859027337955
946,0.0019063405615156904,0.05480612181332336
947,0.001903636435395184,0.05482500674161731
948,0.0019009626448233579,0.05484511991585491
949,0.0018981535796475685,0.05485866470925494
950,0.0018981138518516176,0.05485869789849222
951,0.0018960504135054883,0.05483452736366055
952,0.001893540949315632,0.05484259880857079
953,0.0018918162683841332,0.05485522790549272
954,0.00188957332750278,0.05483510180766795
955,0.0018871346902595218,0.05483104943920318
956,0.001885036669269063,0.054805902989892484
957,0.0018830703535717217,0.05478061590827934
958,0.0018806208816982014,0.05477576714122272
959,0.0018783076883684775,0.05476972809926534
960,0.0018761804740301568,0.0547459415494714
961,0.0018741292210451206,0.05472094345217608
962,0.0018721703643606597,0.054715891721975364
963,0.0018698232550706834,0.05468933787879473
964,0.0018698418052402533,0.054689338666577984
965,0.0018676651692177877,0.054675697257722276
966,0.0018652965517701526,0.05467858138751498
967,0.0018632472120951246,0.054653785843402296
968,0.0018605858424902168,0.054659149314377445
969,0.0018582582973429938,0.05465543050091647
970,0.0018561828534177467,0.05463077173027552
971,0.0018540307448440844,0.05462505123336559
972,0.0018516934007787075,0.0546205282702509
973,0.0018495657884152628,0.054595975528913925
974,0.001847343639979278,0.05456492687333774
975,0.0018472467707615222,0.054565144492139964
976,0.0018449040385382137,0.05453911370843379
977,0.0018430525442476619,0.054514779870843674
978,0.00184241579915283,0.05451592176524087
979,0.0018423955289397643,0.05451592575619137
980,0.0018403697129871816,0.05449164499615527
981,0.0018381297592333266,0.05448813137507159
982,0.001836198813584804,0.05446398855875013
983,0.0018344560697416304,0.054475741488560804
984,0.0018312968504398807,0.05448331771447194
985,0.0018291184605380478,0.05447781419068032
986,0.001826871997488362,0.05445218209532257
987,0.0018253134107652682,0.05446470307977543
988,0.0018230858525747438,0.054481837941666764
989,0.0018210249587857622,0.05446338539548532
990,0.0018190887362000586,0.05446664974492275
991,0.0018168822156671267,0.054463280179970174
992,0.0018148035378722487,0.054457917680373544
993,0.001812802302666193,0.054434173307171305
994,0.0018108464663402545,0.05441045082975601
995,0.0018089537217106993,0.05438786697809442
996,0.001807088455081972,0.05438830710037375
997,0.0018051582158239749,0.054364829338105505
998,0.0018029578998861357,0.05434666603276198
999,0.001800996246174135,0.05432322713304644
1000,0.0017988296681935364,0.05433930756224653
1001,0.001796933202507614,0.054318113053500997
1002,0.0017950668839782176,0.054294878350052665
1003,0.0017928551766659363,0.05428980565191422
1004,0.0017903385733562798,0.054294958440215965
1005,0.0017884560421431975,0.05427179151505906
1006,0.001786875198781661,0.05428425856948197
1007,0.0017868321188506363,0.05428452047515317
1008,0.0017868321188506363,0.05428452047515317
1009,0.0017857200737281481,0.0542702519570556
1010,0.0017844758655498497,0.05427917681287176
1011,0.001782380428609511,0.05427555045221615
1012,0.0017804391173008843,0.05426313048822531
1013,0.0017780342288309604,0.05427009856362054
1014,0.0017753726995819359,0.05430187540115355
1015,0.0017738163277386144,0.054299722543232974
1016,0.001773819060652337,0.05429976903995613
1017,0.0017720071500617542,0.05430045815356478
1018,0.0017698582634742516,0.05429752587016673
1019,0.0017679331969773775,0.05428530623630595
1020,0.0017661608654970398,0.05428603687610833
1021,0.0017661608654970398,0.05428603687610833
1022,0.0017643824850096911,0.05426426951579402
1023,0.0017625365013408663,0.054241654344557584
1024,0.001760558260509102,0.054229579345994865
1025,0.00175889156888863,0.05422553096374143
1026,0.001756874474549944,0.054207378438027407
1027,0.0017569086391736085,0.05420738430776515
1028,0.001756877160926001,0.05420739086644235
1029,0.001754983706490312,0.054195411147461604
1030,0.0017523574412995062,0.05422701314424006
1031,0.001752330843102492,0.054227259446520015
1032,0.0017503612047652794,0.05421539917809751
1033,0.0017480968125463375,0.05422182985174675
1034,0.0017462922204305785,0.05419956234726096
1035,0.0017453932756182912,0.05420647909906913
1036,0.001743002579997756,0.05422660976500255
1037,0.0017429785834981726,0.05422697931427529
1038,0.001740698544874965,0.05423337145155073
1039,0.001740698544874965,0.05423337145155073
1040,0.0017387649714849971,0.05422881133042654
1041,0.0017362341968158218,0.0542462046647997
1042,0.0017361627723512178,0.05424635093129949
1043,0.0017340844116742384,0.05422208987545685
1044,0.0017340353537168157,0.05422256148549878
1045,0.0017340575053608773,0.05422256775428914
1046,0.0017340290709896796,0.054222882148269654
1047,0.001732057637750219,0.05421267331760562
1048,0.001732009861001763,0.054213000313989367
1049,0.0017302169514054884,0.05419160045307102
1050,0.0017277419336981534,0.05422379974604217
1051,0.0017266842176352712,0.05423274948754823
1052,0.0017253441400518572,0.0542167848483027
1053,0.0017245144192695795,0.054223714177489814
1054,0.0017229867999471523,0.05422683293615307
1055,0.0017216727566651427,0.054237905192724964
1056,0.0017216260264448886,0.05423805816070315
1057,0.0017199041064991445,0.054216233322409046
1058,0.0017199130290646725,0.054216248738490735
1059,0.0017173570466713416,0.05424824426689158
1060,0.0017148282386098982,0.05428041875555136
1061,0.0017145906178955863,0.054281990519412286
1062,0.0017131597549690976,0.054282962142285604
1063,0.0017119499172048738,0.05431387694122128
1064,0.0017096640960988531,0.054333871597686385
1065,0.0017090199716175134,0.05433570468216669
1066,0.0017083669495117032,0.05434271280184968
1067,0.0017082914900393873,0.05434310697733527
1068,0.0017066338969238585,0.05432100852137576
1069,0.0017046524734921698,0.0543167073383191
1070,0.0017023903720079713,0.05432368159789235
1071,0.0017023541861979979,0.05432373192967311
1072,0.0017007153672946066,0.05430380901527997
1073,0.0016989363790068475,0.05429288634055066
1074,0.00169759872856904,0.05428981825371694
1075,0.0016964364316983918,0.05429877662285013
1076,0.001696451946388256,0.05429878346166605
1077,0.0016945268818482411,0.05428695195178635
1078,0.0016929631365245677,0.054290583024007195
1079,0.0016924858387929106,0.05428959930935227
1080,0.0016907959515263023,0.054295536849904236
1081,0.0016907763843593121,0.054295770644016986
1082,0.001690726409453334,0.05429560517875395
1083,0.0016906954645387565,0.05429597475308654
1084,0.0016896937930604107,0.054305472233894286
1085,0.0016897194420029055,0.05430548860232955
1086,0.001689670024410375,0.05430590528872013
1087,0.0016884323693615495,0.054306752687137395
1088,0.001686213916862978,0.05429863143840187
1089,0.0016849576802636795,0.05430971341732925
1090,0.0016837600475714557,0.05430717333774072
1091,0.0016837817936475915,0.05430723497639724
1092,0.0016812113753985614,0.05434010300830803
1093,0.0016786167374612823,0.05437301267113079
1094,0.0016775941377315524,0.0543819860445276
1095,0.001677607698657796,0.05438213580559911
1096,0.0016775857684234372,0.05438239826312848
1097,0.0016774945586910106,0.054382660719507835
1098,0.0016758676410839417,0.05438873892845098
1099,0.0016758596656381774,0.05438860585595144
