0,0.5976271339497723,0.6044852275114793
1,0.5427356289474519,0.5530262478105314
2,0.496450295323854,0.5098279387086302
3,0.4556448561149639,0.46957456377836376
4,0.41893656985772837,0.43586436012289026
5,0.3868429939989205,0.4080222904027163
6,0.3584753410829293,0.3812565600479042
7,0.33194989088799925,0.35638937534211756
8,0.3081575578876904,0.3341735634174976
9,0.2866878752688785,0.3136408486209073
10,0.26759479620626997,0.29634137075025957
11,0.2502252242558605,0.2785396567740283
12,0.23433604042281161,0.2642190579202149
13,0.21976192205489337,0.25131748616695404
14,0.20596702789867316,0.23834753937118655
15,0.19337222925745523,0.2263782188132569
16,0.18171042105653784,0.2154203189925833
17,0.17143579126223102,0.20647698198701
18,0.16126408100455672,0.1968196275142523
19,0.15181631146633362,0.1874526838188643
20,0.14312909991777206,0.17989171623856157
21,0.13508609594306448,0.17172358185052872
22,0.12764468561898876,0.1643337960262875
23,0.12150996552964488,0.15895432176498267
24,0.1150476455606602,0.15252254346569816
25,0.10900534495997888,0.14760026876088028
26,0.10348981923863783,0.14180159761191724
27,0.09828981399986443,0.13710404257034206
28,0.09351674924799047,0.13269966963555788
29,0.0890948299707456,0.1287217394418114
30,0.08488147625965732,0.12455342562644037
31,0.08103308947449857,0.12023077381181192
32,0.07754031267876808,0.11792987384475194
33,0.07419219468771429,0.11504405601830273
34,0.07081807723043712,0.11205727201732961
35,0.06783181499014353,0.10934463108552027
36,0.06507377779868605,0.10607330775359175
37,0.06235124423567738,0.10341411597699254
38,0.05965095757926395,0.10119469036030901
39,0.05730819173546119,0.09907215839804528
40,0.05511267412617639,0.09743080269750003
41,0.05305222639875425,0.0955298802723269
42,0.05103525970704281,0.09360472450626421
43,0.04921621264337183,0.09211080736265732
44,0.04748589051170991,0.08996243733953643
45,0.04588804117936109,0.08819313263418255
46,0.04419620972188128,0.08708437108485909
47,0.04271939960768917,0.08545156160963106
48,0.04141221566964964,0.08397653406219822
49,0.04022517878623618,0.08207972112347137
50,0.03888514943441355,0.08051914022723725
51,0.03749745065899013,0.0796367553584687
52,0.03640765961832725,0.07849256956315302
53,0.03522542281751777,0.07790990145160602
54,0.03409084189263592,0.0766507308357037
55,0.03316269633564893,0.0761079905902619
56,0.03227071105604889,0.07514476373914507
57,0.03129255120222876,0.07409024982621054
58,0.03039438147507199,0.07358211547566149
59,0.02960053844387633,0.0730694756270028
60,0.02872534841171128,0.07159649957339842
61,0.02793092743984864,0.07078727952890344
62,0.02714257483923255,0.0694363709733627
63,0.02640900787882057,0.06817770118385062
64,0.02584463100660347,0.06760878753490172
65,0.02527442106153243,0.06741181694503341
66,0.02463049315693942,0.06628047476860356
67,0.02408534349044682,0.0661138762453837
68,0.0235740706314343,0.06595897066642295
69,0.02300974189631314,0.06493900073589859
70,0.0225798910046201,0.06450294804564871
71,0.02206318481418478,0.06356041081208777
72,0.02160812497131301,0.06346433384569136
73,0.02118060364295821,0.0631942923441734
74,0.02086580838371007,0.06282781850505662
75,0.02045854491982507,0.06276662613183343
76,0.02010847248103736,0.0629243395946265
77,0.01968630562104019,0.06211329205729231
78,0.019319718749682,0.06178841240714294
79,0.01893016817316843,0.06103386767566777
80,0.01865458731849136,0.06082249540518355
81,0.01833213594483703,0.05998457098830041
82,0.01798240699649246,0.05930482702084131
83,0.01774402180108354,0.05945711478509091
84,0.01747323749113603,0.05877918537685668
85,0.01716467325516802,0.05850763915485323
86,0.01693667028902692,0.05811541112764114
87,0.01670230285182677,0.05803869172910249
88,0.01651714056740505,0.05755761912819203
89,0.01632053897253002,0.056840340353569
90,0.01604659220102693,0.0566111101415827
91,0.01584343528336651,0.05630514031572902
92,0.01566693370210027,0.05563875289818088
93,0.01542004459354627,0.05557338112151598
94,0.01525983294110059,0.05496210352886099
95,0.01508067574340512,0.05496736082816394
96,0.01495821811585012,0.05502300286680911
97,0.01481332291547045,0.05444909050896928
98,0.01466069101665558,0.0546006739502875
99,0.0145270075670771,0.05406533865191575
100,0.01439374090993654,0.0538205151474308
101,0.01424338790852894,0.05386733816511888
102,0.01412163195033957,0.05337520986590739
103,0.01398507699979326,0.05355268232601152
104,0.01380980300210457,0.05323287275630039
105,0.01369664190461153,0.05323027542301013
106,0.01358077970524012,0.05301505477157432
107,0.01344966765999753,0.05309843494567078
108,0.01332864785089751,0.05327585315111779
109,0.01320906723612807,0.05266332905355759
110,0.01304760823028858,0.05241053775566947
111,0.01293670965306164,0.05258871312892822
112,0.01283698878922643,0.05215391266968224
113,0.01271937305720492,0.05229402301387841
114,0.01263548459110597,0.05237575797850245
115,0.01253947057965299,0.052404085152455
116,0.01244297515790255,0.05221636264308632
117,0.01236482837255328,0.05229786184621504
118,0.01225518414371386,0.05209776932619267
119,0.01216499407482743,0.05167919653084047
120,0.01205663992028689,0.05183506300570546
121,0.01192021396319423,0.05143791007435788
122,0.01181631070557869,0.05151626784968507
123,0.01175207264608177,0.05101191997400147
124,0.01167057317510186,0.05079223359500027
125,0.01154741324685197,0.05043648540139567
126,0.01145124628469553,0.05018549995397085
127,0.0113946382712079,0.05011255746505192
128,0.01130366806327212,0.04993676421728886
129,0.01121391677844548,0.04970265591675722
130,0.01110149511957418,0.04939194901009694
131,0.01102102701974378,0.04919454767842071
132,0.01093552648863796,0.04902212370691084
133,0.01085654308026078,0.04882430613928751
134,0.01077579103194684,0.0486589171507928
135,0.01069689876205482,0.04809809735257199
136,0.01059754243632906,0.04783178443744124
137,0.01052361312479031,0.04764942722049655
138,0.01046780878319763,0.04763938304085469
139,0.01037630380740886,0.04739440496880459
140,0.01030745107317881,0.04722795257559763
141,0.01027650998234953,0.04708318317764449
142,0.01023082894124065,0.04702673885001606
143,0.0101590371004032,0.04687359856804935
144,0.01007530773998811,0.04665465036645061
145,0.01001060951982784,0.04650269245670003
146,0.00998225916947166,0.04641840524221821
147,0.00992648088124422,0.04629025223682849
148,0.00989900577965622,0.04615414168450285
149,0.00983164290744673,0.04600741400173609
150,0.00977331506674291,0.04587343842070038
151,0.00969583183481578,0.04567561000022669
152,0.00964764280501845,0.04556894471042452
153,0.00960701255474475,0.04547826575043683
154,0.00958064131619112,0.04532038075286526
155,0.00950930105598393,0.04514180902957118
156,0.00948390807472886,0.04500752432427912
157,0.00943831847353767,0.04490979138638947
158,0.00937253270399946,0.0450522136224618
159,0.00931095133017772,0.04491147245497924
160,0.00926755905187507,0.04481713059115234
161,0.00924303422429008,0.04474231600377627
162,0.00921973781246029,0.04459499588023851
163,0.00915777639538346,0.04453086826066323
164,0.00913414477586879,0.04463162995199417
165,0.00911104427663364,0.04450201904618662
166,0.00908853352822397,0.04443202557996591
167,0.00906609078211349,0.0445006403791882
168,0.00904367621178908,0.04459867384387078
169,0.00902150503432015,0.0444517561469923
170,0.00899939101653437,0.04453854485936872
171,0.00897810207035426,0.044469284776414
172,0.00895685215984666,0.04456564021913417
173,0.00893560666424621,0.04442211904033384
174,0.00891418512861032,0.04448972664393516
175,0.0088936225035398,0.04437112343109949
176,0.00887342161501522,0.04438395457659531
177,0.00885307941428107,0.04424465222093583
178,0.00883216610244555,0.04432977539145613
179,0.00881207470732849,0.04426349254592404
180,0.00879225067958712,0.04435627432738349
181,0.00877271856550398,0.04421996871606897
182,0.00875254775131068,0.04430417723155448
183,0.00873297363536299,0.04409210496437531
184,0.00871357037792952,0.04400591408593355
185,0.00869463285502266,0.04387246133602266
186,0.00867489794680816,0.04395542182456855
187,0.00865638629857331,0.04384167690903389
188,0.00863790031567927,0.04363658988002719
189,0.0086191393442837,0.04372860219586733
190,0.0086006483680039,0.0438101609415953
191,0.00858209462499612,0.04367660472756713
192,0.00856370028726575,0.04359401800288502
193,0.00854584453174918,0.0434522654804923
194,0.00852791683636107,0.04353193239120838
195,0.00850997015224273,0.04333041966118809
196,0.00849248820992256,0.0434207786846865
197,0.0084750431347197,0.04329205316505497
198,0.00845724415501956,0.0433718951906405
199,0.00843995856153165,0.04330735123885161
200,0.0084229563887405,0.04333352110096622
201,0.00840573107592178,0.0432063079996234
202,0.00838873505875069,0.0432850974496802
203,0.0083720707426527,0.04317840072710149
204,0.00835534026307389,0.04298353720722454
205,0.00833902443864045,0.04290735120002365
206,0.00832245983970147,0.04278343866782642
207,0.00830596575998333,0.04286078224502309
208,0.00828975857415231,0.04272672816264126
209,0.00827394492999691,0.04264483813312836
210,0.00825825050008831,0.04252576926987935
211,0.00824192915871998,0.0426026627560182
212,0.00822636999733871,0.04241666813466729
213,0.00821094969888781,0.04231331521737297
214,0.00819562321879318,0.04224174536936046
215,0.00818046782852424,0.04212537386191108
216,0.00816465189236224,0.04220072102539784
217,0.00814987650441113,0.04212416520733693
218,0.00813500357968963,0.04200939129229512
219,0.00811962957615813,0.04208446464534583
220,0.00810477423262885,0.0419035749343623
221,0.00809024983946973,0.04197736851587011
222,0.00807558621294607,0.04185138670644457
223,0.00806109119594611,0.04201371439382086
224,0.00804681632175893,0.04183688420184458
225,0.00803260320198216,0.04190963202611554
226,0.00801827305898129,0.04179684512808428
227,0.0080038976792731,0.04172302012051619
228,0.00798979231402992,0.04165419127061646
229,0.00797591584017897,0.0417267606365955
230,0.00796203231496562,0.04155344183135849
231,0.00794819704326353,0.04159220810090498
232,0.00793477935052239,0.04153076208524079
233,0.00792100075265338,0.04142115098983305
234,0.00790712147464037,0.04149275868273965
235,0.00789378760524854,0.04142669779101418
236,0.00788025326927219,0.04125694095625307
237,0.00786709927594459,0.04119056554358954
238,0.00785378332875553,0.04126147680486051
239,0.00784012107440823,0.0411519662216101
240,0.00782713295936176,0.04103438138442401
241,0.00781407641217491,0.0411044251212753
242,0.00780107342643033,0.04115401970441351
243,0.00778814377985987,0.04119328189811382
244,0.00777542009961837,0.04109870511520358
245,0.00776251073010236,0.04093274570090676
246,0.00774981407008894,0.04100209520266207
247,0.00773731857831021,0.04093810359040367
248,0.0077248303991887,0.04087470942541476
249,0.00771238296866803,0.04071316032083244
250,0.00770009149254202,0.04075316485282351
251,0.00768767853318982,0.04082184896425723
252,0.00767527339909006,0.0407064793443379
253,0.00766283578675459,0.04075497618568089
254,0.00765096046873893,0.04082282915024425
255,0.00763902853649707,0.0408615279379224
256,0.00762682743348145,0.04070104829292837
257,0.00761518380662252,0.04058980417487744
258,0.00760351444937891,0.04065647768368433
259,0.00759162985791541,0.04070483345364394
260,0.00757976446446584,0.04078742885350629
261,0.0075682413042379,0.04069638801521141
262,0.00755664089340896,0.04053961987937238
263,0.00754540478414088,0.0406060792198072
264,0.00753398726426115,0.04064342990046838
265,0.00752256513178409,0.04069121155835392
266,0.00751129802601709,0.04058034206225004
267,0.00750025857229088,0.04064847516461408
268,0.00748924080927371,0.04049556618390072
269,0.00747817770632657,0.04060036487746881
270,0.00746733342572582,0.04066642892967838
271,0.00745628409004984,0.04062561557537385
272,0.00744538140593699,0.04053653850860428
273,0.00743459837974444,0.0404790813452884
274,0.00742388694769553,0.04037145314038383
275,0.00741335313388525,0.04030167022710385
276,0.00740292010911847,0.04034927449042648
277,0.00739241741857668,0.04038572905487304
278,0.00738184764174678,0.04045368857095837
279,0.00737146115172616,0.04034740709751502
280,0.0073611948765964,0.04031045264823511
281,0.00735093559514108,0.04022470159103689
282,0.00734076062364473,0.04020802717886809
283,0.00733071302738109,0.04015356256206939
284,0.00732070076072897,0.04008652070159179
285,0.00731055338238238,0.0399873775467123
286,0.00730043091491577,0.04003581943218775
287,0.00729060215798909,0.03998348567728209
288,0.00728059810793199,0.04001972743563973
289,0.00727072201026693,0.04008607447286812
290,0.0072608552767993,0.03998898222942064
291,0.00725101115504903,0.0400375848281668
292,0.00724134917646342,0.03993640980023794
293,0.00723147625823193,0.03986980542965914
294,0.00722201802444953,0.03981933264819148
295,0.00721236474535065,0.039917876178771
296,0.00720286073775931,0.03990232629991254
297,0.00719319261530712,0.03995124321507039
298,0.00718362987014928,0.03985598156402005
299,0.00717433600860474,0.03975735265255655
300,0.00716498876479838,0.03974223533081745
301,0.00715541469569191,0.03970851478436169
302,0.0071461666839141,0.03980527031376119
303,0.00713701156848481,0.03974320600017173
304,0.00712787484139931,0.03979182349352273
305,0.00711866832936501,0.03971164599527953
306,0.00710957365719458,0.03977731853236757
307,0.00710044212202455,0.03967876025126316
308,0.00709147705005067,0.03964703687681602
309,0.00708256287212102,0.03963192882304781
310,0.00707359141769312,0.03954062747252864
311,0.0070647009593853,0.03957323684273313
312,0.00705575982523202,0.03954203865298321
313,0.00704703956712415,0.03952730367322207
314,0.00703838352625838,0.03943185955618641
315,0.00702970420656589,0.03940155741468886
316,0.00702113607250075,0.03931307249429385
317,0.00701254059614647,0.03929850510366333
318,0.00700402318310168,0.03939082442941451
319,0.00699539425653171,0.03936067833226164
320,0.00698709909764667,0.03934693382909025
321,0.00697881681184959,0.0392605807342129
322,0.00697038387954887,0.03923120253155223
323,0.00696217921566651,0.03913882271764713
324,0.00695400214337476,0.0391252057573753
325,0.00694581563826372,0.03915668474375987
326,0.00693747791386728,0.03912789368113518
327,0.00692954805814664,0.03904408383711528
328,0.00692153926522204,0.03903079115492061
329,0.00691338297068656,0.0390027497999324
330,0.00690555804606817,0.03903400385928223
331,0.00689775402911387,0.03894434853570131
332,0.00688992492231901,0.0390061474038073
333,0.00688192229261024,0.03897922369091807
334,0.00687428542579045,0.03889744384179102
335,0.00686657190759673,0.03888374610847517
336,0.00685874900771343,0.03885754851936516
337,0.00685117189347623,0.03894361175768139
338,0.00684362450270523,0.03881559762217816
339,0.00683603301065607,0.03880275912796516
340,0.00682851736596754,0.03872222175302271
341,0.00682100387384308,0.03869675454132868
342,0.0068135583676669,0.03860949439471229
343,0.00680607873866873,0.03859678829334431
344,0.0067987139323772,0.03868213763740681
345,0.00679124039505461,0.03863316502631258
346,0.0067840058602267,0.03860829576177031
347,0.00677672303097027,0.0385296710019747
348,0.00676935222261338,0.03851723261650877
349,0.00676221746661023,0.03856745423911559
350,0.00675497661689076,0.03854301146818146
351,0.00674781897846065,0.03845798453059595
352,0.00674066929593039,0.03844548953162343
353,0.00673363444418231,0.03842171675709184
354,0.00672653678798719,0.03834474839511261
355,0.00671955848192338,0.0383328671856901
356,0.00671265025532473,0.03841519492913734
357,0.00670556025311721,0.0383676516840741
358,0.00669873080423113,0.03834439890592226
359,0.00669185528196257,0.03826170675837112
360,0.00668500922234511,0.03824964531628251
361,0.00667815734879776,0.03817479861698722
362,0.00667138141631897,0.03805622734864381
363,0.00666449206501356,0.03813854165267772
364,0.0066578574930775,0.0381156900431641
365,0.0066510114376777,0.03810430074828308
366,0.00664437317389277,0.03803103173997222
367,0.00663786732775906,0.03800874043548362
368,0.00663119214260695,0.03799792092052355
369,0.00662456583270066,0.03804751046550087
370,0.00661806295333868,0.03796729992513524
371,0.00661150775108631,0.03792229121129392
372,0.00660516393379242,0.0380014093301085
373,0.00659876010779824,0.03797939778363158
374,0.00659221420725801,0.03796818624982984
375,0.00658567891994128,0.03789592640036922
376,0.00657939494717889,0.03787446081776499
377,0.00657301248771386,0.03786379164471777
378,0.00656675707402458,0.03778566908271047
379,0.00656064075913461,0.03774253765180589
380,0.00655435621359045,0.03782106507144188
381,0.0065482954973709,0.0378000458146274
382,0.00654203712924305,0.03778922376427594
383,0.00653606953986397,0.03771355176973924
384,0.00653011419246348,0.03774212984405624
385,0.00652411221870772,0.03772145641910406
386,0.00651802149330071,0.03777609973773936
387,0.00651224609694279,0.03773422912922547
388,0.00650642547255272,0.03778216824339124
389,0.0065006083487178,0.03788382520692572
390,0.00649468518065907,0.03786395098027392
391,0.00648885957405702,0.03778913683968962
392,0.00648300904867938,0.03773981398390478
393,0.00647737404262323,0.0376723861740934
394,0.00647163125600795,0.03765334248760904
395,0.00646591727378948,0.03775420545019557
396,0.00646018667972025,0.03782903897656949
397,0.00645449772515689,0.0377874098618062
398,0.00644881777227236,0.03771391357152894
399,0.00644326553926905,0.037793476992462
400,0.00643764912812193,0.03777497063368843
401,0.00643208639863028,0.03782265572666362
402,0.00642656005940088,0.03775587668009153
403,0.00642100773916604,0.03785558674184818
404,0.00641539749273391,0.03783762847744363
405,0.00640985195587036,0.03776460734525744
406,0.00640446783376779,0.03786293805399679
407,0.00639902927364996,0.03784571243974554
408,0.00639351909530188,0.0379188475969016
409,0.00638827155779546,0.03801662944753623
410,0.00638296699719001,0.03799987382320738
411,0.00637761627203273,0.03792779734554882
412,0.00637235159552842,0.03795543921672276
413,0.00636708167217916,0.03803346374871371
414,0.00636194829958485,0.03801758953740828
415,0.00635676847269968,0.03794673332035577
416,0.00635158633991563,0.03804398318807016
417,0.00634648159211793,0.03816084937964231
418,0.00634154666521091,0.03823703463853895
419,0.00633650037805357,0.03816639358674465
420,0.00633170159958504,0.03828035875127311
421,0.00632684566017405,0.03824075174866216
422,0.00632203995455411,0.03833512623868256
423,0.00631722997526854,0.03826641574862431
424,0.00631254756662711,0.03829333748061409
425,0.00630785388684771,0.0383674998944056
426,0.00630310549536511,0.03835243803265397
427,0.00629845236777568,0.03828486129398468
428,0.00629386849179135,0.03822132230657639
429,0.00628924028683536,0.03829496354568279
430,0.00628463282787329,0.03828068258343802
431,0.00628004957566241,0.03837318442706569
432,0.00627546719556699,0.03840004413959233
433,0.00627096661070767,0.03833347994685148
434,0.00626641528262033,0.03831971465283109
435,0.0062619159906627,0.03841143309682093
436,0.00625743856947408,0.03834852360359746
437,0.00625297926026278,0.0383353551345523
438,0.00624851319808331,0.03838076884154701
439,0.00624413132672899,0.03847155444436594
440,0.00623977443389706,0.03845899695843
441,0.00623541395587701,0.03839338051553708
442,0.00623097158123718,0.03832439431026104
443,0.00622668806341948,0.03826329972374939
444,0.0062224213225808,0.03830806051309292
