0,0.5966317103459284,0.606495988892985
1,0.5421624739582722,0.5578328721470885
2,0.49459356650873854,0.5147612645075872
3,0.45402703123105753,0.47728922471895324
4,0.4170540439394804,0.4435231849387452
5,0.384190749499824,0.4140672903139513
6,0.35546422258510696,0.3888866989822178
7,0.3295069111326894,0.3660743406840733
8,0.3061165283178235,0.34426191727538685
9,0.28356041423567047,0.32411313695566996
10,0.2643475905060768,0.3071384341507168
11,0.24677106439248547,0.2904826581150621
12,0.2305561059287616,0.2746238166486824
13,0.21522404511387533,0.26188283634709786
14,0.2017143903361572,0.24874214025644156
15,0.18888410870599878,0.23957815373336877
16,0.177276689354535,0.22978592704940629
17,0.16631232154975226,0.22109457506583288
18,0.1565567851475962,0.21232878203902925
19,0.14761098873402392,0.2053458362326517
20,0.1394124091244661,0.19866612127849034
21,0.13198182512852516,0.19315423030447174
22,0.12490268397544112,0.18680655145710642
23,0.1180115524925046,0.18123404738994744
24,0.11205575952899981,0.17587793806752006
25,0.10626010893547273,0.17056397193080777
26,0.10097322714320578,0.16671972664502951
27,0.09546443287815366,0.16235633288602253
28,0.09054886052323567,0.15882635108389698
29,0.08620566128661017,0.15564230985038882
30,0.08210651403559106,0.15270325803494716
31,0.0780906106785431,0.1506111560041433
32,0.07442440026040588,0.14823180768679786
33,0.07099795133735125,0.14605086648857202
34,0.06811824602658277,0.14395238659702814
35,0.06533391009709173,0.14211111335636495
36,0.06240648208800089,0.14055947048569117
37,0.05970946824239506,0.13847992253991273
38,0.05714538073228611,0.13714617150989208
39,0.05480451953525727,0.13602127773421152
40,0.05251640542461486,0.13378907502680035
41,0.05063178866160113,0.1324702273276481
42,0.04868333464856822,0.13107170969002194
43,0.04684554121283057,0.12973081838380504
44,0.0450729052843219,0.12771717164215152
45,0.04322491562925279,0.12657392264476844
46,0.04166361858945463,0.12472878986007564
47,0.04029138179772257,0.1236513466420737
48,0.03891426053379182,0.12224669593826427
49,0.03763040870295039,0.12102307662736256
50,0.03624787007632491,0.1197061203317819
51,0.03510877200156696,0.11796864397455376
52,0.03406686827560866,0.11672016219901186
53,0.03306161006912589,0.11589039718875518
54,0.03204891072831802,0.1152762949650923
55,0.03112734942236444,0.11448248117589034
56,0.03013232734136202,0.1134049169678282
57,0.02932136262393464,0.11235899597426856
58,0.02857860599281164,0.11255494983621188
59,0.02779894637245849,0.11230378083188783
60,0.02708211084981296,0.11147677745915703
61,0.02645675104960881,0.10968856767311201
62,0.02573825147483948,0.10981720712568079
63,0.0249936813808425,0.10946703803531088
64,0.02435039476220302,0.1096562791953457
65,0.02388930379331194,0.10882757318073086
66,0.0232569803394234,0.10870165295469073
67,0.02277916186018386,0.10923460291207328
68,0.02229887232117887,0.10861173547947636
69,0.02176534842986327,0.10820070199750281
70,0.0213452019705693,0.1070677486790733
71,0.02093512592402256,0.10760605384360303
72,0.02052114696937848,0.107068245951598
73,0.02003115843111588,0.10705580123812779
74,0.0197148209522161,0.1073086941742676
75,0.01935014076873783,0.10682606277731503
76,0.01903570434692633,0.1067152354958375
77,0.01866945181973279,0.10651368355368274
78,0.01835030695144599,0.10610539453861477
79,0.01799161140781387,0.10619319240552383
80,0.01773180124915338,0.10553065343033317
81,0.01744139988671292,0.10473204774853702
82,0.01719928861999946,0.10488580810008469
83,0.01696459333422583,0.10501213146342926
84,0.01672301542239038,0.10491756646852982
85,0.01649893042286039,0.10507536007879445
86,0.01628318389463187,0.1050298670997618
87,0.01606717793805688,0.10496621852955566
88,0.01584740399234611,0.10442299852250042
89,0.015657041068982,0.10442524656632936
90,0.01546930781486291,0.10457956603380268
91,0.0152923583064566,0.10388942692904723
92,0.01510269020410296,0.10385884082451421
93,0.01492669681633393,0.10400208766101399
94,0.01473262609151489,0.10351015112854049
95,0.01456015366244713,0.1035078530683397
96,0.01439620970216181,0.10352616720310934
97,0.01423669703929061,0.10367511980911041
98,0.01408682614859132,0.10305454972415017
99,0.01390657330649536,0.10293101048695721
100,0.01375389247390718,0.10295280454690559
101,0.01360799090976438,0.10321707593451081
102,0.01347123079320447,0.10336982828672402
103,0.01333909151387391,0.10362860268483368
104,0.01321191389297882,0.10378704997864398
105,0.01308927461946291,0.1040654722166217
106,0.01293275310980299,0.10364293723730472
107,0.01281329048356133,0.1038276891474827
108,0.01270074880225226,0.10399181550179332
109,0.0125701034721115,0.10401307388879154
110,0.01246091497903383,0.10427964915864292
111,0.0123516777623061,0.10444460038075244
112,0.01225012503909766,0.10488553118001628
113,0.01213016143550963,0.10490744530254013
114,0.01204275897132222,0.10492153657385363
115,0.01194810868492913,0.10509392952195952
116,0.01184763402356971,0.10528428321077417
117,0.0117382156815518,0.10531765331097132
118,0.01164820332992899,0.10573572311409657
119,0.01154792418586382,0.10523754290873083
120,0.01141481079972876,0.10486848550659328
121,0.01131481471807941,0.10491646904815602
122,0.01126059887666578,0.10496543537682065
123,0.01117158285422113,0.10513785430921016
124,0.01109091349484675,0.10523124159746138
125,0.01104166087276139,0.10517462532184405
126,0.01094789898079298,0.10522488129688529
127,0.01087739165878092,0.1056240051095681
128,0.01079583409495631,0.10579822627714948
129,0.01074869733685653,0.10601742537935255
130,0.01066110154839647,0.10606690928925873
131,0.01058429389105276,0.10624337402763419
132,0.01053879845114732,0.10646333469584543
133,0.01042274542467587,0.10612170229177247
134,0.0103545324634799,0.10621916043257423
135,0.01028186669026292,0.10638321432602274
136,0.0102398265847184,0.10644600045634434
137,0.01015988489562405,0.10631081381055353
138,0.01011758757826161,0.10626506820515536
139,0.01005420732458383,0.10636496523735471
140,0.0099862896727595,0.10654797336498562
141,0.00991245259637663,0.10642270152239579
142,0.00987292698790463,0.10638320620445493
143,0.00976823930913879,0.10625834907098049
144,0.00969896121523062,0.10614635178929317
145,0.00963533094061979,0.10631114923251936
146,0.00959747419040138,0.10651444451906462
147,0.00954088763803036,0.10677077739235975
148,0.00950451645006139,0.10673482903563367
149,0.00944926361686097,0.10683218350283454
