0,0.5973039598582865,0.6092479815194894
1,0.5442725678721627,0.5644756247709085
2,0.49842542573645876,0.5270919056384118
3,0.45750148037632743,0.4943074547982478
4,0.42137182233752785,0.4615612537651272
5,0.38906957078111043,0.4323281537700485
6,0.3602471316417495,0.40556757888951145
7,0.3344012679798262,0.38130848568219405
8,0.31082378397439864,0.36319304118444634
9,0.28950841217250617,0.3437983005583941
10,0.27016153215215755,0.3262049220093004
11,0.252373511155883,0.31094428454781625
12,0.23618320392055825,0.299361710856249
13,0.2213791311605946,0.2846978840592143
14,0.207410126801703,0.2727675681913292
15,0.1950559920047993,0.26251201986611544
16,0.1832853544421576,0.2528290922170157
17,0.17282724918818082,0.24480233971889204
18,0.16302932211412832,0.2371980681360423
19,0.1537336459035402,0.23008793183080442
20,0.14485643908463336,0.22443047010309095
21,0.13709188119641372,0.21592449527847898
22,0.12990552047779272,0.21084403975324317
23,0.1229725751288972,0.20569481479597615
24,0.11633139841545087,0.20260600676084614
25,0.11015720284738384,0.19584502623631403
26,0.104337539851338,0.18906721734738613
27,0.0989197422187407,0.18553612851998308
28,0.09396104818557972,0.17900586856918022
29,0.08933915624620167,0.17387237211505135
30,0.08515992949993073,0.1698053751018021
31,0.08129033189430669,0.1686165366772112
32,0.07760373843772399,0.1636415357691246
33,0.0742458252563745,0.16211666248656892
34,0.07108872046100569,0.16195356524498253
35,0.06816554835045731,0.15961006570320863
36,0.06522537033575085,0.15598467506140798
37,0.06269467134888355,0.15585135320549484
38,0.06028586527291727,0.1518271330252781
39,0.05817290720437746,0.15151887100476485
40,0.05582015817616504,0.15062602932800304
41,0.05374373245861504,0.14823176470267904
42,0.05177371429566007,0.14752156569898783
43,0.04977475317031309,0.1467345771840313
44,0.04825449971850593,0.14679509644898084
45,0.04658595970729468,0.14739573472640016
46,0.04490648932335387,0.1458015036922726
47,0.04343248806781248,0.14654481710845624
48,0.04200430250481017,0.14563801712714708
49,0.04066817562484725,0.14477336077162853
50,0.03932668503813937,0.14354062778363516
51,0.03812342032196594,0.1437885481045469
52,0.03702257684646891,0.14377855019295935
53,0.03590320008755712,0.14324434488438642
54,0.0348454638266588,0.14408328319684818
55,0.03397040549348426,0.14485650214847628
56,0.03302455924011276,0.1440144988841244
57,0.03212394555109543,0.1421489331124166
58,0.03127797611651349,0.14143405950904547
59,0.03043547856293946,0.14166281753025212
60,0.02981740035050149,0.1425305772675099
61,0.0291746885664147,0.14309855185674278
62,0.02853876142506744,0.14136731344694783
63,0.02791189103499874,0.14116452272039848
64,0.027313927101524,0.14081013169405715
65,0.02674294564652942,0.14055330180409517
66,0.02620867945274317,0.13914707118317812
67,0.02550239186570212,0.13592260965954636
68,0.02498411534323388,0.1356318525734593
69,0.02449450986638952,0.1355465621134819
70,0.02401295840960242,0.13504654567709173
71,0.02356975057397734,0.1344996878549784
72,0.02298262828172972,0.1315638195099002
73,0.02264901572789813,0.13198475396915615
74,0.02227060499237748,0.13131041578426547
75,0.02188211411959236,0.1300099587533623
76,0.02151749595989483,0.12960152931071325
77,0.02125106463822854,0.12980811404074533
78,0.02076553735449644,0.12714636061023307
79,0.02043773452904853,0.12650962728382711
80,0.02012564372949323,0.12594354693818796
81,0.0198946075531869,0.12616901209956588
82,0.01963064111423791,0.1256928972127223
83,0.01931336182515024,0.12509570153593852
84,0.01910404861037323,0.12536777562083123
85,0.0188381778495898,0.12503301914382195
86,0.01858524417192522,0.12464528419026225
87,0.01836410097798312,0.12388786600882208
88,0.01811582446584457,0.12288774446850377
89,0.01786356560046692,0.12333068632070425
90,0.01765791052033879,0.12348290794569958
91,0.01743817404021284,0.12313407081547756
92,0.01721837368709353,0.1225546727706627
93,0.01691636965983639,0.12045417457133285
94,0.01672208844811993,0.12031581788067962
95,0.01656894513679627,0.12057682666620546
96,0.01640378074895765,0.11993937822350474
97,0.01624185253404193,0.11918203063580401
98,0.01607249312487861,0.11963412996156367
99,0.01594637975814384,0.11948276529533809
100,0.01579853987633404,0.11888927526792491
101,0.01566437878492442,0.11909741047606036
102,0.01550669358514894,0.11847818004617283
103,0.01534072579566522,0.11834301877828253
104,0.01520037613290997,0.11767112651512354
105,0.01503906582365744,0.11828718892974104
106,0.01491805256451838,0.11849035447268941
107,0.01478863239658045,0.11794195251774739
108,0.01463220909923561,0.11768007408929887
109,0.01448205082196292,0.11724246993589287
110,0.01438146659811437,0.1171216273457733
111,0.01426776730715154,0.1166226988105656
112,0.01416217298042234,0.11684389844802874
113,0.01404592036851682,0.1161183131357225
114,0.01391886706191504,0.11557957138687086
115,0.01379058337712834,0.11580350348255136
116,0.01367136021816315,0.11674005537969316
117,0.01357393222093418,0.11697200701474775
118,0.01345945278772378,0.11632207096144967
119,0.01334696625561484,0.11573486626058674
120,0.01326118507307371,0.11564812675543171
121,0.01316121168505621,0.11518550180487212
122,0.01304660861397669,0.11538946863703921
123,0.01293857582089374,0.11489587122252068
124,0.01286042367548242,0.11481949807768994
125,0.01276835934534045,0.11437914459352064
126,0.01267814669332078,0.1135235852274051
127,0.01259025397287057,0.11440104583999818
128,0.01251038006180002,0.11501637590181717
129,0.01242620708033248,0.11418783778879935
130,0.0123350463798308,0.11354382213391875
131,0.0122605247959075,0.11414667469024617
132,0.01216805293778045,0.1136847662382534
133,0.01206733248897593,0.11388237767655832
134,0.01198298490499428,0.11345488955983175
135,0.01189610809900102,0.11301048214107261
136,0.01182757601494374,0.11295092290147095
137,0.01175181598947537,0.11319784328129122
138,0.011668287426461,0.112580936966249
139,0.01159846657553846,0.112221679769221
140,0.01154059266471969,0.11263048067205371
141,0.01147842102643783,0.11235702695557848
142,0.01144197607505043,0.11215669421253951
143,0.01136950796241693,0.1113712089711923
144,0.01130764758464456,0.11133081138717359
145,0.01122789439226496,0.11091937198991897
146,0.01116955972527369,0.11065479769540316
147,0.01111753115697206,0.11103693879104558
148,0.01102980258900181,0.1111845185047599
149,0.0109956442087583,0.11101197158779622
150,0.01093976713437459,0.11098225663574719
151,0.01088519352309119,0.11072567676623854
152,0.01081768418601484,0.10996426885645673
153,0.01078554479813697,0.10977983139365768
154,0.01072390259651002,0.10939766540624467
155,0.01068204870670752,0.10981523787511953
156,0.01060511039627222,0.10999591017057506
157,0.0105438204242331,0.10927861463278532
158,0.01049118585517415,0.1092482155648183
159,0.01043482843118369,0.10887048592097587
160,0.01037327881347884,0.10825384566259755
161,0.01032488285456746,0.10776809529960411
162,0.01028225639207189,0.1072790212516678
163,0.0102522254676512,0.10761130132979796
164,0.01022311326144788,0.10745837969051746
165,0.01019500446536867,0.10778299190269036
166,0.01014616202643323,0.10743007116924183
167,0.01008912966846345,0.1068449891281089
168,0.01006132864771004,0.10669823212755056
169,0.00999201411084889,0.10687218264517999
170,0.00996440663776401,0.10740728871890466
171,0.00993795302513588,0.10772827075753402
172,0.00989148321001506,0.10738941793493763
173,0.00986471049987153,0.10722550067629737
174,0.00983838544925675,0.10707391249489265
175,0.00981190788961312,0.10693180517441911
176,0.00978667523248497,0.106697004626807
177,0.00976126102150474,0.10655841731772103
178,0.00973648615267798,0.1068729856716735
179,0.00971130413573509,0.10673775198193942
180,0.0096677277541168,0.1064152891442543
181,0.00961738960257128,0.10587614929210139
182,0.00959366483128998,0.10618716460053942
183,0.00956955505063269,0.10605740476499445
184,0.00950598241471888,0.10621026673310713
185,0.00948258626286278,0.10605965983883764
186,0.009442386864176,0.10540254333710226
187,0.00941875794108325,0.10571247323833222
188,0.00939581363211171,0.10549051104309191
189,0.00935670794609865,0.10484478951132457
190,0.0093342766085298,0.10515070459287316
191,0.00931167824967485,0.1050271542898282
192,0.00928962826911119,0.10533463459616721
193,0.00926789932738437,0.10517547220077396
194,0.00924652326112654,0.10503173839610459
195,0.00922517054813407,0.10530942245092305
196,0.00920387585706571,0.1051906092661039
197,0.00918251262999467,0.10549244377570186
198,0.00916210646839597,0.10537670330741893
199,0.0091416656670025,0.1051662680581033
200,0.00912132135008406,0.10505290292676764
201,0.00910148640848622,0.10534539946596712
202,0.0090811000724728,0.10506982281983185
203,0.0090611565605546,0.1049154960748018
204,0.00904148164760784,0.10520812104664651
205,0.00902206577082545,0.10507169049738517
206,0.00900242452129593,0.10480183638263862
207,0.00898320413734137,0.1050924701711475
208,0.00896393488753577,0.10494112484297807
209,0.00894475460726036,0.10483389081123827
210,0.00892570274219986,0.10472663723803535
211,0.00890703916733261,0.10501516034128144
212,0.00888799560210088,0.1047500588092889
213,0.00886882721757642,0.10520889498498086
214,0.00885030961564933,0.10483794206619687
215,0.00883202018711337,0.10463716571313933
216,0.00881334696740461,0.10490131995574811
217,0.00879527063455668,0.10464182066805354
218,0.00877723082509704,0.10508864590415865
219,0.00875953874408599,0.10498809803882997
220,0.00874144337725299,0.10527491560372125
221,0.00872351813162383,0.10517275735661055
222,0.00870611709963139,0.10491952232669163
223,0.00868841606983211,0.10472155890905983
224,0.00867129458404903,0.1049772142403846
225,0.00865387873992594,0.10484824030596768
226,0.00863670220636637,0.10448799911866624
227,0.008619363696158,0.10476038809756974
228,0.00860216415813928,0.1046154216666844
229,0.00858512393073057,0.10489477027526796
230,0.00856790210309555,0.10464101936652166
231,0.00855105410728656,0.10454655680894995
232,0.00853444615711271,0.10482421069844769
233,0.00851757807994055,0.10467990062482256
234,0.00850121818695078,0.10443306133786862
235,0.00848472076229102,0.10424029442947358
236,0.00846870608830404,0.10450824477855669
237,0.00845223231186577,0.10415423854898948
238,0.00843617411913698,0.10403032535412042
239,0.00842021491257333,0.10389048341024605
240,0.00840428220068973,0.10416346346012158
241,0.00838819747142414,0.10391779355292213
242,0.00837262185814325,0.1038289044148629
243,0.00835679318381833,0.10407746566256769
244,0.00834128074284008,0.10434820031290516
245,0.00832600972541143,0.10421096352805322
246,0.00831068611848053,0.10386921415744467
247,0.00829498217385812,0.1041328151666196
248,0.00827983665942236,0.10401263371366459
249,0.0082648681320559,0.10410056528852803
250,0.00824996876586478,0.1040137420319837
251,0.00823478159089483,0.10426997850715582
252,0.00822003047761717,0.10413507496407844
253,0.00820538059137966,0.10380088447565648
254,0.00819042753849587,0.10406964852450323
255,0.00817590404211852,0.10388546095151009
256,0.0081611014999338,0.10379478184008653
257,0.00814674565837057,0.10371114186377131
258,0.00813269536053297,0.10379763455405207
259,0.0081183882870751,0.10403485986858908
260,0.00810378619576363,0.10391629001513958
261,0.00808969925908189,0.10416288699255617
262,0.00807552847922185,0.10383262957883155
263,0.00806144198937185,0.103651094138763
264,0.0080478376287399,0.10388322491189184
265,0.0080340538348377,0.103968273663278
266,0.0080202000360689,0.10373267019919125
267,0.0080066950964405,0.10341071528699224
268,0.0079930276991905,0.10365345244405275
269,0.00797955986406753,0.1035739354393317
270,0.00796594244672963,0.10383269603566937
271,0.00795216647324256,0.10370066817923433
272,0.00793911318414557,0.10338432858167165
273,0.00792575541946952,0.10320666984202094
274,0.00791250149188352,0.10312258402684545
275,0.00789956116396742,0.10337536943760435
276,0.00788649155425786,0.10329802982892283
277,0.00787373383001058,0.1031707465141093
278,0.00786110404894046,0.10306079545621837
279,0.007848354136653,0.1032955974574229
280,0.00783523656461042,0.10297816726145627
281,0.0078228308224085,0.10320101979324225
282,0.00781049954117747,0.10344925321364176
283,0.00779805434365619,0.10337444489558258
284,0.00778591555559955,0.10325090328210985
285,0.00777355718244028,0.1029430787212722
286,0.00776119691791182,0.10317395436037
287,0.00774913847695583,0.10306644212799326
288,0.00773730481771534,0.10314817741755677
289,0.00772550028883056,0.10307029068132909
290,0.00771342044234708,0.10344702032667195
291,0.00770159136749958,0.10314588042652198
292,0.00768967663927949,0.10339303161347013
293,0.00767800928312411,0.1033216655162575
294,0.00766641256580312,0.10320125677342051
295,0.00765470169742232,0.10342618295792388
296,0.00764326689100666,0.10313044304708095
297,0.00763177316408613,0.10291751212415486
298,0.00762037894220247,0.10316062732510126
299,0.00760925511883045,0.10304335433937632
300,0.00759809162291976,0.10297621000671035
301,0.0075868740923697,0.10319694693060848
302,0.00757565689295566,0.10290490630179372
303,0.00756471150754686,0.10314459876346999
304,0.00755381013646451,0.10307069409496003
305,0.0075429094260751,0.10343173889203092
306,0.00753205330179448,0.10314459284443848
307,0.00752144917704764,0.10303069475264567
308,0.00751085146299914,0.10296429076050037
309,0.00750010675605713,0.10320334392519806
310,0.00748972678215628,0.10310394352619859
311,0.0074791356667417,0.10303151047256696
312,0.00746888944515057,0.10324247382080072
313,0.00745841491612277,0.10296066022363867
314,0.00744811650298828,0.10316453451066211
315,0.00743792660452507,0.10305252539371025
316,0.00742767904087956,0.10299083040453107
317,0.00741765674360027,0.10320055577600155
318,0.00740743375616068,0.10292254468439861
319,0.00739744719870502,0.1032705582248317
320,0.0073875533017689,0.10330163951009157
321,0.0073777259993941,0.10320581027645948
322,0.00736776569683171,0.10313674503437481
323,0.00735799256556045,0.10333839198254602
324,0.00734815944913582,0.10306572786130645
325,0.00733867064147969,0.10300660269342268
326,0.00732907859925875,0.1029404974231531
327,0.00731938839421523,0.1031425500885554
328,0.00730988406414306,0.10317647692272158
329,0.00730047281895467,0.10351555209034724
330,0.00729110382497231,0.10345052145343149
331,0.0072818173230389,0.1033940211085252
332,0.00727262534041234,0.10359344331264256
333,0.00726340632274594,0.10332934501311283
334,0.0072542830497456,0.10322205060091928
335,0.00724526759852149,0.10313301335514592
336,0.00723615943126868,0.10306986531477477
337,0.00722719288815215,0.10310456445146414
338,0.00721816876250739,0.103303882504246
339,0.00720926139095624,0.10355684323304148
340,0.00720025636140205,0.10329588327470816
341,0.00719143594889809,0.10362571008278922
342,0.0071827315380058,0.103571645208621
343,0.00717393563032741,0.1035102492768911
344,0.00716528053099854,0.10370666804334218
345,0.00715664416981911,0.10345128321796937
346,0.00714796371645647,0.10365462705905865
347,0.00713940197891753,0.10369057608845102
348,0.00713077860586214,0.10360421891296077
349,0.00712225404914624,0.10354450880901653
350,0.00711391074301091,0.10349381567941017
351,0.00710553827749599,0.10373833988601941
352,0.00709719646319182,0.10377492248541215
