0,0.44411586742383635,0.4907050062167447
1,0.3003505352875423,0.34409235186170983
2,0.217592398665645,0.2544519248983727
3,0.15727871064379045,0.20549486741105144
4,0.12377464743262763,0.17193648569479492
5,0.10155344746715428,0.15259597321007176
6,0.08563583070517024,0.14131886641767616
7,0.07286027695045494,0.13287666176103385
8,0.06314559418293658,0.12719807798600968
9,0.058237358408554256,0.11606241804661858
10,0.051334544488007984,0.11573957620385952
11,0.04615179912362494,0.1031817592600523
12,0.04180510043995432,0.09317353803371418
13,0.03960383027247757,0.09187063026561394
14,0.03650564572450529,0.08609512928108969
15,0.03352187834833783,0.08532621256444062
16,0.03096688268415876,0.08468258795880163
17,0.02973026948158964,0.08389967302595772
18,0.02764798978156886,0.08106522882153917
19,0.02650965236737632,0.07763996468537929
20,0.024725701014225516,0.07866680844076965
21,0.02322707578757878,0.08000344202584554
22,0.021916837377267635,0.0811077701888323
23,0.020592342384448754,0.0818779631009786
24,0.01927910784266839,0.08423762014229705
25,0.017670678676016092,0.08060604165171469
26,0.016194398000165776,0.0756085099605193
27,0.014774927950417509,0.07843649366084056
28,0.013853824967267971,0.07530959561195492
29,0.012998390347499875,0.07601363842490573
30,0.01238678811456152,0.0758382975635104
31,0.01173270395909969,0.07350309735694881
32,0.011264298338907564,0.07343311261443836
33,0.010786918742516166,0.07486723899176945
34,0.010092644103316586,0.07422930352805364
35,0.009517655277600248,0.07093092767659703
36,0.008958190026457369,0.06949211604865098
37,0.00895804658698369,0.06949173067566018
38,0.008769607658638599,0.06911281350192731
39,0.008200857044575613,0.0674684417637273
40,0.008101009119223476,0.06679421426205558
41,0.007833070753806574,0.06596354488260693
42,0.007478139206324761,0.06539978746870558
43,0.0070443793207356905,0.06545710563657424
44,0.0070044916940905375,0.06552286330585515
45,0.006986999950425194,0.06585348404837403
46,0.00667780656644347,0.06559605723788162
47,0.006462646580295817,0.06720036056868008
48,0.00623949363214746,0.06589622221318356
49,0.0059854562135588625,0.06420896069036754
50,0.005868184759863937,0.06352761984673323
51,0.005766092717842812,0.06357463717478762
52,0.005598618933864958,0.06411865369726208
53,0.005473667189728214,0.0644169280332238
54,0.005220239057161784,0.06159572753933539
55,0.004997222927365677,0.061510829611644696
56,0.004854400173459523,0.060636706955149916
57,0.004800281458443786,0.06086430993175648
58,0.0047150542880940735,0.05993224361104295
59,0.004508920230190862,0.06079631987254221
60,0.004444228778399691,0.06210227514552811
61,0.0043936657980038875,0.06212290829951625
62,0.004389304739189981,0.06238930091252446
63,0.004202962104284631,0.061594416185574076
64,0.004136625413865011,0.0625281108725657
65,0.004110050539639528,0.06253571127707505
66,0.004021695481097664,0.06372157470429247
67,0.003885523498147694,0.06368983316863895
68,0.003854200415797691,0.06358577154823472
69,0.003775899457617311,0.06450661189228712
70,0.0036642534176142736,0.0634761227756867
71,0.0035625699137463883,0.06239320050837398
72,0.003483880728097236,0.06312852269507364
73,0.003434344873165747,0.06254113233470887
74,0.003337697742435276,0.06389479182981304
75,0.0033154213906483256,0.06393930408700943
76,0.0032607431334291397,0.06431884916346364
77,0.003234046683537866,0.06524801697688899
78,0.003162259090565712,0.0636231718012497
79,0.003128301252533846,0.06414542201556381
80,0.0031111309504646507,0.06400777115633079
81,0.0030424782877264507,0.06279352821224564
82,0.0030422327418398614,0.06279404537465764
83,0.0029803938504187775,0.06269222175341276
84,0.002918554262284726,0.061641282408389446
85,0.0028869766252562815,0.06186128979576808
86,0.0028049490510232457,0.061404190621453594
87,0.002749968701914496,0.062012994159982564
88,0.0026894711773267042,0.062035733512110496
89,0.0026255105210371823,0.06193789805883006
90,0.00255808618038447,0.06296331313823382
91,0.0025010024558475685,0.06166054921588971
92,0.0024544620563794572,0.062401867972561906
93,0.002398561682007879,0.06401873355277998
94,0.002352786816736358,0.06405529527766142
95,0.0023526580021865375,0.06405605244706768
96,0.00235259442940526,0.06405655061313441
97,0.0023115546856479563,0.06396802612297983
98,0.0023115039741268754,0.06396765946577922
99,0.00229685047576749,0.0640404266098092
100,0.002296890504706254,0.06404036363245144
101,0.002257596018341951,0.06304927072606083
102,0.0022575520720916503,0.0630491578775426
103,0.0022159195632723183,0.06266041699433651
104,0.002215368739516212,0.06266643474632329
105,0.002215220887876929,0.062667505075046
106,0.0022152162328117537,0.06267085077889292
107,0.0021747427267755507,0.06306785482056645
108,0.002125240284082119,0.06315112297559032
