0,0.4270172739891339,0.4709213092806205
1,0.2931165396780104,0.360131564207893
2,0.2170794430384663,0.30206347659791616
3,0.17372311632579288,0.26713198156722984
4,0.1313867830013296,0.21870824535584185
5,0.1061184772843618,0.19541847146490787
6,0.09266554873919429,0.17651032028660166
7,0.08032880864427186,0.15667835188897986
8,0.06850864720920187,0.14041045894511994
9,0.06147986623369758,0.1280920138184523
10,0.05348940011715029,0.11340643688059733
11,0.04793600988640361,0.1048605610218104
12,0.04415532428894219,0.1012881708085306
13,0.039450451920109555,0.09706152547067692
14,0.03580048418783726,0.09179841947581663
15,0.03196581554756224,0.08768478778371945
16,0.028690739744285938,0.0862119526253036
17,0.026762828907717594,0.08450842806282154
18,0.024768535735445383,0.0842559608542389
19,0.023494600432795134,0.08380447706316882
20,0.02203245950586101,0.08357830493265694
21,0.02035211831812854,0.08255572352729457
22,0.01935548955445977,0.08138031130792032
23,0.01808992645522229,0.082332756041187
24,0.01786830028220738,0.08240297897097677
25,0.016502220984855737,0.07895109266231164
26,0.015392852738479148,0.0789164862512867
27,0.014736044201982825,0.07865103943673468
28,0.014115402635675343,0.07766381543493805
29,0.01331866006873557,0.0741284511082568
30,0.013207201822746253,0.0736932260356166
31,0.013076363901338997,0.0734075190926656
32,0.012761077351616535,0.07270701766222765
33,0.01203649447864254,0.07023289299636751
34,0.011906882997631827,0.07026929990766316
35,0.011196498999179712,0.07051990198818006
36,0.010717469095912806,0.069644351764487
37,0.010664194377713033,0.06970645289776646
38,0.009980479641424716,0.06745495943211642
39,0.009934010875609437,0.06769888149643814
40,0.009266392417504819,0.06902279187551291
41,0.008669085565824654,0.0689370179865593
42,0.0082771001065726,0.06703002413373742
43,0.00825140960309609,0.06709724413176867
44,0.007871197350152419,0.06723059120955448
45,0.00759132675644953,0.06627897331163315
46,0.007122369031470228,0.06687598108883504
47,0.006763776315192289,0.06757423318048289
48,0.00646256586537619,0.0667931855170154
49,0.006131057472160077,0.06454735872183905
50,0.0061309972278002995,0.06454950475256424
51,0.005816181478219239,0.0634836657601507
52,0.005801097157156245,0.06345267216371363
53,0.005786518182196771,0.06345421210145756
54,0.005786521404254089,0.06345442558215479
55,0.0057543840153714354,0.06359152791850661
56,0.005481712872926419,0.06269838085139783
57,0.005261298398826554,0.06097453289180692
58,0.005247564595972568,0.061021061860039576
59,0.0049733026835539155,0.06121032710190525
60,0.004788566993058188,0.061667173803734876
61,0.004781326081081177,0.061713301395171075
62,0.004566073076102728,0.06195472312068824
63,0.004444588578168375,0.06268478984065691
64,0.004266414917153841,0.063415615931582
65,0.004208516698021244,0.06289498686067911
66,0.0040471450544021055,0.06363807940243997
67,0.003950331419056525,0.06341897082848034
68,0.003950331419056525,0.06341897082848034
69,0.0038188305346640783,0.06301364894358111
70,0.003714810151360305,0.06299301257785514
71,0.003620478762323686,0.06254094177943827
72,0.003620514616677321,0.06254160867605897
73,0.003550316894893457,0.06180198561006139
74,0.003453407326740529,0.061469990416125574
75,0.0033655678051080404,0.06086421618922167
76,0.003284472352079364,0.0613339109577334
77,0.0032844612326371667,0.06133373237250502
78,0.0032844068183652455,0.061334175127606444
79,0.0032844125519265834,0.06133504404078339
80,0.0032844222838490002,0.06133586674168669
81,0.003284354400267417,0.06133563917994338
82,0.003284342938125837,0.06133730740658402
83,0.0032842943277554405,0.061339715482401795
84,0.0032842807046010803,0.06134006446879529
85,0.0032842703690054466,0.0613417012768453
86,0.003284224615649213,0.061343270947274854
87,0.0032842257454684504,0.06134407060798979
88,0.0032842560510238186,0.061346478126240105
89,0.00328389991221814,0.061345892222688776
90,0.003283784817598252,0.0613467307620942
91,0.0032838188199093565,0.061347529296479665
92,0.003283465277713275,0.06134454554708789
93,0.0032834372369553735,0.06134434748261112
94,0.0032833542972649414,0.06134614467093309
95,0.0032832621774507554,0.0613486558517189
96,0.0032831420177681495,0.0613527611862985
97,0.0032831315617367378,0.061354485768937116
98,0.0032830713496117656,0.061357454180674086
99,0.0032830406882638488,0.061357969247802194
100,0.0032829343059360937,0.06136286650531111
101,0.003282893261351921,0.061365646867843425
102,0.0032828198373687743,0.06136520135505739
103,0.0032827944265226526,0.06136566961427796
104,0.003282708570329543,0.06136867451782022
105,0.0032827144102372733,0.0613716833469939
106,0.003282686955149486,0.06137238114257882
107,0.0032826777567735743,0.06137311301458586
108,0.003282637021088492,0.06137462545836455
109,0.00328264414789787,0.06137515927735254
110,0.0032826181764650094,0.06137601705538759
111,0.0032770719157456715,0.061364956561976755
112,0.00327704684055424,0.06136646712756023
113,0.0032770327165862886,0.06136691022326577
114,0.0032769883772208012,0.06136730691259338
115,0.003276828695674971,0.061375395163569824
116,0.003276730413106896,0.061376129055529444
117,0.003276685771388901,0.0613790150227484
118,0.0032766282282773096,0.06138215021610013
119,0.0032765767088047204,0.06138740978935974
120,0.003276426911460518,0.06139324758745383
121,0.003276426911460518,0.06139324758745383
122,0.003276310131451329,0.061396099286677684
123,0.0032761614572730433,0.06139928588520134
124,0.0032760988060478347,0.061402355216611214
125,0.0032760815913811746,0.061402084961535444
