0,0.6599967685179722,0.657473948753884
1,0.6324199019741922,0.6320620544820497
2,0.6014196304003145,0.6038385822596417
3,0.5726321186246044,0.5763248666085715
4,0.5430734912087056,0.5501547317271106
5,0.5180847898795996,0.527287911185421
6,0.49223363202758924,0.502077146403744
7,0.46637540587587384,0.4775412504886643
8,0.4446942066917053,0.45686969222501095
9,0.42414354800584386,0.4361392905674767
10,0.4098640859260091,0.4211015199028956
11,0.39115201099008157,0.4025843206279789
12,0.37425004053159855,0.38743645175473423
13,0.3586355423769699,0.3739792730800555
14,0.34806424972171396,0.3653204897249791
15,0.33481500552107507,0.3523070441919931
16,0.32107236685620233,0.3391944916978571
17,0.3100103036408405,0.3286973938113415
18,0.2988486793915649,0.31933894851750455
19,0.2869916499520724,0.3082117579817613
20,0.2765666002428139,0.2980725684132548
21,0.26731382558060873,0.2907376103196231
22,0.2572166378313041,0.2815631510425394
23,0.24827958987309381,0.27267040497579664
24,0.23953494151214977,0.26438558020654906
25,0.23098893795203376,0.2549835932716015
26,0.2224916452234918,0.24703858358706127
27,0.21547126027008334,0.2401192585622229
28,0.2078624198029002,0.23360649585476848
29,0.19983213601613437,0.22663028322017723
30,0.19322632730089045,0.2204681913724712
31,0.18773295611634358,0.2165209847356374
32,0.18314488545305782,0.2106577532609285
33,0.1782649323589854,0.2058667144766201
34,0.17377814478599107,0.20157206535745265
35,0.16880902340942686,0.19721731341996313
36,0.16459828283596825,0.19233837141170043
37,0.15965364949143196,0.18736852430164855
38,0.1552528949597707,0.18284779101258955
39,0.1521749350313957,0.17988871177127574
40,0.148186743392476,0.1765207917727498
41,0.14481526490423705,0.17396265887227447
42,0.14149711624934122,0.1709593671341717
43,0.13813825174756758,0.1682586778216757
44,0.13448183874057218,0.164821791411676
45,0.1312789750786928,0.16159375709831225
46,0.12782120231825572,0.158147109314012
47,0.1251570596615528,0.15538879552258897
48,0.12227386211628442,0.15290240193822865
49,0.11959423519834712,0.15095379638208298
50,0.11714573448094037,0.14865933216753144
51,0.1149727902221647,0.14736053512725564
52,0.11229312590804401,0.1450293173094717
53,0.10999909458825222,0.14321873872765545
54,0.10740755245621715,0.14102529270001274
55,0.10508954465634875,0.13904363834020522
56,0.10325264515211949,0.1374242560270381
57,0.10042189390163173,0.13433237420344968
58,0.09890304450048032,0.13279182494330383
59,0.09638439888482565,0.13148401333959575
60,0.09464548042576228,0.13028302538740943
61,0.0918379020109609,0.12729758410567585
62,0.09001468696662195,0.1255352270467749
63,0.08835111017553852,0.1242533732383042
64,0.08668938524263738,0.12280126674803143
65,0.08529733523603651,0.12153320205589638
66,0.08380829261431655,0.12011557729649908
67,0.0823500904735628,0.11846524107087528
68,0.08066486344150789,0.11724994927346469
69,0.07891247931171905,0.11632116253439877
70,0.07740844651585915,0.11455742117139138
71,0.07608919000191676,0.11362278469235158
72,0.07477175084116695,0.1120263622999255
73,0.0733909222737446,0.11047870712815765
74,0.0722741022613923,0.10979396038911844
75,0.07093048935940305,0.10866217152823747
76,0.06930157130809275,0.10684104869588348
77,0.06809848781859318,0.10600857084170455
78,0.0671438396458033,0.10527160685632911
79,0.06615409902348132,0.10444035229101935
80,0.0651056269122349,0.103015215714493
81,0.06420330338916935,0.10203097844453976
82,0.0628312823572452,0.10039392313563557
83,0.06192610448656174,0.09914269078088751
84,0.061071102699305824,0.09828812968979014
85,0.059867523272859526,0.0970751986921998
86,0.058575409421042265,0.09592611980734253
87,0.05754187646076329,0.09496487333295588
88,0.05678697642460875,0.09423606231568357
89,0.056011870564831485,0.09388516832822633
90,0.05507796656872545,0.09363957254191026
91,0.05423941014201513,0.09273188859754723
92,0.053243349572377544,0.0919371056805178
93,0.05247074280415181,0.09090242804298797
94,0.051741670149347774,0.09051967125416611
95,0.05108317735881268,0.08989311054888749
96,0.05041950953366992,0.08938364119178639
97,0.04972156091429457,0.08903799159863406
98,0.04897791838048251,0.0879505877464282
99,0.0484014668906169,0.08766131901825457
100,0.04769048248775876,0.0871896469431959
101,0.04695437895389949,0.0864991346235081
102,0.04629137935270402,0.0860254556522993
103,0.045741187649072854,0.08566641141652297
104,0.0451871321388203,0.08535922960839377
105,0.04445924831216561,0.08458026418397309
106,0.043856907316104886,0.08398365159344198
107,0.043322693009011363,0.08320901890357017
108,0.0427304153294804,0.0827373478045365
109,0.04217442196978072,0.08195727247229276
110,0.04167979445748522,0.08197011686843936
111,0.041064017288550574,0.08149335675305105
112,0.04047879221552348,0.08117840336978374
113,0.039965995807446295,0.08069024026370629
114,0.03938052642855097,0.08007766953957758
115,0.038967518315005764,0.07990525257986614
116,0.03831073268992151,0.07886505617544587
117,0.037866963018601825,0.07840179562119834
118,0.03754868911026598,0.07824888636215661
119,0.037075102274244716,0.07788376485952167
120,0.03671426913997793,0.07754941849965534
121,0.03615170297248719,0.07717597572133839
122,0.03584461887802028,0.07687722862652316
123,0.03540705190971494,0.0764014689011698
124,0.03500227245200262,0.0759818933039124
125,0.03460475787453886,0.07552023583507307
126,0.034200140846903426,0.07523421648247883
127,0.03387786121271387,0.0750442555387386
128,0.033506448165728495,0.07444992992950994
129,0.03323301045316179,0.07419114232505043
130,0.03283484895831322,0.07381288716008827
131,0.032457766943140426,0.07361547085909854
132,0.03211339854297566,0.07311097397128546
133,0.03170385796725136,0.0725500036871274
134,0.031426257538291945,0.07249136824574634
135,0.031048813512405522,0.07196262182708948
136,0.030688118142239585,0.07173123983543706
137,0.030328428457173835,0.0712386079842912
138,0.030044202636517994,0.07106701058466817
139,0.029661104822490406,0.0706915809310179
140,0.02934677430536025,0.07018040235296531
141,0.029030541019452797,0.06991310144897171
142,0.028811740329499347,0.06978883503730626
143,0.0285393779759633,0.06956553230804949
144,0.028312336029177838,0.06940448699892535
145,0.028030196932697118,0.06892789319656988
146,0.027787782176356805,0.06865642211243021
147,0.02748079711806725,0.06842461367602494
148,0.027165343189243595,0.06792408062151001
149,0.026870384889112395,0.06760815589526206
150,0.026582217758654485,0.06723862264882473
151,0.026386348859427478,0.06719083449151596
152,0.026159476798416657,0.06697433545786478
153,0.025879872156880222,0.06630716709456774
154,0.025658271555625067,0.06622139970981158
155,0.02538260267305464,0.06585895667435293
156,0.025187836027356213,0.0656632626335624
157,0.024986846286772783,0.06552403612237839
158,0.024743809238086445,0.06513661494172687
159,0.02456815755583223,0.06493089106567068
160,0.024321042003805984,0.0646041515140307
161,0.02407101821154356,0.06428051630706637
162,0.023843319985534545,0.06397185656212044
163,0.023659946984140673,0.06385963569197194
164,0.023410794886780883,0.06360197778848775
165,0.023162893807658784,0.0634009776480127
166,0.022971153155654914,0.06308854947244437
167,0.022787997854750726,0.06289659962074869
168,0.022580740460358396,0.06269915417540567
169,0.022415265688483326,0.06253073160254283
170,0.022214740847370455,0.062077271456014445
171,0.022030490989781465,0.061979549020009836
172,0.021853877428489234,0.06164254047230119
173,0.021697568888827175,0.06136448821756199
174,0.02156066360619881,0.06104530330155846
175,0.021388995826402985,0.06085588950409177
176,0.021201278844843158,0.060679438762017535
177,0.021048994679234226,0.06063381763958245
178,0.020900634102712663,0.06052728156126724
179,0.020747028598894497,0.06013304793433796
180,0.020561460162523193,0.060089489650288055
181,0.020390568896590803,0.05993115694226852
182,0.020208558819901485,0.059973863425839664
183,0.0200641558033537,0.059692283672079925
184,0.019878091593145054,0.05962010383584627
185,0.019752283739233083,0.059452923899578715
186,0.019606673206678582,0.059401794475564186
187,0.019494295278871126,0.05913309893329174
188,0.019337214838462666,0.0589375946103647
189,0.01918201164629024,0.058762274937771454
190,0.019018027820153632,0.05841653861127529
191,0.01887383691552044,0.058164056657956466
192,0.018732009208658813,0.058077051933937814
193,0.01862456082560859,0.05795120201771615
194,0.01849237166966854,0.057787832421330704
195,0.018319284553629356,0.05770197146053225
196,0.01816980768657791,0.05749143694209053
197,0.018037405533455106,0.05733412789870176
198,0.017897463138189657,0.05710480914265223
199,0.017779143737593237,0.05693262620491298
200,0.017656474419649446,0.0569553149077843
201,0.0175345683685289,0.05683241200644771
202,0.017416116550621055,0.056819749301979985
203,0.01728626401457874,0.05670437444435618
204,0.017183024607020543,0.05654610687923931
205,0.01704823160428902,0.056453329339124586
206,0.016905687110380853,0.056240028076850905
207,0.016786227623195194,0.05626034124636771
208,0.016672984340002986,0.05605709026212559
209,0.01656606873806955,0.05616686744231105
210,0.01645081816497003,0.05602705791515791
211,0.016302843235949934,0.05607416089228043
212,0.01614569850294124,0.05584229616114603
213,0.016017689209707735,0.05563664722447106
214,0.015914000435809064,0.05555456113578557
215,0.015834721974557736,0.055434633797156914
216,0.015709092539919357,0.05527561525832783
217,0.015607049279324301,0.0552552333871569
218,0.015525994650958167,0.05525333801409705
219,0.015424307883502198,0.05507661102442392
220,0.015336266622858143,0.05491253887322637
221,0.01523756833202052,0.05473707159393735
222,0.015140336172547765,0.05462012394038279
223,0.015066418310008165,0.054592929668596454
224,0.014986927285253141,0.0544752741454526
225,0.014858842366835573,0.05444654637926787
226,0.014751543329931427,0.05444653095370381
227,0.014640949784834347,0.05440362622207019
228,0.014534738153388089,0.05414863072383144
229,0.014430048605580661,0.05418019730854438
230,0.014360148111706252,0.05414103214395267
231,0.01425892483970089,0.05397362379239001
232,0.014163820554021296,0.053639561959639925
233,0.01405959985037283,0.05344790057088149
234,0.013960122952114913,0.05321749645669989
235,0.013827006921688974,0.05283979249692992
236,0.013752684800547886,0.05278323329530519
237,0.013670848139464486,0.052680264696259964
238,0.013589449943897857,0.05258756302215494
239,0.013500806793012748,0.052478876846922914
240,0.013436641647726053,0.0523354351061339
241,0.013315267049180405,0.052329860947050694
242,0.013245599128492689,0.052162764168983876
243,0.013163578214896535,0.052031114178858875
244,0.013087922636199498,0.05181771221939126
245,0.012998537316209646,0.05161521591704409
246,0.012901772059574415,0.051559616183207584
247,0.012797723433762728,0.051408787136210346
248,0.01272081439082695,0.051274837009936416
249,0.012659195158438717,0.05128982452107137
250,0.012571404452671062,0.05117050606484592
251,0.012486589390331634,0.050990808042985475
252,0.01241391891668612,0.05076027182281552
253,0.012297670492533963,0.05082064313946614
254,0.012208711480335485,0.050627445236701485
255,0.012129195994930342,0.05056679110543229
256,0.012055959465534805,0.05036666016916643
257,0.011974955800854201,0.05034673622394321
258,0.011882762703213043,0.05031849145437882
259,0.0118097364138121,0.050331478960672894
260,0.011739486547642397,0.050181279731277534
261,0.011672818937958065,0.05010783650516967
262,0.011617655576728694,0.05004176950102754
263,0.011551542517186686,0.049974034833395964
264,0.01147057014839867,0.049956516529818334
265,0.011398923433012237,0.04992523114946813
266,0.011330371482072624,0.04984011987268125
267,0.011247731768909924,0.049736726751157825
268,0.011190672837783695,0.04959594479608543
269,0.011114514393829178,0.04943267434519704
270,0.011040912457526876,0.04941089078831691
271,0.01097125255766294,0.049393808857159854
272,0.010906084516766267,0.049286783830509336
273,0.010840818385406816,0.049214034478564254
274,0.010784936892597905,0.04914894709006217
275,0.010698008876496025,0.04891932218835605
276,0.0106258428678592,0.04875761447643439
277,0.010562697078157626,0.04871539030321723
278,0.01048780622915109,0.04853606448382539
279,0.01043915465169658,0.048491431536641275
280,0.010383335362088733,0.04842912422521661
281,0.010332275501831056,0.04837888102190213
282,0.010265264773656932,0.04824423304276545
283,0.010207908615984206,0.04810424973726576
284,0.010154633878750706,0.0481086923386434
285,0.010104908165266062,0.048096135585937165
286,0.010048269680867503,0.04802215264485797
287,0.010005222208117349,0.04800466015044264
288,0.009961360361897847,0.04792929808463655
289,0.009901046349633751,0.04788410034700602
290,0.009857861099030392,0.047847807402060495
291,0.009806281405342435,0.04773913216162135
292,0.009755179552415099,0.04758664182726653
293,0.009711644240619184,0.04756233709573063
294,0.009665071155433287,0.0474607975123907
295,0.009609858709794295,0.04748963810505233
296,0.009561914137620888,0.04733366056777323
297,0.009494302770350599,0.047343899314378914
298,0.00945321313178443,0.04727255420410158
299,0.009405043749151507,0.047272808325735584
300,0.009352503389511565,0.04711702309809039
301,0.009316805412079422,0.04710954844052736
302,0.009262569195905618,0.047166858184438484
303,0.009217327198392333,0.04708086759421804
304,0.009166035201825242,0.0470523944120799
305,0.009123979530049038,0.047056539375407325
306,0.009084853839070362,0.0469851920634086
307,0.009032424705955047,0.04690619356576868
308,0.008989409274923114,0.04685115818636466
309,0.008941725394074488,0.046780059760797695
310,0.008901676175870246,0.046658453465891515
311,0.008843910149273023,0.04662057871447668
312,0.008787367647068554,0.04661915737971415
313,0.008746266343303352,0.04649045655382968
314,0.008706850532229969,0.04641938960218416
315,0.008658352516179618,0.04627234039032635
316,0.008615549607714126,0.04621371434652167
317,0.00858130738852996,0.04613457713827164
318,0.008525695193784086,0.045927179772269504
319,0.008487143267232638,0.045846720586951
320,0.008436418149638204,0.04584023103434935
321,0.00839314425068621,0.04577668734302343
322,0.008354635787347414,0.04567632845154777
323,0.008312367014446204,0.04553656766908539
324,0.00827580754124498,0.04547962349025775
325,0.008234548680535466,0.045351823240739664
326,0.008192648841861308,0.04521624175000613
327,0.008155208826832638,0.04511306029873913
328,0.008120173652679403,0.04510525967967628
329,0.0080872857166009,0.04510089292411292
330,0.008046884395138636,0.04503974743094714
331,0.008010976039868483,0.04497580427599926
332,0.007971247718899746,0.044961227792615764
333,0.007934038196293802,0.04489624060294562
334,0.007892852515726769,0.04477761810648547
335,0.007861869720227833,0.04468887916263959
336,0.007825233724421135,0.044571878986907426
337,0.007789678690932016,0.04446968659872257
338,0.0077632534212770535,0.04437172813803624
339,0.007733517043691661,0.044318943000877936
340,0.007702970559066571,0.04431495730758483
341,0.007667135809782309,0.04430574734994267
342,0.007629111749957991,0.04417703627893085
343,0.007600997534969432,0.04411497450232612
344,0.0075584305111308595,0.043998726841960066
345,0.007525801779043472,0.04393691345693144
346,0.007483757676359696,0.04381954448166437
347,0.007442766591199101,0.043762729692369294
348,0.007395643965407673,0.04376060296658713
349,0.0073680625563221315,0.043701479367868286
350,0.007339380817759045,0.0435725922871349
351,0.007311404931357714,0.043582599187810066
352,0.007285673286417847,0.04361414645016758
353,0.007261495173884464,0.04362503286342869
354,0.007227064627331457,0.04363530334717652
355,0.007191385256361912,0.043538164829637814
356,0.007145841625150661,0.04340241871446402
357,0.007114395184364364,0.04331207927036996
358,0.00708146577116977,0.04319191005847389
359,0.007045896972528311,0.04305144117342268
360,0.007019764956107343,0.04298990514106378
361,0.006993429267242971,0.04292254163995297
362,0.0069686283265012776,0.04286172108546135
363,0.006942982559129442,0.04276489425388444
364,0.006918649526106982,0.04269343727282135
365,0.006892999828598656,0.04263402233413165
366,0.006860117934603285,0.042483994820364544
367,0.006833645642433152,0.04248238293121623
368,0.006811660014836189,0.04241366052566137
369,0.0067827664771447325,0.04248961969565276
370,0.006752525540362982,0.042459516363301815
371,0.006722706541800258,0.042476243381469735
372,0.006693560747777695,0.042392011158637874
373,0.006660717120202217,0.04227038841182857
374,0.006636489388196483,0.04227635433770963
375,0.0066155531599728775,0.04222220866230009
376,0.006587438731183104,0.04213737534122278
377,0.006566576023712744,0.042132324693427786
378,0.0065425871754676655,0.042211643965272945
379,0.006511778631637763,0.04213222732336996
380,0.006487434302171396,0.04208957811946546
381,0.006463563621874418,0.042052276453894644
382,0.0064438502417792885,0.041992081605283685
383,0.006421616377058224,0.041973761338325234
384,0.0064027569519616865,0.04192534300953952
385,0.006382804236196974,0.041862629759723394
386,0.006362851589513881,0.041801623103842604
387,0.006343054155317636,0.04174149599854269
388,0.006317637235362461,0.04163284839254174
389,0.006298518115187647,0.04160361984446251
390,0.006270832488643374,0.04156585247296781
391,0.006250133007287642,0.04156679002703043
392,0.00623095899648903,0.04150802806505155
393,0.006209239996918529,0.04151694500539019
394,0.006189061129519429,0.04146994768837774
395,0.006163026014142056,0.04140122897179655
396,0.006140549846759813,0.04137711114789584
397,0.00611846223662244,0.041305774162510425
398,0.006103187695831306,0.04127729637196053
399,0.0060807733465840655,0.04120836456682736
400,0.00605893337838147,0.041266922513868876
401,0.006032619425121203,0.0412631676484358
402,0.0060119761654897335,0.0412318818922822
403,0.005993104976528979,0.04121778551742372
404,0.005976306987257296,0.041164188178573244
405,0.005952259716910443,0.04109962397794878
406,0.005933011872412452,0.04113955318891407
407,0.005905852917419327,0.04108278292835462
408,0.005883570274038773,0.041085511106454115
409,0.005864373192697722,0.041058086985748136
410,0.005846290229333585,0.04097356212027265
411,0.0058296816167677495,0.04092117007934685
412,0.005811372797924688,0.04096684282527857
413,0.00579566120715034,0.040942270106904544
414,0.005777483041318911,0.04092941049857179
415,0.005761414656932414,0.04093254517214439
416,0.005741199782338239,0.04091410680089251
417,0.005725297585461074,0.04086315460695616
418,0.005698431398851316,0.04078886851011854
419,0.0056723122863011986,0.040748325320870776
420,0.005654635967732827,0.04070457585613746
421,0.005615244935852588,0.04060296930056334
422,0.005597920747567224,0.04059028494115646
423,0.005574915205815469,0.04055961675748703
424,0.005549187336537915,0.040486140558058915
425,0.005530798456095579,0.040471119587080245
426,0.005514259906364144,0.04045958636377514
427,0.005495671215332829,0.04039974505740421
428,0.005472065121636491,0.04035204358356835
429,0.0054517677503159515,0.040357671797588486
430,0.005429190841623695,0.04029667653817817
431,0.005406114749148601,0.0402364097717518
432,0.005384595973857239,0.040175677146366384
433,0.005364939975801722,0.04017642668175915
434,0.005337664450213037,0.04016965756244579
435,0.0053153098068343336,0.04013428645729663
436,0.005295239511754486,0.040143713225154684
437,0.005276838299923239,0.04005978455695899
438,0.005260971332753108,0.04003256961594293
439,0.005242978564558223,0.03995955246388396
440,0.00523129050238672,0.03994658980739347
441,0.005210262597097176,0.039891220433981946
442,0.005191771537423707,0.039839273438047995
443,0.005170761465266408,0.03978602200123025
444,0.005153668556646392,0.03979440808892796
445,0.005132831212204809,0.0397648229443075
446,0.005119789361532849,0.03978894696728566
447,0.0050997592302187665,0.03973748934410153
448,0.005078532698002624,0.03971554842828956
449,0.00506650287962447,0.03971937553028689
450,0.005041159435647417,0.03965947530807619
451,0.005022425005585978,0.03961548812253369
452,0.0049916320666862695,0.03955995422390335
453,0.004972313152553237,0.03953132743437934
454,0.004952528466474378,0.03951589612165026
455,0.004932550711980714,0.039470978096855576
456,0.004914874787593343,0.03942065470905917
457,0.004901381649248363,0.0394027274127345
458,0.004883073501712336,0.03937589384115629
459,0.004865881436981598,0.03935665500333305
460,0.004852597106466899,0.0393394621189536
461,0.004839691735169554,0.03932258586703008
462,0.0048235600640239955,0.039281629055016046
463,0.004804999625616052,0.03926445875677832
464,0.004789235444379981,0.03921827433650792
465,0.004772578350909228,0.03922099462739748
466,0.004759976184756782,0.03920490789780729
467,0.004741281223327311,0.03912905149025665
468,0.004728572533317524,0.03912092659261507
469,0.0047157908392274385,0.03910080035033286
470,0.004703064220778357,0.039080965797244446
471,0.004687420131381509,0.03905947315148051
472,0.004665095834822681,0.03896474408992591
473,0.00465363327792467,0.03894784978516829
474,0.004642944216886842,0.03894481432381992
475,0.004629675150051928,0.03894969335542965
476,0.004613289718450927,0.03892708019215588
477,0.004601535560680901,0.03890379123306075
478,0.004586338806912753,0.03888813957575288
479,0.004572891842754261,0.03888261050940747
480,0.0045601364684414,0.038900014700437274
481,0.004544169819052843,0.03887944125865456
482,0.004528749841143848,0.03888919120261844
483,0.004513339553371194,0.038863022553579846
484,0.004502216505608265,0.03884943698856344
485,0.00449122332825177,0.03883607584878083
486,0.00448099258250255,0.038814011596650516
487,0.0044665351093639265,0.038782632325666706
488,0.00445046112984598,0.038763591922916125
489,0.004439577330920876,0.038750889539674475
490,0.004425509355464633,0.03873657460900908
491,0.004410921470300489,0.03871529699173733
492,0.004397326626621089,0.038698608904445236
493,0.004386656810970885,0.03866813774110031
494,0.004372535179245061,0.038625266865430274
495,0.004357974521753731,0.03868674723978818
496,0.004337495082946479,0.03869084229383899
497,0.004323316421385363,0.03866468959488797
498,0.004314275717431203,0.03865251908337696
499,0.004304612600398096,0.03864943270431614
500,0.00429385035010285,0.038615692932045136
501,0.00428182931156678,0.03859148752224494
502,0.004269100217772955,0.03856472312059162
503,0.004259254470605731,0.038539020334161726
504,0.004244053118112549,0.03851363285652968
505,0.004234374186825545,0.03850069442697041
506,0.0042219075916723895,0.0384869078972483
507,0.00421208354556846,0.03847612065930155
508,0.004198436139491745,0.03846380696085822
509,0.004188649011756662,0.03845329739509442
510,0.004179274969558989,0.038447478977588385
511,0.004169344089050255,0.038432772427154066
512,0.004159364165309023,0.03841528772382383
513,0.004148259049423479,0.03840565378925307
514,0.004135065844521096,0.0383846500106587
515,0.004121890668961946,0.038322531590252513
516,0.004111160092269439,0.03832088694404008
517,0.004101973448836521,0.03831277197921324
518,0.0040903537295749765,0.038268810950591696
519,0.004077814582890094,0.038238734782809376
520,0.004062539109736962,0.038200127582343375
521,0.004051892266763568,0.038120360179804184
522,0.004042329911669015,0.03814832392253929
523,0.004030341531468586,0.03812088958924301
524,0.004021222698041699,0.03816655729379134
525,0.004008842225600377,0.038171748507151486
526,0.003998420603738351,0.03821856443325786
527,0.003986723883816931,0.038223988632350575
528,0.003977050513120568,0.03822521095576623
529,0.0039643505114836846,0.03817861540973848
530,0.003955175315690672,0.03814896919918905
531,0.00394429038859236,0.03812627426983304
532,0.00393303695702823,0.03806505496281344
533,0.00392004855162308,0.03804875231364472
534,0.00390923956689261,0.03802974634753358
535,0.0039000316577545205,0.03802433965737496
536,0.0038902516249576225,0.03800115467530632
537,0.0038761883770348504,0.037982769457879643
538,0.0038638573504023634,0.03796793797216691
539,0.0038490173673790696,0.03797509127076291
540,0.003838151034110374,0.03798102866246193
541,0.003830043109041731,0.03797280599481458
542,0.0038138230139028876,0.03791642815612774
543,0.0038041992055905913,0.03791053393691615
544,0.0037924579603266185,0.03789620667419906
545,0.003783093588596215,0.03794066115736321
546,0.003774762361669903,0.03791324580530258
547,0.0037650433879097473,0.037902440646366366
548,0.003756723517793804,0.03787552814706413
549,0.0037478082109713455,0.03790026124374571
550,0.0037383207329964663,0.037921597541334055
551,0.0037270882041391834,0.03791166507287373
552,0.0037166879740722766,0.037884137537485575
553,0.0037088219055926405,0.03784761643981421
554,0.003698160870424165,0.037846830198838964
555,0.003686254542716907,0.03786017967286064
556,0.00367617707764781,0.03778283179392481
557,0.003665381730140755,0.03776986310670508
558,0.0036540899489229737,0.03775195640468729
559,0.0036443196197749107,0.037722409536541726
560,0.0036385943171258627,0.03770034704811241
561,0.0036321860540768254,0.037688663274078285
562,0.003623103185868336,0.03766408331122542
563,0.0036146738645614247,0.03764392941566243
564,0.003606868377543863,0.03767135739234739
565,0.003599999712765406,0.03765319074189755
566,0.003591481232033802,0.03758381306798929
567,0.003584562524498164,0.037582760671313276
568,0.0035761876227167833,0.0375141188283388
569,0.0035690289485021394,0.03750758937145374
570,0.0035620581639795,0.03749524832277916
571,0.0035540274693630636,0.037458402760598544
572,0.0035439957450412642,0.037487607415772804
573,0.003536612674377086,0.03746288812784001
574,0.003527612730337481,0.037439132454661635
575,0.003519515404340192,0.03743366699958926
576,0.0035115545299729324,0.0374263072768815
577,0.003504401698911941,0.03741616079045573
578,0.0034959789893716565,0.03740023805213246
579,0.003488080527209344,0.037366684491678154
580,0.0034751111465144216,0.03734685686527025
581,0.0034656555782511043,0.03733756163322973
582,0.00345433124128069,0.03732077662213218
583,0.0034475405082448163,0.037291349622814676
584,0.0034382815783329124,0.03728042676157437
585,0.003428224241520933,0.03725640287145703
586,0.003420986990881879,0.03727805890131956
587,0.003412041454374468,0.03728862164716513
588,0.0034045664738936625,0.0372697645465488
589,0.0033974868297713787,0.03729208877257804
590,0.003386428184947383,0.03719709236220244
591,0.0033781612359894348,0.03715221638939581
592,0.0033716120086974915,0.03716161922002293
593,0.0033627999638646054,0.037172096440831755
594,0.003355464596217524,0.037139205484789925
595,0.003346856946146735,0.03714988564157803
596,0.0033383594144162578,0.03715642973483917
597,0.0033314875304663125,0.037160384524899885
598,0.0033240305499850444,0.037143709450613946
599,0.003317262121357259,0.037111624907727014
600,0.0033082201964814207,0.037123746140630284
601,0.0032995299504593955,0.03708507402644136
602,0.0032895664672641044,0.03707259493753898
603,0.003283160852583683,0.0370017668218153
604,0.0032729819372384603,0.03698648636370939
605,0.0032654603477727346,0.03697330409348478
606,0.0032572041314119565,0.03695558337488422
607,0.0032470153058926413,0.036974399858943734
608,0.0032397533847200737,0.036997586828888256
609,0.003231394522987142,0.03698610983977861
610,0.003224135206607401,0.036975305008564975
611,0.0032170576349337034,0.0369388162970079
612,0.0032086869246635975,0.036942404239658895
613,0.0032019607201768698,0.03691866391400812
614,0.003192936123273934,0.036940624944297624
615,0.003186321668541136,0.03697803623984552
616,0.0031796741804810355,0.03696080297189755
617,0.0031732295909742978,0.036937686765906357
618,0.0031668423262589795,0.036937497351267626
619,0.003157050162122027,0.03689781246228459
620,0.003150782581632394,0.03688110748118369
621,0.003144186124180643,0.03689484973157634
622,0.00313825735289496,0.036894850278434345
623,0.0031302505714728007,0.03685804837276093
624,0.003123366992420435,0.03686978880508889
625,0.0031175671332735813,0.03684982951395671
626,0.0031112455509463583,0.03685052355527279
627,0.0031036203262584214,0.03686580618011695
628,0.0030973916203308094,0.036862236257652205
629,0.0030889167576058575,0.03687512062304476
630,0.0030833891683109717,0.036874560983104286
631,0.0030753280286892103,0.03687542229431325
632,0.0030670008344823945,0.03688861390080255
633,0.0030594536906541937,0.03687270881210057
634,0.003053059699036217,0.03689543429876604
635,0.0030471045233803075,0.03688007513662678
636,0.003040962491937974,0.03686420093165145
637,0.0030283288843737876,0.036858300594004065
638,0.003022896574863238,0.03685797098658966
639,0.0030174939642925135,0.03682027044968729
640,0.003008947684125755,0.03673647039431543
641,0.0030045789393985255,0.036726334703825435
642,0.0029968742712478892,0.036727940673753935
643,0.0029921075529873034,0.03671405909368865
644,0.002984724620086586,0.03669658544740357
645,0.0029789005222462966,0.03668136425545967
646,0.00297147161736675,0.03668336001706738
647,0.00296309091376875,0.03660191735872442
648,0.0029583338969981984,0.03659677530642855
649,0.002953639095502005,0.03659125522517839
650,0.002947416021005675,0.036588143261511295
651,0.0029391882904187348,0.03650803226079939
652,0.002932286689379048,0.0365103812591559
653,0.0029276315229823354,0.03648409728279226
654,0.0029233662869076367,0.03646774103012918
655,0.0029178005101090135,0.03646048904463167
656,0.002912239629550131,0.0364605134587868
657,0.002906453227806596,0.036447125007271146
658,0.0029018241737023827,0.03642184139791403
659,0.002896866945925317,0.036421532570659755
660,0.0028897279317479244,0.03640231685282317
661,0.002884803819332584,0.03638957611627757
662,0.002877559904955778,0.03640338234209416
663,0.0028723305702762127,0.036403006189689675
664,0.002864047450862267,0.0364018738442819
665,0.002857698876891096,0.036375960897500045
666,0.0028517622494901233,0.03637177994079954
667,0.0028449523878817263,0.036374591312131235
668,0.0028393651457288517,0.03637471601448531
669,0.002834250465029682,0.03637733293242355
670,0.00282781120528183,0.036382875455428704
671,0.002822304713865358,0.03634540368687439
672,0.0028152544474213865,0.03632044415745945
673,0.0028089727015217897,0.036301125834982614
674,0.0028029603553087717,0.03629721808260921
675,0.0027983275884672855,0.03629440897973217
676,0.0027983202020110624,0.036294238790619944
677,0.0027921975800251986,0.036294775493780136
678,0.0027866261080706973,0.03628594077223383
679,0.0027812013217404096,0.03622411740228388
680,0.0027768140841674593,0.03622148948092521
681,0.0027724824653737566,0.03620828182085427
682,0.0027675744990279623,0.03620553685875946
683,0.0027624205000133122,0.036175530279185034
684,0.0027580332579628494,0.03617293655994374
685,0.002752405272925958,0.03614395808785884
686,0.002742266375667436,0.03614086576922138
687,0.0027381956892645826,0.03612149684082849
688,0.0027336054483165064,0.03611295462857751
689,0.0027287607568963483,0.03614612085649153
690,0.0027237893521157605,0.036128618822531544
691,0.0027187315316661003,0.036141702635914895
692,0.0027137558052865124,0.03611150115653982
693,0.002710095908176819,0.03611155080819677
694,0.0027030431348056493,0.03603953066224156
695,0.0026984848801665786,0.0359824481276336
696,0.0026984812984764987,0.03598244228701346
697,0.00269301312393189,0.03599218624783093
698,0.0026889536844004855,0.03596285879791982
699,0.002684874870912888,0.0359606670613537
700,0.002681374718492037,0.03595369002013826
701,0.0026770391422170367,0.03595363813680055
702,0.00267240298789757,0.03594640215311503
703,0.002668929479313902,0.03593874311848594
704,0.002663883351088261,0.0359216435083412
705,0.0026599691569012627,0.03592405761131718
706,0.002655343027891921,0.035924411182335074
707,0.002651255134289066,0.03589680250690649
708,0.0026452869660515918,0.035910506090260745
709,0.0026452380919251414,0.035910434751998496
710,0.0026411180401887425,0.03591134835580889
711,0.002634029905503657,0.03588623577593212
712,0.0026300502028719233,0.035872135697264475
713,0.0026244680857916546,0.03584206224110415
714,0.0026204453159672475,0.035840167370612463
715,0.002614790039932724,0.03581404412883008
716,0.002610858187516307,0.035816003622384296
717,0.0026062892847931126,0.03581168499644686
718,0.0025998012960781625,0.03574331677930893
719,0.0025935913650795514,0.035676073539772084
720,0.0025896450473397977,0.035680241475447294
721,0.0025858817838185473,0.03567263287144052
722,0.0025812153095842575,0.03565645428391872
723,0.002577000725248401,0.0356002129097601
724,0.0025763011087422327,0.03560068072893704
725,0.002571348330972826,0.03556312284552121
726,0.0025672082142641508,0.03553827884073311
727,0.0025627839101646684,0.035519325532229105
728,0.002557226240341961,0.03548040860851251
729,0.0025537032748756106,0.03544801268319466
730,0.0025473539883403267,0.03545361703317058
731,0.0025431867962742126,0.035436204852694074
732,0.002539460758151228,0.03543550173737879
733,0.002536248478593604,0.03543697857138203
734,0.0025309139129383986,0.03539867585296874
735,0.0025277813415763937,0.035400189170576475
736,0.0025237142510557355,0.035392026637766485
737,0.0025194929638838494,0.03538552681882731
738,0.0025159139159358756,0.03538569075965831
739,0.002512399299550932,0.035374320798728064
740,0.002508466077935217,0.03537216820536787
741,0.002504892723863832,0.03536246244905711
742,0.0025014094880844114,0.035362590318251313
743,0.002497618258140782,0.03533747287284481
744,0.002492578988504637,0.0353631187557186
745,0.0024897663411988166,0.03537677010797665
746,0.0024861376527101978,0.03537164370177013
747,0.0024810844449777987,0.03537722665172989
748,0.002476909945771395,0.03537108666385439
749,0.0024709656807337505,0.03536235609001908
750,0.0024674794405835023,0.03536255660890074
751,0.002462336921390878,0.035324360511624416
752,0.002458981433317224,0.035315026263059185
753,0.0024555617052541053,0.035315216301379966
754,0.002451588463392889,0.03531453911740008
755,0.0024483419439782885,0.03531825866722592
756,0.002444647181838953,0.03531624684545714
757,0.0024396989337529392,0.0352980482963448
758,0.0024359750924894206,0.03529617692635992
759,0.0024329446339554405,0.03528345023129941
760,0.002429329107034501,0.0352653429570843
761,0.00242571738352046,0.035263643704952365
762,0.0024224736787820784,0.03525433289752123
763,0.002422450958604983,0.0352543278889664
764,0.002418847660889726,0.03522885717970867
765,0.00241260376540115,0.03520336514441918
766,0.0024091295706387098,0.03520203568675828
767,0.0024047999197916526,0.03520513098915493
768,0.002400852590294012,0.035185296339778106
769,0.0023975768025003754,0.035185753815618455
770,0.0023935196270311,0.035188775257392634
771,0.0023891369015113374,0.03518185117570631
772,0.0023851324772544763,0.03515093909532612
773,0.0023808939744072973,0.03515587425681915
774,0.002376120171162996,0.03515345620810473
775,0.0023730096192473987,0.03515402745467716
776,0.0023697649373718957,0.03516324545901872
777,0.0023665468776256364,0.035166646713798086
778,0.0023635272579098114,0.03517010153460217
779,0.002357635183276156,0.03517927059792169
780,0.00235466497095051,0.03518024698915464
781,0.002350592741524931,0.03517228388539457
782,0.002347672788716039,0.03516965705176629
783,0.0023444116573795486,0.03516842878232918
784,0.002341011602026641,0.035160547020411485
785,0.0023379020578311732,0.03514242647966104
786,0.0023345354391015034,0.03514129056171953
787,0.002329556115520453,0.035099685106589
788,0.0023268585487180595,0.03509165385250963
789,0.0023237335266817903,0.03507968620499557
790,0.0023204960548005495,0.03507853696780598
791,0.0023173586318539943,0.03506043172861383
792,0.002313095608190122,0.0350586315400972
793,0.002310003752807081,0.035064517670652905
794,0.0023064322875263193,0.03505236188264463
795,0.002301773845309591,0.035064422623478884
796,0.002297150613130825,0.03506469326695136
797,0.0022941956466948485,0.03505255741450199
798,0.002291202658423092,0.03502903597444679
799,0.0022883066685408467,0.03503289204363614
800,0.0022838076371584437,0.03504491385166078
801,0.0022810363596683283,0.03502472611863022
802,0.002278281943970117,0.035029581981060536
803,0.0022755830089278917,0.03500958127907174
804,0.0022720682425063058,0.035007485514424834
805,0.0022685898215718476,0.03501768493498571
806,0.0022652961176920523,0.0350033162751472
807,0.002262102227237787,0.03498567021549872
808,0.002258385717740876,0.03497668996677721
809,0.00225531556018293,0.03497589991486487
810,0.002252004059230855,0.03497405196525408
811,0.0022489660918286612,0.03497337585300077
812,0.002244446293224138,0.03496829504189858
813,0.0022420132219529796,0.03496846267883799
814,0.002238099385487238,0.034967816594364466
815,0.002236874619464308,0.034966825656626954
816,0.0022311555483531345,0.0349414892318108
817,0.002227864929839168,0.0349809731405312
818,0.0022237958286356074,0.03496323455191481
819,0.002219622521207074,0.03492415934150559
820,0.002216305883868679,0.034922436526855324
821,0.0022135246425143,0.03491769956436394
822,0.0022103550430444185,0.03490541956075229
823,0.0022061763155071966,0.03490925979297107
824,0.00220323635409471,0.034887688280211604
825,0.0022006053372783906,0.03488102858461834
826,0.0022005998708754214,0.03488100500669252
827,0.0021983253605107923,0.034881320612143885
828,0.0021943505462831536,0.03484826341537897
829,0.002191369635261503,0.03480900719218706
830,0.0021881839088314587,0.03480614918742611
831,0.0021844834243513484,0.03478045176553582
832,0.002182200804212358,0.034784959246293205
833,0.002182250530465383,0.034784959205698796
834,0.0021791498888438124,0.03478638263559412
835,0.0021754730818889126,0.03479131296702665
836,0.002171441923844843,0.03477887840504524
837,0.002171422728109634,0.034778869240050976
838,0.0021670353430586196,0.03477684761671431
839,0.0021641892505743143,0.03476421665633527
840,0.0021616351318748408,0.03475865641296298
841,0.0021589400864316273,0.03476236590235826
842,0.0021558717261151677,0.03476078350948684
843,0.002153353809862293,0.03475575140390912
844,0.0021494372308802417,0.03474359659022396
845,0.002149416217914652,0.034743580528474295
846,0.002146420824739015,0.034742122249322
847,0.002142429481574544,0.034737678397328636
848,0.0021395989773097157,0.034737793373762746
849,0.002135841564577876,0.03471694340293529
850,0.0021330858497214528,0.03468138617593634
851,0.002129998341523198,0.034676239482526953
852,0.0021271024543838704,0.03466957268848872
853,0.002124402700596525,0.03464673100030328
854,0.0021234812539750146,0.03465170393620229
855,0.0021204403744307524,0.034653132284621364
856,0.0021177775983792693,0.034637387644817406
857,0.00211469251831199,0.03463072681205364
858,0.0021125984339860323,0.03463172772678791
859,0.0021096903251568468,0.03463043027198701
860,0.0021055191148431963,0.03462883513876076
861,0.0021028513549206586,0.03459388119265496
862,0.002099055688122062,0.03459768080290017
863,0.0020969244787021114,0.034596472590137275
864,0.0020946010032615618,0.034586138514373775
865,0.00209098073781326,0.03457208590150202
866,0.002087464813914746,0.034569943490442415
867,0.0020842004004817272,0.0345410093959337
868,0.0020805341514610366,0.034505911725929615
869,0.0020772796446840653,0.034477264203827136
870,0.0020745247791157935,0.034450806775938
871,0.0020711915136956494,0.03442047740645959
872,0.002068637102638604,0.034402820595693745
873,0.0020659362255953185,0.034393514619788054
874,0.002062994989091249,0.03435404108094677
875,0.0020584217223925975,0.03435522030555194
876,0.0020563658432405604,0.03436011681195648
877,0.002053093410143117,0.034347683118182065
878,0.0020530901604285975,0.03434767104705192
879,0.0020502036725072404,0.03434403986229326
880,0.002048117302495354,0.034348952737286075
881,0.0020466627349058717,0.03434904341210497
882,0.0020435582345081646,0.03432140696410428
883,0.0020411478034185453,0.0343193712001946
884,0.0020390304185579286,0.034320293494213554
885,0.002035867022521535,0.03429121208557351
886,0.0020330568981740066,0.03428689032289299
887,0.002029584898272143,0.0342535722711779
888,0.002027451377936094,0.03425600058016338
889,0.0020243050627299112,0.03421762704415048
890,0.002020029114326782,0.034219242965015745
891,0.0020167534327141527,0.034186353764212
892,0.0020145921177802616,0.03418804466175587
893,0.00201157512044749,0.03416125090128781
894,0.0020091974394025594,0.03414556385300759
895,0.0020057110154344366,0.034134763059151516
896,0.00200249318148273,0.03413863762928448
897,0.0020002778373664413,0.034140376603912344
898,0.0019968598255498083,0.0341300158101998
899,0.0019938107535571173,0.03409569791083262
900,0.001993819865934451,0.034095717323153425
901,0.0019892911911813496,0.03411134175409604
902,0.0019874735290803794,0.03411624407094483
903,0.00198499485166714,0.034107414717447083
904,0.00198289976309912,0.03411429795901184
905,0.0019800730069519075,0.03411573829927771
906,0.00198006252221703,0.03411573150028874
907,0.0019782004020161476,0.034115984071654976
908,0.0019750576914472962,0.034105593729677045
909,0.0019721312197801596,0.0340646164388908
910,0.0019697626848538164,0.03407912284514982
911,0.0019679478056467224,0.03407955114305603
912,0.001965972847496492,0.034079791357468275
913,0.0019631849665509454,0.034053752015811956
914,0.001960576606986681,0.03404674809081954
915,0.0019587544106448498,0.03404610348787693
916,0.0019571320678681203,0.03404460320477463
917,0.0019546913997776126,0.03404045459549847
918,0.0019521965431932176,0.034039543386127524
919,0.0019499247839001447,0.03404747450198804
920,0.0019479195537684603,0.03402967572247173
921,0.0019452769666603782,0.03400418410544747
922,0.0019452887060581886,0.03400420769047234
923,0.0019438211003124618,0.03400227761953393
924,0.001940881895599567,0.03399686171609856
925,0.001938644480905278,0.03399309006559119
926,0.0019354800216595841,0.033957846664266385
927,0.0019336160655187157,0.03394392869879101
928,0.001931224953815607,0.033957643514199186
929,0.001927679574082204,0.0339546574365992
930,0.0019256213106548254,0.033941839005894564
931,0.0019255766519463678,0.033941896285980724
932,0.001923251541654111,0.033942521899338364
933,0.0019212068707549785,0.0339502436197073
934,0.0019188606518702608,0.033925680221828416
935,0.0019156494210499778,0.03389390238944579
936,0.0019132104343853016,0.033877561549264856
937,0.001913149743464041,0.03387730388298489
938,0.0019108791378500058,0.03387775488230211
939,0.001910765044438169,0.03387910912014321
940,0.0019080776312346264,0.033867578951447666
941,0.001908096422714432,0.03386759007030156
942,0.0019062125639510879,0.03387122537495966
943,0.0019043169132990962,0.03387135993007798
944,0.0019043195332834818,0.03387136566587006
945,0.001900500199473834,0.0338738755025981
946,0.0018985909178749413,0.03385955723341057
947,0.0018968701770463268,0.033859401237775706
948,0.0018968669372462989,0.03385948465455848
949,0.0018944583432959996,0.03384185460395502
950,0.001892484746669332,0.033843630503472416
951,0.0018924917520572698,0.03384361430241599
952,0.0018902918535596844,0.03382730167355842
953,0.001889471970271488,0.03383201794932718
954,0.0018865626743418333,0.03382482104336278
955,0.0018858384824492892,0.0338273028040409
956,0.0018835506735930532,0.03382389202737555
957,0.0018835323325829749,0.0338240183344557
958,0.0018815410443454351,0.03383162736501447
959,0.0018813172397270906,0.033832604361430756
960,0.0018796383041122821,0.03382572246043384
961,0.001875728691819669,0.03383954293306194
962,0.0018736210524646314,0.03382533665257991
963,0.0018735747524280648,0.03382533110020556
964,0.0018735773724124507,0.033825358882264935
965,0.0018714308363876745,0.033812852919181964
966,0.0018687944736614423,0.033812125226739105
967,0.0018670728909405674,0.033813456069665924
968,0.001867067650971796,0.03381346179188785
969,0.0018654176864611844,0.03381322378175801
970,0.0018626006399594748,0.03379641749240933
971,0.001860229993646179,0.033772152798285146
972,0.0018580408801966229,0.03376942516521656
973,0.001858063553359838,0.033769487376297855
974,0.0018580739821258108,0.03376949230489417
975,0.0018580410033282133,0.03376944285159321
976,0.0018580113276554615,0.03376947030130332
977,0.0018549117811054892,0.033769554738021394
978,0.0018531509163689666,0.033765859698192666
979,0.0018505754677599915,0.03375637404208389
980,0.0018485879659387897,0.03375630809457947
981,0.0018460854731169453,0.0337322521683576
982,0.001843217474683175,0.03370140682124756
983,0.0018400483759750796,0.033690149247886186
984,0.00183815545368726,0.03368161844084998
985,0.0018361120682739355,0.03367326912736306
986,0.0018336047666837527,0.033661447211501376
987,0.0018319624382506796,0.033658261863658355
988,0.0018297178969158188,0.0336341009509569
989,0.001826861202881536,0.033603862053990366
990,0.0018268839268964986,0.03360388901189056
991,0.0018268172461830545,0.033603776191298076
992,0.0018267494099515945,0.03360432986415983
993,0.001824735328337628,0.03359558958006676
994,0.001822556906148208,0.033617856285044566
995,0.0018205285969588158,0.03362049657334557
996,0.0018205286468510966,0.03362060420331545
997,0.0018205221151200042,0.03362055599265694
998,0.0018203831472879295,0.03362113501066917
999,0.0018176895210162511,0.03361899948028318
1000,0.0018152851312901635,0.033592881431892485
1001,0.001813176242069528,0.033600231736432354
1002,0.0018131674751002919,0.033600234422200066
1003,0.0018113662301582555,0.03359595677990795
1004,0.0018113726755373237,0.03359595728724417
1005,0.0018113553680330489,0.03359594786724428
1006,0.0018095377833290782,0.03357765943272173
1007,0.0018095347059987855,0.0335776527368415
1008,0.0018065624089513722,0.03357931774202618
1009,0.0018065327345579095,0.03357930612559689
1010,0.0018053126264271418,0.033577499639638325
1011,0.0018052255544826839,0.03357737423276774
1012,0.0018030966021287495,0.03356690137395031
1013,0.0018013204498057238,0.033570018091577614
1014,0.001801326999766688,0.03357001343523807
1015,0.0017986625602793788,0.0335406482321803
1016,0.0017959293964140471,0.03351113069882282
1017,0.001793751989060803,0.033494463013394656
1018,0.0017920595642603335,0.033491368393701405
1019,0.001792064803269638,0.033491421313539764
1020,0.0017877498108786172,0.033483189201212245
1021,0.0017858808180560347,0.03347000117238342
1022,0.0017859048008916204,0.033470001565246814
1023,0.001785772746618502,0.03347052451591281
1024,0.001785590033090717,0.03347087201899147
1025,0.0017836445652362302,0.03346105328135211
1026,0.0017816299547960695,0.03345899579196595
1027,0.0017815852599476904,0.033459114960197545
1028,0.0017811730111853838,0.033460740573511234
1029,0.0017795400633806092,0.03345774367358078
1030,0.001777972832944495,0.03345784091236275
1031,0.00177610625014295,0.03343016984279431
1032,0.0017760781134551666,0.033430288271305265
1033,0.001776074183478588,0.033430287211696615
1034,0.0017739305419656754,0.0334169399831301
1035,0.0017722041026230486,0.033399261038570854
1036,0.001772190569181975,0.03339934819455239
1037,0.0017721665351748195,0.033399348202748244
1038,0.0017721726309881,0.033399351900196
1039,0.0017719339005822434,0.033398168944302725
1040,0.001770255408640938,0.03338163863917497
1041,0.0017686427671143755,0.03338754004598027
1042,0.0017657892395608551,0.033382587766096136
1043,0.0017643980105016713,0.03336862758006696
1044,0.001762833097498035,0.033374233021968965
1045,0.0017608720367866476,0.03337101760202151
1046,0.0017608890641265763,0.03337104323135803
1047,0.0017608312530453306,0.033371031979010805
1048,0.0017608360388664181,0.03337103565248773
1049,0.0017608456629594521,0.033371036048017284
1050,0.001758628594801009,0.03336390245858829
1051,0.0017565324925561691,0.033362652298923864
1052,0.0017549697216824056,0.03336337236027344
1053,0.0017549762230303783,0.03336348945629764
1054,0.0017533967789799196,0.033372996587444505
1055,0.0017511921542681303,0.033368937100160104
1056,0.0017488909135543829,0.03335780329317855
1057,0.0017489302120408795,0.03335786161074921
1058,0.0017476635740812136,0.03335286751051883
1059,0.0017476282042920063,0.03335287115208499
1060,0.0017476155073461916,0.03335283495303057
1061,0.001746219580856812,0.033337070558131815
1062,0.0017461218237288419,0.03333830729245224
1063,0.0017445159115835609,0.033340554838982364
1064,0.0017429495248786854,0.033336891043440266
1065,0.0017428704715192517,0.03333719973315322
1066,0.0017413155552016438,0.033334295107086326
1067,0.0017412858259586545,0.033334289671097056
1068,0.001738844558721022,0.03332767312664786
1069,0.0017375048051030467,0.03332154170236883
1070,0.0017374872211123828,0.03332149837778987
1071,0.0017374819811436112,0.03332149848404095
1072,0.0017372151157690166,0.033318561910003694
1073,0.0017357777784067427,0.03331879314970055
1074,0.001735782161251716,0.03331879409163543
1075,0.001734169455161024,0.0333155374616357
1076,0.0017323050823316597,0.03329686381857888
1077,0.001730850419674995,0.03329024734050938
1078,0.001730839939737452,0.033290261731997096
1079,0.0017308009738661605,0.03329018477730711
1080,0.001728813551200981,0.03328708353849708
1081,0.0017273238297023524,0.033298246263266496
1082,0.0017262995048780456,0.03330216730773258
1083,0.0017263268978190403,0.03330221654644055
1084,0.0017249508862652954,0.03329974806949
1085,0.0017245396275529356,0.03329939968078083
1086,0.0017224877975112888,0.03329240786514222
1087,0.0017209292773559056,0.03327533226691858
1088,0.001718922796399156,0.03327615062838777
1089,0.0017188662577309814,0.033276077453990804
1090,0.0017174141691642004,0.03327460247887716
1091,0.0017173753232262762,0.03327465950952722
1092,0.0017154899514635262,0.03325793478184936
1093,0.0017154340731884497,0.03325796181704825
1094,0.0017153971218779058,0.03325793893821071
1095,0.0017153702057919793,0.03325812754593862
1096,0.0017153958990372932,0.033258178015193145
1097,0.0017138317413340261,0.03325528059844923
1098,0.0017115189156966452,0.03324506648346962
1099,0.001711521535681031,0.033245072027639495
1100,0.0017115044416581501,0.03324527344684585
1101,0.0017114584843111915,0.033245357629079555
1102,0.0017109202598586198,0.03324454188951871
1103,0.0017081133719529845,0.03320712921742235
1104,0.001706335242188588,0.03321779996867147
1105,0.001705082808777141,0.03321534718971325
1106,0.0017047512667756695,0.033216010372800746
1107,0.001703403868924687,0.033216546683147906
1108,0.0017026558769750089,0.033208784926786104
1109,0.0017026558769750089,0.033208784926786104
1110,0.001702618224933778,0.03320879040917763
1111,0.0017012108529433046,0.03320078857567279
1112,0.0017001024244254351,0.03320216838876264
1113,0.001698242901901332,0.03318419526975767
1114,0.001696309912414098,0.03317273589986964
1115,0.0016949471543769475,0.033158845611834804
1116,0.0016932995298862647,0.03315332683125541
1117,0.0016933244210172184,0.0331533516990938
1118,0.001693257507792953,0.03315334101866831
1119,0.001693272773391672,0.033153390753687166
1120,0.001692686824174086,0.03315001754680057
1121,0.0016913510622184181,0.03314766224437943
1122,0.0016899621605461817,0.03314691874082798
1123,0.0016899800450099086,0.03314697498825716
1124,0.00168992914800733,0.0331468224224823
1125,0.0016899247677209352,0.03314687201257489
1126,0.0016889043293373946,0.033142926289331784
1127,0.0016865576839696227,0.0331460877661991
1128,0.0016865419640633083,0.033146101790990444
1129,0.0016859020176455558,0.03314932996177263
1130,0.0016858915377080128,0.03314933305759773
1131,0.0016858791884090522,0.03314944468622234
1132,0.0016835735251923645,0.03312514712539212
1133,0.001681702518408701,0.03311526643673294
1134,0.0016817343599181546,0.03311532206818454
1135,0.001679641170215161,0.033104492918541416
1136,0.0016796534141326697,0.03310442118621698
1137,0.0016781041435983703,0.03308946563856096
1138,0.0016780646722479135,0.033089571735951076
1139,0.0016759433067188812,0.033066656771148555
1140,0.0016759362488800843,0.03306665751940882
1141,0.0016754436960132347,0.033071355528135664
1142,0.0016738463587039356,0.03306906585018332
1143,0.001673844193027145,0.033069078136657375
1144,0.0016725311328987667,0.03306663842748409
1145,0.0016725311328987667,0.03306663842748409
1146,0.001672548162797274,0.03306664149717483
1147,0.001672521911142202,0.033066608161461127
1148,0.0016712628322828416,0.03306703373778297
1149,0.0016699368550509642,0.03306792139658006
1150,0.001669884908871289,0.03306791439710631
1151,0.0016682718984096997,0.033036719101725794
1152,0.0016662678694706551,0.03302242374190424
1153,0.0016661372534784546,0.033022956999411116
1154,0.0016661170317532666,0.03302306690006714
1155,0.00166612221943109,0.03302294678269179
1156,0.0016660930869765362,0.03302307625479244
1157,0.0016637444007626203,0.03302582999481283
1158,0.0016622614819245608,0.0330234664785856
1159,0.0016622287321197392,0.03302347865743595
1160,0.0016622248021431604,0.033023490836289325
1161,0.0016606386883582813,0.03302678625769795
1162,0.0016604112736656265,0.0330240891615471
1163,0.0016585863399246432,0.0330171809576535
1164,0.0016568882852520251,0.03299818336847937
1165,0.0016546637875213131,0.033006797557302216
1166,0.0016546690274900845,0.03300680058653946
1167,0.0016538333953116768,0.03301129396470915
1168,0.0016537747438973044,0.033011584626539345
1169,0.0016537083231994004,0.03301119189958855
1170,0.0016537188031369434,0.03301119452206794
1171,0.001653207850212821,0.033013601274502404
1172,0.0016514009501326734,0.0329931871758197
1173,0.0016513262810574135,0.03299321641057965
1174,0.0016503383716413877,0.03299112185442703
1175,0.0016503208888744856,0.03299117015396495
1176,0.0016488895746058936,0.03298290395751265
1177,0.0016469693201832962,0.03296898136214166
1178,0.00164695393609041,0.03296897716329406
1179,0.001645445511602812,0.032946407069332
1180,0.0016442733170721451,0.032951739339056166
1181,0.0016442274671854837,0.03295173712824199
1182,0.0016442462634626241,0.032951785177353164
1183,0.0016442584552490958,0.032951783330264266
1184,0.0016426291779250708,0.03294623984433968
1185,0.0016425458685302107,0.03294681128805993
1186,0.0016424853869326538,0.03294709919324555
1187,0.0016411417672625847,0.03295147271435368
1188,0.0016394848178726414,0.03294041557214341
1189,0.0016394900055504648,0.032940463480588864
1190,0.0016383642463212139,0.03294504063946131
1191,0.0016373163341615888,0.032943027871419166
1192,0.0016341054779331898,0.032870748555515486
1193,0.0016340459502056806,0.03287077692422789
1194,0.0016339973255006563,0.03287071517462746
1195,0.0016323320921331358,0.032863787514428935
1196,0.0016322884594146571,0.032863814349413226
1197,0.0016323011051889017,0.03286383819326971
1198,0.0016309317824389827,0.03285554028780433
1199,0.0016293072470404326,0.032841199118763174
1200,0.0016284548457786135,0.032839470872408266
1201,0.0016283733363437291,0.032839591363805716
1202,0.00162689801014734,0.032840490545913724
1203,0.0016255379459135628,0.03281977131991147
1204,0.0016248790819660356,0.03281581564653075
1205,0.0016231563877227018,0.032806635059430767
1206,0.0016214613852543363,0.03280609175423067
1207,0.001621457910704731,0.032806139019561524
1208,0.0016214592206969239,0.032806139327240906
1209,0.0016214789818779817,0.03280613990332079
1210,0.0016212866278262912,0.03280580150751606
1211,0.0016212467555785654,0.03280584876862463
1212,0.0016191353909332294,0.03278829565892897
1213,0.0016191279347557421,0.03278838670471549
1214,0.001616791013445466,0.032789882067715666
1215,0.00161673503190776,0.032789819361401046
1216,0.0016154861077866173,0.03279717600933379
1217,0.0016154570786346704,0.032797031786274786
1218,0.0016139922272386785,0.03278176971579994
1219,0.0016132322255014136,0.032780693810856826
1220,0.0016117692303941023,0.03276550822541187
1221,0.0016100608479793844,0.03274888806659955
1222,0.0016101399016586403,0.03274893623668894
1223,0.0016094606822202428,0.03274592688741743
1224,0.0016094611900181197,0.032746207329057225
1225,0.0016094572600415412,0.032746205815223
1226,0.0016094647182978736,0.03274625265496653
1227,0.00160936727115768,0.032746515950675736
1228,0.0016079870001703966,0.03274906622831153
1229,0.001607972588976986,0.032749038531298263
1230,0.0016058744265767299,0.03273818477817095
1231,0.0016050807317387209,0.03273777471979742
1232,0.0016050519119104778,0.03273778128506122
1233,0.0016034918013387001,0.03273752072771057
1234,0.0016012238552870618,0.032740923580099904
1235,0.0016002699658901503,0.03272688792953619
1236,0.0016002738958667288,0.032726891047290124
1237,0.0016002632433050926,0.03272685564297032
1238,0.0016002286769095347,0.03272684679678153
1239,0.0016001950194489897,0.03272683854019547
1240,0.0015992179994230224,0.03272459878436453
1241,0.0015992468211701995,0.03272460486016935
1242,0.001599276495563662,0.03272459718541192
1243,0.0015992642003146722,0.03272456421955266
1244,0.0015978893519147008,0.032721157738667295
1245,0.0015953869121433824,0.03270102569181482
1246,0.0015953618642994955,0.03270124028885595
1247,0.0015946142769650209,0.03269946913072968
1248,0.0015946596712647979,0.0326995156042264
1249,0.0015945572959226212,0.032698052270247094
1250,0.001594586971595373,0.032698075459838834
1251,0.0015945230786131176,0.03269823755407115
1252,0.0015945230786131176,0.03269823755407115
1253,0.001593441716597606,0.032690555817908945
1254,0.001593395535694851,0.0326902506265279
1255,0.0015921819871197172,0.03268123168768539
1256,0.001592178510651178,0.03268127589393118
1257,0.001590788265345439,0.03268047208977162
1258,0.001590256786185309,0.03268173655548671
1259,0.001590213787994299,0.03268192176140978
1260,0.0015899080268294771,0.032682675258809975
1261,0.0015898463109976376,0.03268259607788362
1262,0.0015882951961480054,0.03267775312056346
1263,0.0015883296050310742,0.03267771272409343
1264,0.0015883076884075397,0.03267771858229651
1265,0.0015882952598326233,0.03267769878273573
1266,0.0015870444839602787,0.03268355717275973
1267,0.0015870341860016316,0.03268351755633083
1268,0.0015870036010740447,0.032683487214447936
1269,0.0015858753455716766,0.03268165479579141
1270,0.001585838864879666,0.0326816969133376
1271,0.0015856531315096487,0.032680244141908205
1272,0.0015857160124141956,0.03268027712050622
1273,0.0015838700895543737,0.032664543358650454
1274,0.0015819983097002139,0.03265315921052572
1275,0.0015800108330050525,0.03264476295515662
1276,0.0015792887564572624,0.03263797605393625
1277,0.0015792578910455073,0.032637999030616795
1278,0.0015792880208659432,0.03263799751581983
1279,0.0015792201919504186,0.03263769654994032
1280,0.0015791730872409132,0.03263771952604333
1281,0.001577178256051771,0.032645938244521576
1282,0.0015770712383887807,0.032646143571946167
1283,0.0015753153428314753,0.032643873824041506
1284,0.0015753178082617283,0.032643171831135555
1285,0.0015752761865859522,0.03264344735430732
1286,0.0015741933451523776,0.032641166946559545
1287,0.0015741749531306406,0.03264113695024325
1288,0.0015728643150566143,0.03264285670312903
1289,0.0015728636354342,0.032642848154017357
1290,0.0015717799017163619,0.03263208288263199
1291,0.001571771187197985,0.032632108370751756
1292,0.001570504971023983,0.03262370473228716
1293,0.001570504972303272,0.03262369638006357
1294,0.001570498423621597,0.0326237013749467
1295,0.0015693089156099762,0.03262493847323373
1296,0.0015692818081103953,0.032624961335605544
1297,0.001569256918258731,0.032624958680484366
1298,0.001568583682555882,0.032618596693073175
1299,0.0015685998003211533,0.03261859404785029
1300,0.0015685937073862738,0.032618903874783695
1301,0.0015685778800196624,0.032618918631321304
1302,0.0015674166844181965,0.03261244515346399
1303,0.0015673922474349268,0.03261248419415635
1304,0.0015674166318074261,0.03261251295794682
1305,0.0015674336617059333,0.03261250444696308
1306,0.0015662763143064783,0.03259645136237193
1307,0.001565045818866705,0.03259731812871108
1308,0.0015650405788979337,0.03259733744122217
1309,0.001565075041511151,0.032597429559613596
1310,0.0015650305004973044,0.03259745232894947
1311,0.0015650339776054883,0.03259744445053979
1312,0.0015632006793516715,0.032585389225781476
1313,0.00156162347589638,0.03257939959252349
1314,0.0015615994418892245,0.032579416267530664
1315,0.001561513940432233,0.032580149844155255
1316,0.0015614702565421843,0.03258019585663524
1317,0.0015614989740272874,0.03258016155466331
1318,0.001561463150090396,0.032580120434601303
1319,0.0015614338746752685,0.032580060121971226
1320,0.0015601264757016586,0.032566782441737205
1321,0.001559348610149195,0.03256674537628746
1322,0.001559348610149195,0.03256674537628746
1323,0.0015577778681240538,0.03257154684240717
1324,0.0015577695393113862,0.03257164917879491
1325,0.0015577839492255077,0.032571651929341645
1326,0.0015577576965310133,0.03257192359384259
1327,0.0015577467589277408,0.032572025305949985
1328,0.0015577358772933731,0.03257204790592153
1329,0.0015559497579478384,0.0325514001200125
1330,0.001554885743374413,0.03254166310774688
1331,0.001554884887369993,0.03254166172660807
1332,0.001553451897692227,0.032526500525118685
1333,0.0015516075825391933,0.03250780917108256
1334,0.0015511540832149266,0.032506902454307963
1335,0.001549612973926392,0.032514503745874314
1336,0.001547956035430396,0.032512240587252696
1337,0.00154797170272594,0.03251226556442842
1338,0.0015479147471693807,0.032512198187003225
1339,0.0015456735275890155,0.03251037507815531
1340,0.0015452039318076388,0.03250947161449244
1341,0.0015446090490733476,0.03251243608005643
1342,0.0015446103590655404,0.03251248645749265
1343,0.0015446308647929423,0.032512515661531294
1344,0.001544573070662279,0.0325120188723729
1345,0.001542901241319359,0.03249916355636471
1346,0.0015429248224581198,0.032499168692195116
1347,0.0015429117225361911,0.03249918125397604
1348,0.0015429331362391387,0.032499179974952906
1349,0.001542902150574194,0.03249919077867192
1350,0.0015429130846594209,0.03249918612833061
1351,0.0015429064836867978,0.03249920510082967
1352,0.0015428855238117118,0.03249922785777311
1353,0.0015428362072110917,0.03249929566793184
1354,0.0015428362072110917,0.03249929566793184
1355,0.0015428527816826257,0.03249928904999976
1356,0.0015428527816826257,0.03249928904999976
1357,0.0015428527816826257,0.03249928904999976
1358,0.0015428204348539182,0.03249933379896284
1359,0.0015414019798209754,0.03249481025426756
1360,0.0015397892757891395,0.03248416180315398
1361,0.0015397639842406503,0.03248422734923972
1362,0.0015397617646738001,0.03248422730384521
1363,0.0015391108934256787,0.032484083116885054
1364,0.0015368403525756618,0.03248231717728602
1365,0.0015368805081859567,0.032482322741306455
1366,0.001536847065006361,0.03248243613521717
1367,0.001535806185819348,0.03248022844202438
1368,0.001533313093174941,0.032490933725236176
1369,0.0015332788259731567,0.03249086043669642
1370,0.0015309492917387594,0.03247569677736342
1371,0.0015309461149437273,0.0324754656423167
1372,0.0015297635752606336,0.03247756918512601
1373,0.001529769671073914,0.032477581658816236
1374,0.0015297861930945885,0.032477519134701725
1375,0.0015288324144361529,0.03247243410145733
1376,0.0015288008036385202,0.03247273305789255
1377,0.001528802113630713,0.032472745516742584
1378,0.001527553531639489,0.03247470760387133
1379,0.0015263357937918365,0.03247531893894725
1380,0.0015263672336044652,0.032475331385583575
1381,0.0015262936530444466,0.032475553269049696
1382,0.0015262906300839468,0.03247560305581304
1383,0.0015262945088889554,0.0324756067347486
1384,0.0015257350698827925,0.03247441599731217
1385,0.0015256471957440186,0.03247468215440396
1386,0.0015256995954317332,0.03247468747657627
1387,0.0015256681556191044,0.032474690587202606
1388,0.0015257149784052412,0.032474740359255475
1389,0.0015256939001958997,0.032474762921597594
1390,0.0015256886615064174,0.032474764788171566
1391,0.0015236554266736205,0.03248269953730127
1392,0.001521779593451436,0.032477903928070075
1393,0.0015205801443229135,0.032486140234861724
1394,0.0015206024167487707,0.03248617491576209
1395,0.001519517732399086,0.032484092743664754
1396,0.0015186281282065185,0.03248227828280968
1397,0.0015171635419632126,0.03247729404884165
1398,0.001517143440331303,0.032477393189724146
1399,0.0015171321007113835,0.03247736131065269
1400,0.0015170429220173962,0.032475874763546256
1401,0.0015167613346220804,0.03247224716984868
1402,0.0015167272228139624,0.03247222870668224
1403,0.001516710646743317,0.032472238079214934
1404,0.0015161250405551503,0.032466165204410286
1405,0.0015161384932211009,0.03246651837158543
1406,0.0015156241658117794,0.03246721372943003
1407,0.001514624535007937,0.03245179511272802
1408,0.001514624535007937,0.03245179511272802
1409,0.001514580850798066,0.032451839198428686
1410,0.0015146297759361755,0.032451883284167815
1411,0.0015145930961547752,0.03245188145358353
1412,0.001513890340432696,0.032441968144057705
1413,0.0015139365921760935,0.03244199259978701
1414,0.0015138731438268083,0.032442168430631725
1415,0.001513865685570476,0.032442111895621344
1416,0.0015138517285247493,0.032442111243237495
1417,0.0015138717775458885,0.032442102496805174
1418,0.001513843414423908,0.03244210310405747
1419,0.0015118498658221841,0.0324354418509096
1420,0.001511832458693259,0.03243524353327844
1421,0.0015111255991911634,0.03243256995699751
1422,0.0015106655388720624,0.03243498677304379
1423,0.001510601349254612,0.03243498881523212
1424,0.0015094729760976107,0.03243524862777929
1425,0.0015094463222659804,0.03243526100493532
1426,0.0015094877865891789,0.03243526112639806
1427,0.0015094427939862265,0.03243519474926746
1428,0.0015073887991473005,0.03243873443682364
1429,0.0015073869838358536,0.032438783718899106
1430,0.001507357711459038,0.03243875010627802
1431,0.001507373886152681,0.0324387720341452
1432,0.0015069624593537071,0.032437693284659556
1433,0.0015069895150420733,0.03243771127472093
1434,0.0015069737951357589,0.032437710158945345
1435,0.001506975963531039,0.03243773208123776
1436,0.0015069557405265617,0.032437754003539786
1437,0.0015050079908398182,0.03243487660972265
1438,0.0015050202361965273,0.03243496410887893
1439,0.0015036562336907802,0.03241755635848984
1440,0.0015013827782600496,0.03241846180343273
1441,0.001499980080332754,0.032401370345962986
1442,0.0014981462152738438,0.032404008193880084
1443,0.0014981523110871242,0.03240400456275203
1444,0.0014981745285035436,0.03240405299209145
1445,0.0014981530620299143,0.032404077440977494
1446,0.001498152606602941,0.03240410188986858
1447,0.0014970831509324874,0.032410839273621386
1448,0.0014953207187468102,0.03239332605169584
1449,0.0014952853489576029,0.03239332341534104
1450,0.0014953430423442374,0.03239341042393054
1451,0.001494542607250988,0.032394166920793596
1452,0.0014945521788931628,0.03239417134459828
1453,0.0014945316766838065,0.03239410869348752
1454,0.001493130503669298,0.03238581096694414
1455,0.0014930167671791622,0.03238596278614513
1456,0.0014930539011082467,0.03238606068683622
1457,0.0014930000886054656,0.032386198603836916
1458,0.0014930184284961657,0.03238619647221359
1459,0.0014930227604893914,0.03238618022441476
1460,0.0014930305169800304,0.032386151411246906
1461,0.0014930034062822265,0.03238617347555882
1462,0.0014929666726107666,0.03238609162761217
1463,0.001493005975694709,0.03238626528826127
1464,0.0014925252951917963,0.03238542759503864
1465,0.0014925314434559359,0.032385651989551865
1466,0.0014925313903654319,0.032385825613380916
1467,0.0014923740529791379,0.03238521886221909
1468,0.0014923642075690632,0.03238522335379283
1469,0.0014923179049739182,0.03238522617872937
1470,0.0014923327169046867,0.03238527481885523
1471,0.0014923172824397866,0.03238544844146225
1472,0.0014922362247539191,0.03238551405949322
1473,0.0014922309847851475,0.03238551308368566
1474,0.0014922493246758478,0.0323855125873707
1475,0.0014922506346680406,0.032385502073700154
1476,0.001492223862662066,0.03238554632715893
1477,0.0014922164554173922,0.03238554512089073
1478,0.001492218802273523,0.03238551376972287
1479,0.0014912355710583762,0.03238679653843246
1480,0.0014894115176482977,0.03238359394010953
1481,0.001489389079074749,0.03238381071322121
1482,0.001489387769082556,0.032383820012913296
1483,0.0014893436320042902,0.03238390404328654
1484,0.0014893551593599074,0.03238383915980139
1485,0.0014893359623454091,0.032383831395566845
1486,0.001488370640859952,0.032372816093023796
1487,0.0014883714967044608,0.03237282537682266
1488,0.0014883435314414373,0.032372913555806106
1489,0.0014883413131538763,0.03237291537068457
1490,0.0014883426217868244,0.032372907736973267
1491,0.0014883308320169997,0.03237290056397399
1492,0.0014883290665978336,0.03237289245950818
1493,0.0014883722963401982,0.03237289253698293
1494,0.001488288912266828,0.03237289501556664
1495,0.0014873223122117201,0.0323727957982296
1496,0.001486248077916181,0.0323706882094833
1497,0.0014862636984776896,0.03237068629430493
1498,0.0014847981495692223,0.03236758405100614
1499,0.0014847737125859527,0.032367627264541135
1500,0.00148478459278112,0.032367634279212444
1501,0.0014848107926249772,0.03236763730479065
1502,0.0014847929081612504,0.03236765573951192
1503,0.0014847890293562419,0.03236791497250102
1504,0.0014847497283111666,0.03236796338189153
1505,0.001483743825451961,0.03236916128835157
1506,0.0014837302190914001,0.032369130900150415
1507,0.0014825979633914669,0.032361985398572775
1508,0.0014822992234457871,0.032358026945165326
1509,0.0014808474475253056,0.03235860741488999
1510,0.0014808016887880033,0.03235805717502914
1511,0.0014795480959007394,0.0323418792137307
1512,0.0014795454759163537,0.032341880115221815
1513,0.0014795437627881357,0.03234188472463239
1514,0.0014795187552418601,0.03234188530136614
1515,0.0014795353847228319,0.03234190458979969
1516,0.0014795340213203127,0.03234190029904937
1517,0.0014794973415389126,0.032341859934534915
1518,0.0014777420288977496,0.032349590446310694
1519,0.0014776494494531556,0.032349956885173704
1520,0.0014776361214979181,0.03235005311021795
1521,0.0014776924500228444,0.03235014933534302
1522,0.0014760785944307937,0.03235671967353465
1523,0.0014742092169819023,0.03234807080713492
1524,0.0014725740919267671,0.032349612642710926
1525,0.0014725399121963854,0.03234967657064252
1526,0.0014725661120402428,0.03234968726679304
1527,0.001472513258204844,0.032349735201176164
1528,0.0014725525592499192,0.032349745881626604
1529,0.0014725959664936674,0.032349818998827586
1530,0.0014725081484037539,0.03234986693283497
1531,0.0014725377741842249,0.03234994005201753
1532,0.001472444016274364,0.03235018427836292
1533,0.0014704814761848915,0.03233484397405705
1534,0.0014704518005121397,0.03233486486566764
1535,0.0014704692858376204,0.03233487691464401
1536,0.0014704020208088108,0.03233488599777389
1537,0.0014704302273777692,0.03233458555138699
1538,0.001470442822140355,0.03233459187778967
1539,0.0014703969183636337,0.032334766192799055
1540,0.0014703956083714409,0.03233470037138383
1541,0.0014703536371298768,0.03233469664686927
1542,0.001469809214281018,0.03232970913001292
1543,0.0014698210533034789,0.03232949207782182
1544,0.001469774175188082,0.032329231028719436
1545,0.0014697636451183914,0.03232924511581351
1546,0.0014686413940600666,0.032331651740782855
1547,0.0014686529789837,0.03233150452939609
1548,0.001468601835717941,0.03233150726428821
1549,0.0014686293455539912,0.03233153116839459
1550,0.0014672125814815824,0.03231234260383464
1551,0.0014672165114581611,0.03231234558751962
1552,0.0014671234484422303,0.03231234129658716
1553,0.0014653953255149715,0.03229209338378584
1554,0.0014653206559599782,0.0322921019316969
1555,0.0014653083627498556,0.03229238791161647
1556,0.001465297880253734,0.03229241243252888
1557,0.0014653326963905405,0.032292153120370565
1558,0.0014652994393475308,0.032292200326783246
1559,0.0014642049319753335,0.03228097321630208
1560,0.0014641546981243204,0.032280983834202664
1561,0.0014641612480852848,0.03228099446766921
1562,0.001462318800174846,0.03228869178851557
1563,0.0014623392560099671,0.03228888223849745
1564,0.001462301266236374,0.032288903507157365
1565,0.001462246594850772,0.03228890203965432
1566,0.0014622828204844884,0.032288923308197
1567,0.0014610832711916153,0.03229141274836136
1568,0.001461041804949483,0.03229146060272406
1569,0.0014600249465369776,0.03227689898174988
1570,0.001459985595119888,0.03227699399874235
1571,0.0014580709757865407,0.03226990100781819
1572,0.001458028327800963,0.03227014444899347
1573,0.001458077200488213,0.03227015037742199
1574,0.0014579742902232292,0.032269689442297356
1575,0.0014580004900670866,0.03226969240617162
1576,0.001458017922941708,0.03226968889435822
1577,0.0014578947887927355,0.032270576780147574
1578,0.0014578843088551925,0.032270581585640286
1579,0.0014579467343327661,0.0322705976863346
1580,0.0014579113645435586,0.032270602242605154
1581,0.0014578581223639168,0.03227022127081396
1582,0.0014578323765078323,0.03227026363184665
1583,0.0014578367619113844,0.032270257244431416
1584,0.0014567548759269802,0.03225713537544753
1585,0.0014566994022671069,0.032257177658604475
1586,0.0014566769616147133,0.03225725795377272
1587,0.0014565330985623316,0.03225558924632229
1588,0.0014547221426355363,0.03224615804261431
1589,0.0014534831952914828,0.032258737085241775
1590,0.0014534701439825456,0.032258735316937175
1591,0.0014534640481692655,0.03225873418515836
1592,0.00145320379703992,0.032258273614021706
1593,0.001451490345741379,0.032249788569219506
1594,0.0014515143797485348,0.03224978133110928
1595,0.0014513455970210577,0.032247809316351
1596,0.0014500192188519336,0.03224487262570765
1597,0.0014499979199651964,0.032245041085379234
1598,0.001449972980221251,0.03224520954560259
1599,0.0014499440439776862,0.032245378006377556
1600,0.0014498903342977788,0.03224534081131722
1601,0.0014499449522730544,0.0322453390560518
1602,0.0014499169361582832,0.03224533171478584
1603,0.0014499167741682819,0.03224552949928814
1604,0.0014481255324086644,0.03222414923616751
1605,0.0014463626927893498,0.0322267506644671
1606,0.0014463428892318357,0.03222655626420696
1607,0.0014448327252506675,0.0322135324154931
1608,0.0014448147891356373,0.03221350601854294
1609,0.0014435557411591187,0.03221903874699268
1610,0.001443553121174733,0.032219043981445754
1611,0.0014435164888869463,0.03221899303092992
1612,0.0014435077730892802,0.03221899507018535
1613,0.0014425682085137661,0.032204567872607275
1614,0.0014414466973843507,0.032195018773356454
1615,0.0014414908379806618,0.03219494324043412
1616,0.001440095678425188,0.03217806399514597
1617,0.0014390703347869152,0.032170365745273766
1618,0.0014390004510530091,0.032170412517153926
1619,0.0014390021070929443,0.032170586151953576
1620,0.0014382921830534481,0.032173052588632324
1621,0.0014383026601925458,0.0321730794044574
1622,0.0014382672907231608,0.032173042306109324
1623,0.0014382397823263112,0.03217327602185445
1624,0.0014377042733450742,0.03216766410446206
1625,0.0014376533118982998,0.03216745423148277
1626,0.0014376533118982998,0.03216745423148277
1627,0.0014362618592433417,0.032162826810284886
1628,0.001435307954494959,0.03216078394870131
1629,0.0014343717032386269,0.03214650138863974
1630,0.0014328175578726926,0.032144429826001006
1631,0.0014328232519891483,0.03214445110697008
1632,0.0014328223961446393,0.03214447435665771
1633,0.0014328062208113516,0.03214444548292549
1634,0.0014313695446017535,0.03214128208369267
1635,0.001431413630188627,0.03214125422022253
1636,0.0014313878844924538,0.03214127497842571
1637,0.0014309234066076698,0.032135709347048846
1638,0.0014296159167445563,0.0321308394861169
1639,0.0014285920747320084,0.03212120868817279
1640,0.0014286002302009825,0.03212130725248948
1641,0.0014285910602556324,0.03212132794886591
1642,0.0014285692491734614,0.03212153489182342
1643,0.0014281226488762244,0.032116272763646446
1644,0.0014281326746660831,0.03211629590364562
1645,0.0014280668945722717,0.03211678521928967
1646,0.001427179099674494,0.032117683060664835
1647,0.0014271485195442417,0.032117686409788224
1648,0.0014271341096301201,0.032117682268351946
1649,0.0014271694794193276,0.032117669346140465
1650,0.0014271782470282083,0.03211765767013523
1651,0.001427166858635386,0.03211766418729863
1652,0.0014262785940585532,0.032121824066767425
1653,0.001426301265942479,0.032121844725965784
1654,0.0014262684640066205,0.032121837216328476
1655,0.001425300720886578,0.03211417592456153
1656,0.0014253151308006996,0.03211418625062373
1657,0.0014252795903862885,0.0321136708715704
1658,0.0014252795903862885,0.0321136708715704
1659,0.0014242576693864616,0.03211215363530489
1660,0.0014242021955666773,0.03211216395092583
1661,0.0014242165507911833,0.032112248541905704
1662,0.001424228743697033,0.03211227161867907
1663,0.0014242510135643119,0.03211228193429159
1664,0.0014239234639447473,0.03211088834054216
1665,0.0014238919691226808,0.032110915786871176
1666,0.0014239341907851158,0.03211100036298211
1667,0.001423402888806547,0.03210495288535342
1668,0.0014219075511481517,0.032097703585043914
1669,0.0014218878488143993,0.03209770562691196
1670,0.001421054667374407,0.032087595888832775
1671,0.0014202691221086483,0.032084172240539874
1672,0.0014202424698761295,0.03208406961351639
1673,0.0014189481491564868,0.03207160844787073
1674,0.001418936359226751,0.0320716314274957
1675,0.0014188643826156084,0.032071904802941864
1676,0.001418836589416989,0.03207192778156836
1677,0.0014188322040134373,0.03207200998580539
1678,0.001417972444159914,0.032076902656186096
1679,0.0014178317501468733,0.03207611002660602
1680,0.0014178000845396917,0.03207637260043001
1681,0.0014177974671138844,0.032076393622961934
1682,0.0014166348451648705,0.0320673059693975
1683,0.0014153099058363536,0.03207447981719364
1684,0.0014153374156724036,0.03207447791839159
1685,0.0014135501774684858,0.03209282796711166
1686,0.0014136112942331558,0.0320928365467394
1687,0.001413578443044661,0.03209285262098172
1688,0.0014132425380271993,0.0320919954857954
1689,0.0014129175077879144,0.032091626664384136
1690,0.001412879415351359,0.032091790365164165
1691,0.0014128819828848854,0.0320917648736861
1692,0.0014128636429941851,0.032091771145773586
1693,0.0014120075110450661,0.03208980607525912
1694,0.0014119557543601112,0.0320896263770137
1695,0.0014119226038179318,0.03208965772976638
1696,0.0014119482957839565,0.0320896448248549
1697,0.0014119333844284264,0.03208942681613672
1698,0.0014102451671503362,0.03209698874694213
1699,0.0014101928195936586,0.03209700135138876
1700,0.00141020722950778,0.03209700302692908
1701,0.0014102108211123518,0.032097185914018514
1702,0.0014102190805235775,0.03209715602584508
1703,0.0014102125305626133,0.032097152844640146
1704,0.0014092687653608884,0.03209355984225799
1705,0.0014076300278527644,0.03210968325431829
1706,0.0014076619218130772,0.03210968568655227
1707,0.0014076466554148023,0.03210970611078521
1708,0.0014076667105525434,0.03210970256851213
1709,0.0014065422824037692,0.03210705596109942
1710,0.0014065684822476263,0.032107076575207665
1711,0.0014060184277476075,0.032110482004334036
1712,0.0014060057806940737,0.03211049346294118
1713,0.0014048399879067182,0.03211585303213692
1714,0.0014038916526640226,0.03211533374052868
1715,0.0014038877226874439,0.03211533425561271
1716,0.001403908177563098,0.03211537092771806
1717,0.0014039553372820412,0.03211536090252223
1718,0.0014022051047584603,0.03210378155786554
1719,0.0014022339245867033,0.032103792645220015
1720,0.0014022116547194245,0.032103800087927764
1721,0.0014006249243571042,0.03210265507198205
1722,0.0014006450296669705,0.03210266546372255
1723,0.0014006803470053186,0.032102615076812134
1724,0.0013993054008996305,0.03209896344464895
1725,0.0013992554657626577,0.03209894354005427
1726,0.0013992599688608207,0.032099024712177744
1727,0.0013992691388061708,0.03209902391748882
1728,0.0013982756828916755,0.03209579967270279
1729,0.0013983259167426884,0.03209579883231596
1730,0.001398285710280646,0.03209588233862127
1731,0.0013965785968209205,0.032095420762114184
1732,0.0013965964825639365,0.03209542128179835
