0,0.5352870034162547,0.5898539475413268
1,0.42809282545647004,0.4827105914515476
2,0.35668002571773993,0.4175417274977202
3,0.29162765771587784,0.3584048185268664
4,0.2594673876948928,0.3174797215165517
5,0.23291330416584366,0.2879516136958801
6,0.21691926063236514,0.2763162823507792
7,0.18596967631235975,0.24722833295873628
8,0.15937468383124231,0.22578863417194214
9,0.14471501442159737,0.2079018928119243
10,0.13098700529916216,0.19765977768925777
11,0.12374111817817234,0.18802896369261707
12,0.11383641942479354,0.18057302773963513
13,0.10581635468819323,0.17561150064618958
14,0.10126441194104317,0.1725817528025453
15,0.09553210368530238,0.16584480845785293
16,0.0924471206325482,0.16312628805643917
17,0.08879615461640515,0.16274446738958
18,0.08156307675809689,0.15289484637448925
19,0.07615811712721085,0.14898345653938014
20,0.07364204642761381,0.1485654880612112
21,0.07073953779514487,0.14256252599390248
22,0.0698823235885748,0.14245468299053127
23,0.06469873238860431,0.13489386948276463
24,0.06296613093233305,0.1322134739766261
25,0.06063079726392708,0.13107158203963234
26,0.059278780792573406,0.13058714631554474
27,0.05812822830974874,0.13085153909588057
28,0.05596701905113124,0.12974457730248198
29,0.053812649118096946,0.1303728846970873
30,0.05249184766365329,0.12923322513103025
31,0.05046908508970295,0.12704820448051682
32,0.04845053527599843,0.12476837003624718
33,0.046089617189356925,0.12310192045740978
34,0.0433085998503177,0.11968251724563933
35,0.04252428523421943,0.1194206513716785
36,0.0414287018968808,0.11730125792865946
37,0.04023004180585515,0.11615718452038568
38,0.03914007774900308,0.11439488365359955
39,0.038521010865295684,0.11286230809694874
40,0.03722088253193861,0.11221037400899947
41,0.03668243708777808,0.1118737646536915
42,0.03532412102443683,0.10782468570215141
43,0.03422155710219572,0.10762959617374825
44,0.033978275862501926,0.10735048784652039
45,0.032868532987350194,0.1066018222118564
46,0.032451717704443446,0.10710485251972215
47,0.031357524981426216,0.10513492821113123
48,0.030269206978305537,0.10568636551798337
49,0.02984758926450769,0.1041756332802783
50,0.02901824860871157,0.10460061016295875
51,0.028045011023947547,0.10384124085035654
52,0.027578118492332274,0.10302139580209152
53,0.027004199295787457,0.10318955711243687
54,0.026242034073718674,0.10306718920185344
55,0.025873153268366433,0.10250855085318468
56,0.025268801762369487,0.10289310646092387
57,0.02430569763667654,0.1029907516230981
58,0.023865373409523976,0.1040915602040091
59,0.02293526529263896,0.10389060944242692
60,0.022455850868567842,0.10463362349259296
61,0.022364149532169284,0.10607257247170808
62,0.02162216034089386,0.10646473521802031
63,0.021383490647254217,0.10661374746780927
64,0.021087631961065494,0.10714677470746213
65,0.020570785956415132,0.10642547466723842
66,0.020060341293163014,0.10609113681418443
67,0.019557670427544367,0.1056995946487494
68,0.01877700187371757,0.10289329178460146
69,0.018352768777569067,0.10136253960446384
70,0.017476822352913507,0.10083898896637519
71,0.016828392275588012,0.10093205666321806
72,0.016267176180201855,0.10040283878832254
73,0.01595530768181539,0.09984425006564136
74,0.015850980260322885,0.10001929285599172
75,0.01549941913757307,0.10018786224348221
76,0.015183856742314808,0.10063910152397855
77,0.014636887280693994,0.10185955221048835
78,0.014472012990723595,0.10182226243651114
79,0.01412569129657943,0.10180516326831532
80,0.013709677163779639,0.10153369159912551
81,0.013672279588927113,0.10149768201125682
82,0.013485341761013594,0.10172837718809749
83,0.013250543902005344,0.1018656751667777
84,0.012975352558405264,0.10134746653335963
85,0.012771871741314608,0.10225663583292173
86,0.012463053992645152,0.10112660357210793
87,0.012318445491317881,0.0999951746345632
88,0.012286011590760412,0.09996388401873328
89,0.012263595601943695,0.09997672425570454
90,0.012122405772596942,0.10026618391354677
91,0.011845438936691103,0.10016914493224312
92,0.011594537728727103,0.09855056964330677
93,0.011145723864454936,0.09708329413445194
94,0.010780238192097266,0.09305073039297189
95,0.010704815809660213,0.09361241155604472
96,0.01061861534353316,0.09384067379818595
97,0.010541230686312636,0.09412284438301623
98,0.01032691920942668,0.09425863122892897
99,0.01004929211961127,0.09542653979565534
100,0.009745759404894002,0.09595332927234441
101,0.009524007862148303,0.09636412363921289
102,0.009407828750994232,0.09672253836730249
103,0.009238454534528175,0.09659604236189656
104,0.009152317269432556,0.0969008083766299
105,0.0091005757412703,0.09704789370922844
106,0.009013468317100027,0.09722035552246226
107,0.008854276754144491,0.09849780281752235
108,0.008739444611243697,0.0980196134164106
109,0.008466311452001184,0.09700819431721878
110,0.008254684398689678,0.09519892340630218
111,0.008123624302910226,0.09406004385193785
112,0.008018388602903829,0.09316163416720469
113,0.007872085935495394,0.09275359702600379
114,0.007860372332604301,0.09279008334629577
115,0.007784676723691554,0.09285565921044003
116,0.007664865262599772,0.09308919666949933
117,0.0076596266756569715,0.09307201092703554
118,0.007643329149306653,0.09309123745410677
119,0.007413014533681468,0.09276794212215957
120,0.007324681495869798,0.09321430908494217
121,0.007267807095501148,0.09265327203596815
122,0.007244776389666908,0.0927602656822285
123,0.007240710532232808,0.09274642318463552
124,0.007139742481300247,0.092978871328532
125,0.007051575744946141,0.09339082114745956
126,0.006939071804021194,0.09440785149159722
127,0.006933541237809274,0.09427550561169964
128,0.006898921242555601,0.09416444173610897
129,0.006889991748216733,0.09418492248331249
130,0.006889919486821317,0.09418421697477011
131,0.006884198371533869,0.09421192831295631
132,0.006880224879748816,0.09421572091484216
133,0.006880126483860815,0.09421372632466016
134,0.006822565315477151,0.0944127893249139
135,0.006705087051226064,0.0936016151504862
136,0.0065858921573442135,0.09340366119596313
137,0.006579813344328247,0.09364911339025862
138,0.006575905865118503,0.09365560636835335
139,0.006575860207114673,0.0936576956759362
140,0.006575674967317868,0.09365334725260495
141,0.006575658973837972,0.09365253784152441
142,0.006494240366125395,0.09240237627040325
143,0.006494262790448866,0.09240287784944122
144,0.006446994811123263,0.09269993486186034
145,0.006347580239920926,0.0919359078727469
146,0.006347580239920926,0.0919359078727469
147,0.006286710584452939,0.09204440379196054
148,0.006197233223093732,0.09292263253577886
149,0.006116889405946223,0.09255496965513572
150,0.006005824591976865,0.0924966838654849
151,0.0058645990559303834,0.09208586265899874
152,0.0057553987862953,0.09101119005483242
153,0.005685170984012644,0.09031643724911989
154,0.005685151983125074,0.0903154186528081
155,0.005685131980894955,0.09031491979081929
156,0.005685130965178389,0.09031402249179117
157,0.005685174587746419,0.09031352449013891
158,0.005620711176101293,0.08931565509188977
159,0.005617627847616955,0.08930740762799115
160,0.005617494135475968,0.08930936745889065
161,0.005617444985225958,0.08930927581538775
162,0.005554319904258413,0.08965522492455108
163,0.005554387176944191,0.08965564121386606
164,0.005552707455293327,0.08963907883434556
165,0.005457522853702155,0.09039109306556654
166,0.0054575273980269,0.090389093923158
167,0.005453542261543111,0.09039988764535523
168,0.005447693169312659,0.09039954200637175
169,0.005447712774976404,0.09039934734478274
170,0.0054475269757136065,0.09040213286895683
171,0.005447425266294023,0.09039854535534812
172,0.005390097558662616,0.09063746247231803
173,0.005291036551217389,0.08920814030238926
174,0.005287987557354395,0.08921505057785327
175,0.005287929805036786,0.08921350972440957
176,0.005287847244478893,0.08921547467738601
177,0.005287806904862076,0.08921541180789676
178,0.005287781065339303,0.08921294645753104
179,0.005238844975101173,0.08905330316943606
180,0.005236345665960021,0.08904522813672458
181,0.005177628837001691,0.08925509869521914
182,0.005174553396420361,0.08930720245686607
183,0.005174431529253736,0.08931023822619251
184,0.0051743410659029175,0.08930800268807598
185,0.005172527046921272,0.08929094020162358
186,0.005168444992654045,0.08949772802970893
187,0.005167332551267606,0.08948744741698045
188,0.005167321160640328,0.08948624907496573
189,0.005166966627455262,0.08948057866904478
190,0.00516691113555887,0.08948749493207585
191,0.005045897297939447,0.08939961787430573
192,0.005045871846034866,0.08940180878626608
193,0.005043041279594898,0.08946455283047461
194,0.005040200134810937,0.08952762811575334
195,0.004987536658593972,0.08975455535904443
196,0.004986101622754579,0.0897777675086344
197,0.004986006272877743,0.08977692896259644
198,0.004986004198464869,0.08977619085931841
199,0.004982487603391277,0.08977258327311831
200,0.004942849043591351,0.08967841905165551
201,0.004939954048413288,0.08967987421471231
202,0.004937395705870087,0.08973844267578211
203,0.0048787982359188116,0.09046003868193415
204,0.004876582939780464,0.09045573194841167
205,0.004876554424003932,0.0904554099815089
206,0.004876530882349542,0.090454129716028
207,0.00487656905134718,0.09045371920013748
208,0.0048764054190453135,0.09045956813522534
209,0.004876374085818749,0.09045875166445363
210,0.004809530556648027,0.09021327923225063
211,0.004809475403768565,0.09021619192895072
212,0.004809419836372995,0.09021762179663477
213,0.004809391879617714,0.09021751493820501
214,0.004809394165264624,0.09021582267896283
215,0.004806539602476285,0.09021999179994063
216,0.004806540035262341,0.09022015317146641
217,0.0048064420552246705,0.09022257976471973
218,0.004804643119320949,0.09024088297158583
219,0.004804586777969848,0.09024012813530839
220,0.0048046128911504605,0.09023923304131627
221,0.00480199543979498,0.09020593507756973
222,0.004801989324005707,0.09020522426671053
223,0.004747695626443281,0.08910707670345007
224,0.004745434796970812,0.08928258518156079
225,0.004745506725024189,0.08928375342633037
226,0.004745446969985904,0.08928444649119152
227,0.004743418191028557,0.08929513677967016
228,0.004743483768825372,0.08929427165857884
229,0.004691699737578549,0.08939412632800066
230,0.004691676769123744,0.08939296594156644
