0,0.6598953746787494,0.6588586730801541
1,0.659897132724305,0.6588610488435497
2,0.6598219732346337,0.6587305347556653
3,0.6598543923320863,0.6588003227244252
4,0.5862605782330473,0.5800031119066736
5,0.5861960715070039,0.5798940554909084
6,0.5382619473928344,0.5320545907901681
7,0.5382691358004339,0.5319977551698685
8,0.5382684919536842,0.5320890623590221
9,0.5383062234426186,0.5321914488854615
10,0.5383472161362981,0.5322741393161856
11,0.5382902585789744,0.5321541324905728
12,0.5383388155975668,0.5322582028482271
13,0.538302365098431,0.5321827796490296
14,0.5382738024506417,0.5321080121009246
15,0.5382661422336597,0.5320793020984401
16,0.5382621339305981,0.5320189679446428
17,0.5382707121174026,0.5320973681366962
18,0.4852483392053245,0.4796517595000889
19,0.4852706787784409,0.47972930125568225
20,0.485242707440789,0.47961819754994434
21,0.48524622426056335,0.4795483901448872
22,0.48527703206521666,0.47974682372549304
23,0.4852670998037007,0.47971894300502277
24,0.48529788633139037,0.47979880545450293
25,0.48529321195735325,0.4797877118639324
26,0.485273000080603,0.4797358668368796
27,0.4852498842626446,0.4796587973833084
28,0.4852735757244828,0.4797374690356462
29,0.4854718440902262,0.48012762743493786
30,0.48528679950313053,0.4797720475041348
31,0.4853647332319712,0.4799381073402322
32,0.4853115690949494,0.47982986400956695
33,0.48524948663116957,0.4796570967073026
34,0.4852409128892101,0.47958714547364606
35,0.485284857397266,0.47976714890936145
36,0.48524928865339473,0.4796561475681222
37,0.4852411642779931,0.4795805714700533
38,0.48525920510292053,0.47952156092809595
39,0.4852524297744546,0.47966936230659485
40,0.4852650073746306,0.47971254522385803
41,0.4852454558124169,0.4796368058608926
42,0.48525613575517984,0.479526092176852
43,0.48524135649932915,0.47960263101950934
44,0.4852599908203834,0.47969658543234284
45,0.4852911718462965,0.47978281391703564
46,0.485297342384357,0.4797975466303203
47,0.4853376245586097,0.4798848000557526
48,0.48528008982721343,0.47975496623827063
49,0.48530191984619664,0.4798081420038057
50,0.4854014018199846,0.48000595297502435
51,0.48544992787039365,0.4800907509482425
52,0.48524570494234415,0.47963832577933435
53,0.48524267093476575,0.47956454624300415
54,0.4852424224606353,0.47956639528274536
55,0.48525114791026036,0.47953534450220026
56,0.485271904681306,0.4797327926625376
57,0.48524222047521315,0.47956781542819477
58,0.4853092864119336,0.47949140680872876
59,0.4853140324135573,0.4794904175012008
60,0.48524238974366035,0.47956670691137726
61,0.4852438335168041,0.47962672036627063
62,0.4852693236107348,0.4797254347282907
63,0.48525430688356713,0.47952916829482367
64,0.4852722654424262,0.4795079943926438
65,0.4852518681937733,0.47953385697758716
66,0.48529730908445157,0.4794946682194005
67,0.4852528848974512,0.47953180709610815
68,0.48524232263378525,0.47956737422424817
69,0.48524394653245695,0.4796273630598317
70,0.4852763541898984,0.47974499995293823
71,0.48524098342380195,0.47959498866744665
72,0.48525632112708245,0.4796838870514994
73,0.4852411320710823,0.4795802993618924
74,0.48532755246663734,0.479864068005396
75,0.4852419656617134,0.47961116290610767
76,0.48524726683178276,0.4795449855534927
77,0.48524904578997047,0.4796550345161687
78,0.48524417751867205,0.4796290268068728
79,0.48524464641340204,0.47955428323020105
80,0.4852409833509357,0.4795928215203078
81,0.48524099566534273,0.4795918970004372
82,0.4852775583057357,0.4795042289339978
83,0.48533677770630945,0.4794882866351501
84,0.48543448064904343,0.47950324610523554
85,0.4854807800506321,0.4795179289320241
86,0.4852787949928153,0.47950345472149225
87,0.4852959305995251,0.47949515412683075
88,0.48524640963246596,0.47954800919346185
89,0.48524101468345066,0.4795840926792311
90,0.48524875279452223,0.4796536791583766
91,0.48524578247210215,0.479638753377873
92,0.4854000733213495,0.48000357785950537
93,0.48525852810199804,0.4796917140483856
94,0.4852455726899844,0.47955084235771844
95,0.48524797837133804,0.4796499694171159
96,0.48533064717185526,0.479870472913203
97,0.48526698154167325,0.4797185264203859
98,0.4852499309699518,0.47965900211230567
99,0.4852952870442407,0.4797927076401918
100,0.4852499531941775,0.47965900340805884
101,0.4852588208788473,0.4796926217234653
102,0.4852636546115129,0.4797083379133888
103,0.48528665792388265,0.47949905693531036
104,0.4853662972345329,0.4794895914585694
105,0.4852748491361847,0.47950624642164813
106,0.4854631140500234,0.4795119516227556
107,0.48548439983050806,0.47951924541722174
108,0.485354663253122,0.47948861381281976
109,0.48531077266613837,0.4794910809268122
110,0.48525309701129105,0.47953139115934784
111,0.4852449112095868,0.4795534312725067
112,0.4852425963925266,0.4795653768207716
113,0.4852482097218847,0.4796512483254723
114,0.4852414200387549,0.4796041483464448
115,0.4852948057622373,0.47979148833648017
116,0.4852876627503514,0.47977420234161877
117,0.48524159491790825,0.4796062001715536
118,0.48526963438556364,0.479510340353717
119,0.48527995334860746,0.47950272262096405
120,0.4852454108539012,0.47963648257048236
121,0.48529535568430837,0.4797928858062495
122,0.4852433247642004,0.47956050090167834
123,0.4854056494888875,0.47949603912623034
124,0.48526403890845243,0.4795158395300741
125,0.4852461908877916,0.47964092700377753
126,0.48525575532015497,0.4795266914626826
127,0.4852991504890703,0.4794940507930258
128,0.485324438160381,0.4794890440028647
129,0.485327664972226,0.4794887621765551
130,0.4327770314181638,0.43343351522217627
131,0.43276914633573704,0.43354536852110986
132,0.4327694835610378,0.4334856459627981
133,0.4327718772923159,0.4334623755320259
134,0.43276948960894185,0.4334861649119336
135,0.43276862206260847,0.43350176642770355
136,0.4327690113144574,0.43354319359945215
137,0.4327886554168897,0.433395653963089
138,0.4327808197378238,0.4334188382262769
139,0.4327769560015289,0.4336189478635788
140,0.43276842117018105,0.4335099588269773
141,0.4327694708094329,0.4335523966861808
142,0.43276845009810766,0.43350961545239325
143,0.4327686642522042,0.43353425743787183
144,0.43278059523671064,0.43341952108818554
145,0.4327914913009606,0.4333890359038892
146,0.4327787429750111,0.4334264073682868
147,0.43276863044223457,0.43350321378396905
148,0.4327685607091722,0.4335038396327392
149,0.43278124112371713,0.4336442124584447
150,0.4327684839080773,0.4335245412328969
151,0.43276849921000327,0.4335290672986404
152,0.43287587224125573,0.4332981180885564
153,0.4328385958024517,0.4333234604286111
154,0.4327698973688345,0.43355794834054034
155,0.4327901528925068,0.4333920725013899
156,0.4327742573247271,0.43344703640626825
157,0.4327687446966148,0.4335004104220349
158,0.432769605247782,0.43355436169582867
159,0.4327818567712033,0.43341535135455755
160,0.43277484207689615,0.4334438417268836
161,0.4328344820618338,0.4333271507335746
162,0.43280153920131675,0.4333690495594688
163,0.43282639222506497,0.43333527121854865
164,0.4327826344005053,0.4334124488675076
165,0.4327700949822778,0.4335607452237088
166,0.4328059832449356,0.4337496796379919
167,0.4327733629635902,0.4335934869621111
168,0.43277165140674284,0.43346377041028894
169,0.43277183911036743,0.43346254851507104
170,0.4327853381050828,0.43340456161810004
171,0.4327764597819312,0.4334360095469848
172,0.4327739032673078,0.433449013725571
173,0.43277141160370375,0.4335759171973104
174,0.43276867117450407,0.4335352985755257
175,0.43276882907580627,0.4334980080956998
176,0.432815011016897,0.43334871919258783
177,0.43278509327426806,0.4334053073240363
178,0.4329000320148934,0.4332874268293381
179,0.4329006725097927,0.4332871586084366
180,0.4329693096628399,0.4332717022170191
181,0.4328789905551593,0.433296518481296
182,0.43277563981730083,0.4336102838101594
183,0.4328700255939605,0.43393906562224677
184,0.4329198970479895,0.43405973133833514
185,0.4329746308711455,0.4341797692620236
186,0.4329477808731984,0.4341221063033394
187,0.43306441718033883,0.4343601283819779
188,0.4328460322469837,0.43387476063292957
189,0.4327827575445758,0.43365229277507117
190,0.43281507521211954,0.4333486699539682
191,0.4327909757717897,0.4333902331797973
192,0.43278421640104653,0.43340780424035114
193,0.4327728580000348,0.4334551419900811
194,0.4328252254896467,0.43333653328211413
195,0.4327980146577131,0.4333753391452458
196,0.4327715412328762,0.43346489188463794
197,0.4327762214362184,0.4336143453483996
198,0.4327906895529087,0.43368977308273315
199,0.4328142764515865,0.43377837927445123
200,0.43278575788791723,0.4336672885262448
201,0.43277153452917533,0.4335768222808838
202,0.4327820811994501,0.4336486504129741
203,0.4327687119067735,0.4335011004105858
204,0.4327737965910242,0.43359699845314026
205,0.43286131428040037,0.433916286929794
206,0.43304383776590116,0.4343201077502707
207,0.43303639243167885,0.4343055389497591
208,0.4330063694700927,0.43424543284851574
209,0.43298350074180475,0.43419835748879804
210,0.4330172344204266,0.4342673939207326
211,0.4330084508963494,0.4342496531165164
212,0.4329316731915789,0.4340864394022071
213,0.4327924386359077,0.43369715887567273
214,0.4327900826493802,0.4336870312690735
215,0.43289485347883044,0.4340008918357932
216,0.4327753063810484,0.4334415974824325
217,0.43286367281724886,0.43330496290455695
218,0.4329650888087406,0.4332722328279329
219,0.4328189925780215,0.4333436178124469
220,0.43280853123420027,0.433357839351115
221,0.4328064424484458,0.4333609789609909
222,0.43276906661998965,0.43354423408922943
223,0.4327714221693193,0.4335756282443586
224,0.4327860019172025,0.433668192314065
225,0.43283269406822317,0.4338362359482309
226,0.43283935157185954,0.43385572666707245
227,0.4328080342130731,0.4337568529274153
228,0.43279015792028247,0.43368733965832257
229,0.4327683819681042,0.4335176387558813
230,0.4328193704627254,0.4337950608004694
