0,0.27340240646886926,0.4128807269641411
1,0.11220981500487325,0.1741011945015786
2,0.10796008247366885,0.10290429620522357
3,0.10678864571019839,0.1128896952142484
4,0.10469781226105863,0.10677437173487299
5,0.0975415402581036,0.11991907308668075
6,0.09927339107494589,0.12910739442634273
7,0.09844119138804301,0.13483972119605925
8,0.09792336079702847,0.1371407238310643
9,0.09685294107072405,0.136125792383171
10,0.095472985946972,0.1370163258399609
11,0.09479863846892114,0.14181562415061358
12,0.09483117069583838,0.14182969508321583
13,0.09424525751306362,0.14559977668156102
14,0.09450477677294185,0.14484978363868092
15,0.09452862766650169,0.14698820267321255
16,0.09548857864453145,0.1496266937147356
17,0.0958511125067774,0.15220252624176975
18,0.0952353731289505,0.14892004492522823
19,0.0950893108302557,0.14831270944584454
20,0.0943509559434811,0.14591197427890795
21,0.09433088763031752,0.14661228430688902
22,0.09457929098599392,0.1459440370323866
23,0.0953103127488018,0.1465082176148603
24,0.09524057638545967,0.14653971187216755
25,0.09514559453552462,0.1454268332218228
26,0.09505231761569181,0.1474992562802662
27,0.09522341427257329,0.14782497593324484
28,0.09543829783486879,0.14914144025292964
29,0.095432789521177,0.1502163241682119
30,0.09554237427256246,0.14866288608876496
31,0.09542969712798512,0.14761318687796207
32,0.09557541483942088,0.14832385809844387
33,0.09546809897032438,0.14759350284142783
34,0.09526040287348085,0.14579802429588037
35,0.09502257669280972,0.14612961078909606
36,0.09481003730569824,0.1423806250043276
37,0.09363236842967662,0.1446987993235012
38,0.0936097372725435,0.1462603129335293
39,0.09361426090059734,0.145446580538616
40,0.09380214411556073,0.14330703318856453
41,0.09385429592824754,0.14575173964349805
42,0.0937699751092493,0.14646539499146138
43,0.09378496503593245,0.14416033672851175
44,0.09354557332263425,0.14569868076923975
45,0.09362379848882756,0.14800481049327227
46,0.09372825457262052,0.1477966831734155
47,0.09383319498237598,0.14780182138251846
48,0.09364093764365385,0.1476085521037247
49,0.0934851477842624,0.1488636052163939
50,0.09323556850554908,0.14991397066030096
51,0.09330673903394604,0.1478603308441206
