0,0.5436024544862929,0.5569382695485992
1,0.43625113285392275,0.4568459718990785
2,0.35918942689486255,0.38232699539349846
3,0.2936944017982479,0.32360856942700894
4,0.261701072069847,0.29580333605757414
5,0.23127976276881093,0.2662592944076021
6,0.20092537274435776,0.23631071905419063
7,0.17757537023543002,0.216944812861621
8,0.1591739887883375,0.20393712150194182
9,0.14071640838961025,0.1895709406898474
10,0.12987236563975996,0.1796393871036771
11,0.117286646073418,0.1640184866441688
12,0.10552560862481267,0.15113748231812887
13,0.09545588816495633,0.14455141296469398
14,0.0894524521440022,0.13939143576056154
15,0.08140928186169201,0.13248908904225953
16,0.07694219909659536,0.12926140306846526
17,0.07016498519742227,0.11974930927043916
18,0.0654641204273103,0.11503695071043511
19,0.060623612170424925,0.11110319839967717
20,0.057212288752402904,0.10917518327156786
21,0.05300347013450177,0.10654727126262681
22,0.050462314017260305,0.10592621672747177
23,0.047781716630497316,0.10363771951965146
24,0.04548441149309728,0.10168970092640227
25,0.04277584148483903,0.09977057405642166
26,0.0402862304709033,0.09888669863382056
27,0.03811415633606305,0.09744312356885382
28,0.036381363811145366,0.09685183314688749
29,0.03461581805930729,0.09734353251605227
30,0.0329691608919977,0.09572503080204821
31,0.03145847541720166,0.0932182605508061
32,0.03014283822363263,0.09332773992810849
33,0.029160282001472436,0.09278542513535228
34,0.027603494687195213,0.09176679546353632
35,0.026422906434803096,0.09132311407631737
36,0.02538330173426932,0.08954638004739157
37,0.024783340864814818,0.08807540806076553
38,0.02384507521644112,0.08679546497917168
39,0.02275358416475253,0.08587358977608245
40,0.02168757073033683,0.085055053304571
41,0.02103854670025572,0.08362633496193171
42,0.020168506490465785,0.08393377157641273
43,0.01936783908884256,0.08402847425190745
44,0.018627573168007554,0.08281168037515904
45,0.017842288568147693,0.08187649322390136
46,0.01727515296846792,0.08163229236649584
47,0.016766821498954462,0.08137362548316213
48,0.01633156230001567,0.08071519946695964
49,0.01577810509767445,0.07951065424964429
50,0.015441567167846977,0.07852660712232823
51,0.01485165975703909,0.07851175313276063
52,0.014332898572320119,0.07679580943630229
53,0.014015074908876648,0.07593201454810314
54,0.013690915366169065,0.07580822470288544
55,0.013260389893740456,0.07546223072617696
56,0.012882066667681191,0.0746383001759805
57,0.012510673964912952,0.0739325219608556
58,0.012138699087989773,0.07355918740382106
59,0.011811312946560026,0.07225117068355605
60,0.011607922794640187,0.0719064945168369
61,0.01128344280404745,0.07151504393041053
62,0.011078581017260388,0.07145404263032257
63,0.011007783624885992,0.07147819262752649
64,0.010707522554394718,0.07139834558444627
65,0.01068680724647193,0.07117301214537032
66,0.010372762996217257,0.07091924014255223
67,0.010159842558026027,0.07099260129872144
68,0.009962315192691737,0.07074833288698637
69,0.009618917407671368,0.07077531192282766
70,0.009434270971214173,0.07050092370120989
71,0.009234541596155256,0.07062604674292063
72,0.009025458472743783,0.07047423873886716
73,0.008769996457216381,0.07072869883923737
74,0.00849069200538017,0.07057216016694641
75,0.008323235824099067,0.07029654942988735
76,0.008114785798230453,0.06942123996693612
77,0.00794903927973272,0.06986018284819139
78,0.007835532494457335,0.06955027828006292
79,0.007678863649534133,0.06901527339225595
80,0.007529589832232047,0.06886691061501449
81,0.007351423867666009,0.06853422402867658
82,0.007211110641627194,0.06828194214102264
83,0.007072080848297196,0.06817611842226405
84,0.006967025029583025,0.06866691275903605
85,0.006843193196231029,0.06872675675762752
86,0.006675837569003976,0.06915879409563021
87,0.006521320264565165,0.06944930640120862
88,0.006365861803975089,0.06920192871784142
89,0.006217652958834411,0.06995558588580952
90,0.006098862282789804,0.06997855092811166
91,0.0059892373208460595,0.06960225957259747
92,0.005879040421939783,0.0694090356950644
93,0.005767155973884216,0.06969390891219641
94,0.005665603559304305,0.06902124626263657
95,0.005590791584476752,0.06911579317190633
96,0.0055141988374928655,0.06912841880108288
97,0.005414066567267343,0.06924359842980309
98,0.005331912829545787,0.06938303885187384
99,0.005253578837325152,0.06950103257682297
100,0.005154983643288878,0.0688949807242068
101,0.005093920641149532,0.0685722778056097
102,0.005010241518663191,0.06850519338678715
103,0.004961732004281098,0.06841919446855013
104,0.004894331346984293,0.06864158962775704
105,0.004812111985242214,0.06848086684898037
106,0.004744408271038152,0.06870620949456593
107,0.004684233899912055,0.06873501447843611
108,0.004633647432086406,0.06865195154364914
109,0.004583365916195172,0.06872476829610838
110,0.004505529194980077,0.06847568323018108
111,0.004438311929634137,0.0688995012869316
112,0.0043929712433504855,0.06841274828267853
113,0.004343646960838309,0.06819023082748603
114,0.004287941119320828,0.06830388243114394
115,0.004244848523480219,0.06839280332718722
116,0.004176703732809983,0.06840264369407086
117,0.004122176367593136,0.06800125685509653
118,0.0040678725792011915,0.0682957547323511
119,0.004034033026063308,0.06855262771060941
120,0.003996645930753433,0.06858648281694148
121,0.003948644530392702,0.06816611572868063
122,0.003903815174583412,0.06832946785967624
123,0.003846560399864217,0.06824329838660782
124,0.003804841382569086,0.0682993025840604
125,0.0037542334561054542,0.06797911836164332
126,0.003716410661901726,0.06831687029499053
127,0.003666538402875041,0.06839648204774369
128,0.0036254001336471576,0.06856710027673198
129,0.0035838496013049417,0.06891057852984835
130,0.0035416990638343403,0.06889171535380825
131,0.0035076470127963118,0.06910018444557382
132,0.0034509648959990973,0.06842330998331723
133,0.003450957572387959,0.06842324478385235
134,0.003417467523871852,0.06838649354668441
135,0.0033527183960749035,0.06842735815652193
136,0.0033153327950548282,0.06868492629241472
137,0.003315288485592336,0.06868480937972299
138,0.003282481002615596,0.06906771255625603
139,0.0032511253762145267,0.06933841118800185
140,0.0031916110176777924,0.06821545333029597
141,0.0031916110176777924,0.06821545333029597
142,0.003155186454243229,0.06747168002946488
143,0.0031552284502710222,0.06747162005871242
144,0.00315233536557471,0.06744602646054286
145,0.0031522814880680437,0.06744583082693385
146,0.0031237492304161617,0.06746178358208296
147,0.003080673682264175,0.06712919289342763
148,0.0030498169161456735,0.06698319566029214
149,0.0030467797992309647,0.06695098265038449
150,0.0030121509829529043,0.06716686335100429
151,0.0029835756400783653,0.06749495454517936
152,0.002952973528638492,0.06781686210092196
153,0.0029235393485578243,0.06767773171266434
154,0.0028863972964265467,0.06825410026975977
155,0.0028603945140855433,0.06843090772632114
156,0.0028316614442011777,0.06868030834441463
157,0.002795321057399653,0.06886232884890282
158,0.0027952971394879966,0.06886228059610884
159,0.002793185672619454,0.06882514212778784
160,0.0027589288973223908,0.06921290460354552
161,0.0027588311031749883,0.0692128600781176
162,0.0027182136236460993,0.07001794612576424
163,0.002670243956814814,0.06929291569108492
164,0.0026702555292653775,0.06929272335584546
165,0.0026420946510020606,0.06940978911009198
166,0.0026421317562270925,0.06940974093280036
167,0.0026420403536486538,0.06941070846922244
168,0.0026223189349796057,0.0692360424212537
169,0.002587936357415926,0.06971345527377613
170,0.0025608528538633925,0.06943163169165124
171,0.002534513342802561,0.06879960891960002
172,0.002517918632392948,0.06891073581646315
173,0.0025178585962279173,0.06891062994406393
174,0.0024959904587556416,0.06907129686838699
175,0.0024959834789534886,0.06907127455468354
176,0.0024958872043218715,0.06907031458679386
177,0.0024785299914643413,0.06944364976127666
178,0.0024765708566429658,0.06941823292158435
179,0.002456176881513694,0.06951361117402868
180,0.0024560732889877617,0.06951346196525379
181,0.002434033389783088,0.06963988176602023
182,0.0024339429995222247,0.06963894318134994
183,0.0024129340716092054,0.06975201391976983
184,0.002377716559279649,0.0687999563802511
185,0.002377719513158529,0.0687999167653041
186,0.002357956120489449,0.0692051037164675
187,0.0023386737993060596,0.06903077541293312
188,0.002336728530780829,0.0690151441599111
189,0.0023099356742702416,0.06931756278562647
190,0.0023098981105399465,0.06931711232641866
191,0.002307942547853959,0.0692902445357085
192,0.0022838627212347622,0.06894897263263841
193,0.002282305706443027,0.06893127285239864
194,0.0022823298260026513,0.06893121071410037
195,0.0022578434253483753,0.06927992870260533
196,0.002257826331965139,0.06927996652267002
197,0.002230675174839664,0.06976587026306409
198,0.002212105557371435,0.06976248497595598
199,0.0022121419857724974,0.06976297922259367
