0,0.5850027795411153,0.5881576661430112
1,0.5232659873435233,0.5332002909911181
2,0.4717673383781687,0.4839686159311088
3,0.4307671835432982,0.4497985921231503
4,0.3933918636346651,0.41895208847773174
5,0.3624398864448084,0.39410623923944105
6,0.33583882029813467,0.3697067756234212
7,0.31076685554258954,0.34224839141985997
8,0.28797745584130197,0.3245616014043864
9,0.26748263384698273,0.30324798985361634
10,0.24970747141803534,0.28507626952427445
11,0.23354720199100173,0.269764430374216
12,0.21983293733446438,0.25670174870739887
13,0.2063941154433623,0.24521532891070516
14,0.19248973712268216,0.23344936367464997
15,0.18169128122625122,0.22211361400007953
16,0.170144694744022,0.21024871795294733
17,0.1597578454615361,0.2021240748677616
18,0.1513044439826351,0.19311054180880363
19,0.1418656213801381,0.18613192397115438
20,0.1338173333678695,0.1814915904049798
21,0.1266438710760933,0.17483585432948917
22,0.11910447278343402,0.16516082255121792
23,0.1115519822526184,0.15886132592103647
24,0.105580064921275,0.15193588019714205
25,0.09949821701872749,0.1492594879683012
26,0.09385321430297389,0.14501635196587237
27,0.08854666133276051,0.13853104629758023
28,0.08376616888045563,0.1349960879409367
29,0.07926119203029548,0.13039579257768877
30,0.0740549277848985,0.12905848656177388
31,0.07034896831016128,0.1260665629665821
32,0.06639737276146931,0.12233331546301658
33,0.0625052396196333,0.12343471402146051
34,0.05996487298253753,0.12105087466451078
35,0.05717910931016834,0.1176085290985823
36,0.05448260166405865,0.114056993395173
37,0.05074330993946811,0.11407929232228993
38,0.04729041311533599,0.11059689685318173
39,0.044329231337699546,0.1072356635526878
40,0.04164855558140197,0.10670572568912308
41,0.03900900240494171,0.10655111679331127
42,0.036783462548223005,0.10647571997147924
43,0.0346919586438835,0.1052297975747269
44,0.03288819037131064,0.10445895833369966
45,0.030731820116284975,0.10354105672947492
46,0.028916176077705764,0.10080894910333912
47,0.027435702136081912,0.10189186879454099
48,0.02599275612720548,0.10136530666729211
49,0.024538994954582675,0.09921802680845736
50,0.02349100649718394,0.09706416507223144
51,0.022270551757420497,0.09503268121829479
52,0.021135542802205892,0.09194731747124896
53,0.019804219908345033,0.09000006378605618
54,0.018764900336654594,0.0892997361932821
55,0.01762617062339881,0.09202771549056488
56,0.016654130446232797,0.09225596566426579
57,0.015963105860227953,0.09223766424598931
58,0.015049634544342053,0.092291608297115
59,0.014363533248331275,0.09171132913854328
60,0.013518423461561319,0.09166165774041443
61,0.012812954786842107,0.08974753626762447
62,0.012052468701595877,0.09039851007517098
63,0.011394492391415205,0.08927982741945595
64,0.010921491844882307,0.0889140512652011
65,0.010106228351508392,0.08962352772661564
66,0.009562420879687958,0.09143326829914301
67,0.009051032226564735,0.09069213310588999
68,0.008446064170355965,0.08997457105015302
69,0.00800111445845942,0.09113335465491772
70,0.007613162519949098,0.09180943364824383
71,0.007282929309898884,0.09388500841747482
72,0.0069338617378155104,0.0932978840349257
73,0.006577255511997582,0.09193310735401931
74,0.006405162999539427,0.09221829391961472
75,0.0060297757662283865,0.0902533376111529
76,0.005708458248358733,0.09300327985613892
77,0.005424046029022685,0.09398747330986865
78,0.005139011010284157,0.094585303446271
79,0.004892224727922305,0.09413980381778765
80,0.004635205023408392,0.09563583223316152
81,0.004431203668060368,0.09559693638752122
82,0.004233068418980551,0.09648548462918223
83,0.004068727152343428,0.0970019848019923
84,0.0038466574839923916,0.09374672657448836
85,0.0036357009150970654,0.09161857926000434
86,0.0034251541590960334,0.09420037791196532
87,0.0032492037783531896,0.09233157756243064
88,0.00310705870801831,0.09258731915605702
89,0.0029937932876847122,0.09377794808698221
90,0.0028395828337575407,0.09709334375350567
91,0.002693303715346351,0.09523836850451285
92,0.0025659647318945593,0.09682900338137514
93,0.0024446077603267847,0.0986900435628248
94,0.0023275842570554786,0.10251740265565319
95,0.002218002448598655,0.1022317109994826
96,0.002081900065565562,0.10187804660442622
97,0.0019774544663331926,0.10154942698481496
98,0.0018890807271071286,0.10487258065507628
99,0.0017810551876062323,0.10470950860456144
100,0.001697981954826985,0.10842655148594421
101,0.0016209493007340431,0.1080884099572124
102,0.0015376586835496222,0.10457201058138299
103,0.0014540349755132929,0.10428145125139773
104,0.001378165792192194,0.10413708213395241
105,0.0013145565289455427,0.1047167355159589
106,0.0012438045003107293,0.10658181305795356
107,0.0011708708054638543,0.10611804635765108
108,0.0011136314387967655,0.10508220284635403
109,0.0010456380351362988,0.10728949192331626
110,0.0010086787350390932,0.10760031402498887
111,0.0009619213743652225,0.10521915631496807
112,0.000928334933218139,0.1082018573126753
113,0.0008779484511472856,0.10817059421551725
114,0.000820219710562999,0.10816700473969901
