0,0.6579730114740181,0.6604879216222119
1,0.6241003477713662,0.6327917361257986
2,0.5931386138879794,0.6066371764694104
3,0.5638071646012165,0.5831439745148875
4,0.5363388158799967,0.5570235736050256
5,0.5087587028857967,0.5305715037829527
6,0.4863840732609621,0.5122286275292034
7,0.46367808402240424,0.4962659707385227
8,0.4438516037825559,0.4797147145450779
9,0.42440827149888705,0.4607074538342199
10,0.4054624713674953,0.44272136820727503
11,0.3890282926047198,0.42990141388113384
12,0.37117677912443947,0.4129042352237682
13,0.353171690014216,0.397447273372093
14,0.3377964355946407,0.38456914390098
15,0.32312376636437945,0.37376757230605945
16,0.3106027549305762,0.36244416448483463
17,0.29861566517729776,0.354871823980217
18,0.2871612975770075,0.344130909981133
19,0.27838549327588025,0.3377976594624909
20,0.268834984663209,0.32785740649462347
21,0.259956750718189,0.3205192606006921
22,0.24970213977806727,0.3109077291299916
23,0.2398932721183469,0.3014253938774563
24,0.23054742426918887,0.29295547591660315
25,0.2231716139647372,0.2849772730787859
26,0.21596030761603913,0.2788706458732554
27,0.20992168301402211,0.27450935969322166
28,0.20310270145061837,0.2687515341156132
29,0.19626979706558448,0.2615695206185082
30,0.18973744471163506,0.25478189791838274
31,0.18287969606502716,0.24752707555593692
32,0.177495713393525,0.24197384017183748
33,0.17118560812438322,0.23611116489279532
34,0.16604629022349354,0.2313901436031812
35,0.16084451512558828,0.22611469800138165
36,0.15668797358178277,0.2222394400772279
37,0.15238484173721673,0.21798040585335735
38,0.14812572034472066,0.21434656051236747
39,0.14383553525929346,0.21036972564690268
40,0.1404802542553263,0.20754942937203827
41,0.13720717466912236,0.20524913509896583
42,0.13363993669743934,0.2028965590806789
43,0.13022363131232834,0.19906581791446906
44,0.1269190319720428,0.19544288128389314
45,0.12381024900960456,0.19361527537449408
46,0.12135511006440393,0.19111676244695128
47,0.11850140830342519,0.18833120787645363
48,0.11481858915615198,0.18394923801416438
49,0.11211396169035825,0.18143802624922017
50,0.10900546571189733,0.17739546027630582
51,0.10683340809711034,0.17607834290013488
52,0.1045086450856589,0.17416806164249898
53,0.10173499093261208,0.17176604788338357
54,0.09975023984836191,0.1690517789152992
55,0.09787218481265829,0.16799677534164562
56,0.09574658354439188,0.1662935422700597
57,0.09388174811118535,0.1638696145399102
58,0.09199837972307555,0.16212705961848686
59,0.09014705006570571,0.15958133376230352
60,0.08849170033462474,0.15858861025011078
61,0.086732709766673,0.1572373496696879
62,0.08487017186754782,0.1552526650008612
63,0.08301010717407853,0.15265703999234123
64,0.08087344159324332,0.14912740253289072
65,0.078930705239254,0.1475299757160471
66,0.07736993184390599,0.14554618202847408
67,0.07621133032830973,0.14506594361410885
68,0.0747605337463046,0.1438033857963593
69,0.07331565230592976,0.14233816667127266
70,0.07196046067242372,0.14183589133119534
71,0.07060279283663463,0.14070994323874034
72,0.06942836577323218,0.1398888817988798
73,0.06837547676578565,0.13871425054715097
74,0.06691763222144693,0.13712364910333819
75,0.06560871655390141,0.13578220270511526
76,0.06453335383556291,0.13487260344164134
77,0.06352495777814633,0.13397396399490022
78,0.06240269062188989,0.13337900608368305
79,0.06151206636104578,0.13252615206438895
80,0.0604711730843797,0.13207809304494264
81,0.05928027235691078,0.13062533533042564
82,0.0585416892980633,0.13032700862513327
83,0.05743278960827146,0.1293334227608334
84,0.05663031535929019,0.12804098257779395
85,0.055838996640117364,0.127395956523256
86,0.05498414941377992,0.1263043088626272
87,0.05397185501084643,0.12552194509797993
88,0.05319750495027286,0.12464086044947095
89,0.0524651013032367,0.12333790486347575
90,0.0517902977623428,0.12306039253657
91,0.05082982550614256,0.1221578245437055
92,0.05010790298385477,0.12137333204914526
93,0.04949720216172686,0.12112957472991917
94,0.048650353850937994,0.1202924635743379
95,0.04797046512256042,0.11960755630856834
96,0.04730283887032192,0.11902202897380691
97,0.046656073690426236,0.11846769028037053
98,0.04596226616855938,0.11779218560199714
99,0.045107995631278,0.11658139021787876
100,0.044467108019042426,0.11549498056598563
101,0.04398387509755663,0.11520527851957078
102,0.04338798173737409,0.11464185845766804
103,0.0427210058260955,0.11418284860099205
104,0.042144424505167456,0.1137971565570293
105,0.041546749843689806,0.11287849354821326
106,0.041049866620587835,0.11192629443295565
107,0.040492540487249935,0.11148016632649257
108,0.03999995694593652,0.11116814463695185
109,0.039461483265794725,0.11078148012419387
110,0.03878715965432322,0.11065115074532476
111,0.03825247657205226,0.11025892267613306
112,0.03775718988290553,0.10963307851768084
113,0.03733630028204915,0.1086187471616193
114,0.03673383222282625,0.10778619237655167
115,0.03628695605910203,0.10763103539254099
116,0.035774447908511156,0.1065565397634213
117,0.0353775254090961,0.10610118209785716
118,0.03498100275219325,0.10523774879740172
119,0.034621395808268875,0.1049562158290203
120,0.034254879269448354,0.1046695012618326
121,0.03387260115033694,0.10439203118624078
122,0.03349974588661803,0.10379634823579931
123,0.03311240716557266,0.10322827789828605
124,0.03275491116217777,0.10283078663550275
125,0.03225050677492996,0.10169074186900057
126,0.03189877920367352,0.10106000251974115
127,0.031509142852909774,0.10057746498716172
128,0.031217195727796382,0.10008905988718814
129,0.03090469401402622,0.09958828143627672
130,0.03062652501170603,0.09904055919109778
131,0.0302672410807356,0.09804393875274597
132,0.029960182523878616,0.09802770123380478
133,0.029557431675721425,0.09736958866846068
134,0.02924323288045259,0.09643315884174865
135,0.028915706694053262,0.09594907935395555
136,0.028504269252232935,0.09492129251565683
137,0.028217704448630365,0.09437755132736507
138,0.027916980919844875,0.09382083259491854
139,0.02769314136565606,0.09380554010822183
140,0.027350209498536615,0.0932390989025844
141,0.02713818791320133,0.09307532077867321
142,0.026836332335640065,0.09239095113858659
143,0.02657639755910686,0.09214561203551484
144,0.02620959137327295,0.09189055623451622
145,0.025954332064910084,0.0912349345046677
146,0.025770991502106554,0.09091495398139976
147,0.02553658324469127,0.09078662948687195
148,0.025325928133864566,0.09052053617650413
149,0.025060234542407807,0.0904698758300651
150,0.02477655650177984,0.09020318250256966
151,0.024539151694625616,0.08980912045334621
152,0.02435308716870152,0.08965853118690234
153,0.024102550303372203,0.08959530860937952
154,0.023912295204994875,0.08889929328702773
155,0.02363544939231574,0.0885687017307358
156,0.023420345500421262,0.0886347591320162
157,0.023185878475754543,0.08869228999498383
158,0.023010251861439065,0.08840993184442429
159,0.02283533575118025,0.08826909485222656
160,0.022596134288432327,0.08779410833425687
161,0.022387559142551205,0.08741086895038111
162,0.022183074109816427,0.08728230816026261
163,0.021923706898110528,0.08694726379741284
164,0.021743122135314062,0.08685005086098306
165,0.02154177635416279,0.08663033034581648
166,0.0213230862452997,0.08639881094649109
167,0.021142954438865585,0.08599953398473344
168,0.020992203839897455,0.08602320539909562
169,0.02082886668673573,0.0857000403042086
170,0.020688691212337983,0.08600560552513618
171,0.020493225690346294,0.08552331746717061
172,0.020318963130580802,0.08546743495420499
173,0.020137501212775088,0.08517910218644469
174,0.020005448394020096,0.08498710530250103
175,0.019849320962993213,0.08482553183623191
176,0.019712505040662978,0.0845856818819015
177,0.019536603977653246,0.08423043333106295
178,0.0193776520388087,0.0840844157793154
179,0.019154955347781333,0.08380904310114927
180,0.01899870121361993,0.08378918560059176
181,0.01886981090275721,0.08371132248907838
182,0.018758499483671268,0.08352530715791803
183,0.018591424426369022,0.08329779092555512
184,0.01843914009282288,0.08313243692553042
185,0.01828942637182408,0.08287231538586518
186,0.018135802679715683,0.08251465098777219
187,0.017989838199261896,0.0823487433216724
188,0.01787090876759064,0.08215315022360688
189,0.017714390308029203,0.08173225651063493
190,0.01758584461042835,0.08166655556321512
191,0.017456323931945492,0.08155978613046107
192,0.01733266860235273,0.08160956291743339
193,0.017210834184866443,0.0813768049699683
194,0.017079782578297197,0.08128138971665705
195,0.016959938788240033,0.08095848556533163
196,0.016861658338981074,0.08048898040724005
197,0.016723144214832585,0.08037415002476359
198,0.016577129023978465,0.08007754672715044
199,0.016466541942163463,0.08007379485843939
200,0.016350858582384102,0.0799057808670576
201,0.016235929778617667,0.07984483788353423
202,0.01611939201092753,0.0798965970921104
203,0.01599808705744076,0.07962808292460805
204,0.01589321759204929,0.07949546675714211
205,0.015768312198715627,0.07962041282698418
206,0.015641670755206318,0.07915336679419323
207,0.01554298546469217,0.07908372395872627
208,0.015440733853697977,0.07915324219459834
209,0.015316582241603389,0.0790474219929111
210,0.015188356045995608,0.07919946168409173
211,0.01509549164368081,0.07893621639303919
212,0.014995927502592448,0.07883379094702558
213,0.014909817298081838,0.07868064083155944
214,0.01479581833622375,0.07857098776854432
215,0.014696844458388742,0.07858615367312168
216,0.014584139652361224,0.07830322830474847
217,0.014495828129467269,0.07811689426253596
218,0.014407321380640319,0.07810937114618409
219,0.014322586701431455,0.07802192858331082
220,0.014221311289552955,0.07801232437878983
221,0.014138081339290388,0.07806397306472636
222,0.01404598120470192,0.07799053518851587
223,0.0139579981543274,0.07794506684408913
224,0.013867187620001711,0.07793512344561443
225,0.013762448520130935,0.07796487167074315
226,0.013669160769086485,0.0778902256625599
227,0.013569159800992837,0.07748105792184634
228,0.013493794451176228,0.07739407230767471
229,0.013400486698043976,0.0771443373240476
230,0.013295025210076155,0.07698219387729174
231,0.013214948525069358,0.07670912373085391
232,0.013150793222441795,0.0767138533601297
233,0.013051373332176439,0.07664852957949639
234,0.012970080350418654,0.0764512110099326
235,0.012899296472935248,0.07641005707275805
236,0.012814711511515373,0.07621434094937203
237,0.012718479281683022,0.07624603308635888
238,0.012650133222159372,0.07628797252442256
239,0.012546525148089639,0.07601064021494533
240,0.012453977578469897,0.07585736876695905
241,0.012376687138496208,0.07586251259750036
242,0.012303601607423012,0.07580310674165239
243,0.01222049357645068,0.07583038031635976
244,0.012151003247388801,0.07564277273205118
245,0.012079814912621525,0.07560875263661654
246,0.011995699351157055,0.07529504184639409
247,0.011935801416906484,0.07538017214917205
248,0.011861737044744448,0.07521472208517566
249,0.011785989918991978,0.07518989310152001
250,0.01168262707109365,0.07534307750674062
251,0.011602337066821919,0.07534421839984227
252,0.011544124116269476,0.07522910746284524
253,0.01148393056566046,0.07504108848431286
254,0.01141946631669315,0.07501764263671949
255,0.01134636901144831,0.07483521838633844
256,0.011268218834930005,0.07470597374993622
257,0.011213140106477608,0.07460371099749358
258,0.011164527774098487,0.07449540326779662
259,0.011105341196952794,0.07444034302281646
260,0.011043962404304946,0.07439304519817633
261,0.010985857998089259,0.0743150047181782
262,0.01092384242985516,0.07412692200216232
263,0.010842056794964177,0.07364090990801642
264,0.010789326039737222,0.07355472021708544
265,0.010733030219266332,0.07362872659038296
266,0.010660177806601803,0.07370565585633959
267,0.010603034852042994,0.07348534947697127
268,0.01055805856922145,0.07338662134754985
269,0.010499134410427734,0.07327446136704453
270,0.010430889776828163,0.07307567302070082
271,0.010349106713890355,0.0730148268304651
272,0.01029256073738651,0.07300598397317068
273,0.010219477209283043,0.072921364745927
274,0.01015819210791391,0.07282484436285538
275,0.010092541161858565,0.07280869105376216
276,0.010036580585635524,0.07263323681218858
277,0.009982709576487359,0.0725327365705685
278,0.009925130042554879,0.072378467164668
279,0.009855637484808477,0.07230821927004052
280,0.009800395909822056,0.0722571066259371
281,0.00975432657821145,0.07219086404178608
282,0.009688639295774723,0.07192338602405163
283,0.009633402549320135,0.07196910808712166
284,0.009576937457413384,0.07189560295057792
285,0.009502213361614992,0.07151979862328335
286,0.009441148887774371,0.0713499757338828
287,0.009388168586485206,0.0712875112372921
288,0.00934994068539822,0.07117066749776077
289,0.009305843120226797,0.0710905514427691
290,0.009265504627571667,0.07098733214010967
291,0.009200819496613014,0.07079912400720852
292,0.009159221985630127,0.07081464604487689
293,0.009097468316290883,0.0709287324841408
294,0.009035276935019128,0.07086676433657972
295,0.008994559466657809,0.07072199676357775
296,0.008947678056629807,0.07077394894849362
297,0.008915155161682215,0.07076427738755753
298,0.008878427218790405,0.0707311184488207
299,0.00884272377285651,0.0707175499754227
300,0.0087998925934803,0.07064750231439564
301,0.008753494978062626,0.070698368750476
302,0.008714490790577028,0.07069611071784634
303,0.00866940406391347,0.0706195905595512
304,0.00860932675827281,0.07059672772105512
305,0.00856401127279784,0.07057296197728123
306,0.008528004657598964,0.07060226366420029
307,0.008479516023899767,0.07046958597849153
308,0.008438608394525855,0.07038186454235083
309,0.008381077848388506,0.07037494487242611
310,0.008340948750037236,0.07033931231473667
311,0.008305410160153676,0.07023860763174591
312,0.00826722659451846,0.07027706019671905
313,0.008201912570059354,0.07031653015092289
314,0.008157342480077729,0.07041442186039659
315,0.008115890481131274,0.07026167277727836
316,0.008072503820638921,0.07020614343599903
317,0.008032282336909906,0.07013715275219341
318,0.007998498057471793,0.07009554255416676
319,0.007959830424831475,0.07006114378036109
320,0.0079165365806528,0.07005954739507388
321,0.007848884546725093,0.07009557395592117
322,0.007819332810879336,0.06996575659388293
323,0.007777535568918204,0.06975475511585773
324,0.007735827013800116,0.06973696514448294
325,0.007697339032202832,0.06975657610479848
326,0.007656983326019578,0.06984480166712043
327,0.007609055780300137,0.06990188771071995
328,0.007575047434812006,0.06987343603027277
329,0.007543868475768961,0.06985876224384616
330,0.007514344674903982,0.06984616203185559
331,0.007477084971727544,0.06974255920435639
332,0.007448168982658308,0.06967853923905025
333,0.007409458338826084,0.06962162334513523
334,0.007369049728141009,0.06956083821963017
335,0.0073343953694112165,0.0695123215831856
336,0.00730479944754656,0.06947806381785479
337,0.007276940553290838,0.06939616064318199
338,0.007237163708205984,0.06944564897446243
339,0.007198531591774062,0.06932509055189369
340,0.007162578912306131,0.0694084518722005
341,0.007128544794344332,0.06939445835555681
342,0.0070760480078702346,0.06934225622242206
343,0.007041197962669569,0.06936053121751123
344,0.007015869931817683,0.06935789475701465
345,0.006976085909685544,0.06919949798568359
346,0.006943093829254295,0.06920379154420868
347,0.006912006973516661,0.06908384192772143
348,0.006865409693867424,0.06905122218857318
349,0.0068338004928275775,0.06905336950845399
350,0.006805844766356524,0.06910892813550112
351,0.006781488606332822,0.06916988661089479
352,0.006753670087130854,0.06919612972957996
353,0.006725664473990375,0.06926483107534138
354,0.006698000545227504,0.0691214696288032
355,0.006662682957023902,0.06922803643496013
356,0.006635101846092515,0.06915935022818039
357,0.00660863631671923,0.06910258331120157
358,0.006586611560519675,0.069091775155301
359,0.006566957316718868,0.06909001026308584
360,0.006537014121544937,0.06908073140007338
361,0.006509129261406717,0.06903350573706729
362,0.006489869472707342,0.06899140329204868
363,0.006455691922245397,0.06899861259076319
364,0.0064336500746257205,0.06894384964963693
365,0.006406521026021175,0.06890805883931701
366,0.006373445599762299,0.06897273193211896
367,0.0063502815313532515,0.06893808678328292
368,0.00631936957398179,0.06896661512569387
369,0.006297347554253883,0.06895186577049942
370,0.006268579612171829,0.06898828283085238
371,0.006234440284076404,0.06892121507273133
372,0.006209226784553643,0.06905539520368852
373,0.00618035915822319,0.06892871840449236
374,0.006153589107715559,0.06900091714804117
375,0.006116047897489973,0.06889097445810499
376,0.006090092637535176,0.06869188288199185
377,0.006060706966153567,0.06874207309663535
378,0.006035575630942537,0.06884994963429376
379,0.006007196019348987,0.06878071527798704
380,0.005975272832808374,0.0687155410069141
381,0.005957420472901606,0.06874607060009814
382,0.005932615406430967,0.06869481293941743
383,0.0059128709041802695,0.06868232357988864
384,0.005894648650954853,0.06854463654319715
385,0.005870632456546117,0.0685258588190332
386,0.005851343718145616,0.06853583184984935
387,0.005816573462697215,0.06829864980573135
388,0.005795756568118911,0.06824018191622777
389,0.005773885877350969,0.06825096041503674
390,0.005757144270612788,0.06824205108752704
391,0.005729290443127588,0.06822838267326051
392,0.005710141804731909,0.06830968386202446
393,0.005686194753623852,0.06829126398668513
394,0.005666668654628972,0.06828660969643723
395,0.005645250975869341,0.06828835772622392
396,0.005619469911946225,0.06832093198409968
397,0.005602776123726545,0.06834366353144244
398,0.005586645691023688,0.06838392832903732
399,0.005568257607730256,0.06837052168853452
400,0.005549695953319172,0.06826781730687079
401,0.00553442171588654,0.06828024689076514
402,0.005516217210447339,0.06829818604816286
403,0.005489359921741602,0.06813882605061203
404,0.005471503136771752,0.06805681936536644
405,0.005456181541358492,0.06804393276981655
406,0.00543007408630235,0.06808656259681573
407,0.005410915198661888,0.06809221718970476
408,0.0053930113830405555,0.06802892288663318
409,0.0053758213733730515,0.06803467979240219
410,0.005361434952059902,0.06802501381786251
411,0.005346498537659509,0.06803887234622366
412,0.0053264082858878615,0.06801845110217672
413,0.0053101303363287215,0.06800700505099026
414,0.00529091774721113,0.06796579479767832
415,0.005275899465372308,0.0679979131847839
416,0.005256172669778207,0.06801092370235935
417,0.005233870598477309,0.06797911235175615
418,0.005214899698241607,0.06800151718491057
419,0.005197116426629991,0.06796131965611112
420,0.005178550277562803,0.06795632067522642
421,0.00516319960962883,0.06803630656691331
422,0.005147706850105669,0.06794328019982707
423,0.005130797454661492,0.06799493322052784
424,0.005109175341274967,0.06792443503012568
425,0.005090380125564653,0.0678746691190459
426,0.005075814461302522,0.06784418685396422
427,0.005059849241723404,0.0677709117334952
428,0.005040054070130833,0.0676850210609073
429,0.005028198823753475,0.0676499646255069
430,0.005013448614237174,0.06764381827597904
431,0.004998379540734999,0.06757506225272293
432,0.004982379000277593,0.06748492110822746
433,0.0049669786586516145,0.06749994730077012
434,0.004947445260145653,0.0675087704283102
435,0.004927096947626846,0.06754710376753506
436,0.004912553213136544,0.06754517810753911
437,0.004895770241529738,0.06745836143521386
438,0.00487854729144957,0.06750846975003186
439,0.004862144837980808,0.06753334057749223
440,0.004844329622104505,0.06753661567893747
441,0.004830570700296604,0.06752757281278701
442,0.004819945234069282,0.0675130978682915
443,0.00480276628777107,0.06739483887907462
444,0.004783317406717597,0.06741627904041658
445,0.004771865864767076,0.06735769882590474
446,0.004756151744569276,0.06739992171213778
447,0.004739423801616963,0.0673461186503288
448,0.004725592519147527,0.06730566883662012
449,0.004710569082799739,0.06723969703520727
450,0.004697845032504671,0.06716571834388695
451,0.004681760314590136,0.06718709435628863
452,0.0046660172692408975,0.06717308694307271
453,0.004651779454576607,0.06714328115015428
454,0.004635867009350397,0.06711963465328341
455,0.004624427233245975,0.0671081886417662
456,0.004610377927720638,0.06705504752992414
457,0.00459801578832492,0.06704398366922844
458,0.004584296870407988,0.06707036335165201
459,0.004569062282496945,0.06709134611520154
460,0.004553923576408178,0.06711240525040653
461,0.004539118323863363,0.0670933717062809
462,0.004529090895668164,0.06710105335200665
463,0.004509944010902797,0.06722284425243785
464,0.004490890441770372,0.06734202377730973
465,0.004478470728949537,0.06736727035901317
466,0.004467080927608776,0.06730253124544094
467,0.004454052387489106,0.06735733230250816
468,0.004440884199861579,0.06737542466265242
469,0.004424450644217932,0.06747070068210097
470,0.004411105567066814,0.06755812694815398
471,0.0044002895321597945,0.06757338171826645
472,0.004381574061869992,0.06765045183971932
473,0.004369375057911846,0.06756811340420113
474,0.004355855272245459,0.06746361616774676
475,0.004341515754779327,0.06731118342038502
476,0.004328466147684759,0.06733551651878503
477,0.004314735848533473,0.06734927260732901
478,0.004301715492211683,0.06740093279159973
479,0.004290980795110305,0.06741234289702157
480,0.0042777724513125975,0.06745348953857891
481,0.004265044720912885,0.06736953371748272
482,0.004251131986143764,0.06730616382178828
483,0.004239142356209302,0.06731109437949338
484,0.004227007000051293,0.06729740716701282
485,0.004214609035548087,0.0671531871889162
486,0.0042041002297125,0.06725516484264273
487,0.00419127990444439,0.06717857051877897
488,0.004177636830540361,0.06703085218354565
489,0.004165197201021936,0.0669836962050792
490,0.004152987164008024,0.06693968647694014
491,0.004140545992342377,0.06694930927601153
492,0.004126620873003916,0.06692551319545266
493,0.004115466581140064,0.06691476976384036
494,0.004106767893945889,0.06683995120792094
495,0.0041002708291242125,0.06682911699328116
496,0.004091672583731929,0.0668436001270196
497,0.004080801704684432,0.06691580730961628
498,0.004069142672062503,0.06688762524610027
499,0.004059067826184688,0.06691709976853324
500,0.0040488679984967,0.0669581921422514
501,0.004040525057526706,0.06696114976955427
502,0.004029129392511273,0.06694657531342336
503,0.004018265671013629,0.06700129568093713
504,0.004008895958646275,0.06702727872235532
505,0.00399864443237973,0.06702372123978954
506,0.00399020410131169,0.06705135055420479
507,0.003980266544677563,0.06697444927580595
508,0.003966311200264008,0.06697446883262154
509,0.003955869024410539,0.06696672329074634
510,0.00394390633643985,0.06701402127933706
511,0.0039326647083926265,0.06701619802806673
512,0.003918801885411886,0.06710781696966762
513,0.003909317149156204,0.06707577436370048
514,0.003900578914837534,0.06706003353914113
515,0.003892102782144314,0.06705734673246913
516,0.003881487680865511,0.06697855684839346
517,0.0038724126962291347,0.06695574557119512
518,0.0038637131799671635,0.06702376326571001
519,0.0038543724323153805,0.06701196093905948
520,0.003842691584629141,0.06702511374146053
521,0.003835239858593687,0.06698727780169662
522,0.003821068205973156,0.06706581248136406
523,0.003808957918317679,0.06690266170334824
524,0.0037976055456414217,0.06676940987137248
525,0.0037875484510365882,0.06666374946303834
526,0.003779672109792328,0.06665865623267243
527,0.0037696425270597727,0.06665646802293543
528,0.003759236128352956,0.06660840160291294
529,0.0037476423756227415,0.06657517308835534
530,0.0037348042987970166,0.06648148849204626
531,0.0037268988382097444,0.06648365692707948
532,0.0037193253403956478,0.06648699110025777
533,0.003709345049518536,0.06649338471006998
534,0.003701895455392032,0.06642234685337552
535,0.003691962434685946,0.06646036201629997
536,0.003684537305282019,0.06643684364227986
537,0.0036773989068157515,0.06641539479210383
538,0.0036689876575901888,0.06630614225354778
539,0.003662553344683011,0.0663046688358938
540,0.0036516263535215513,0.06631898915950829
541,0.003642970682571535,0.06632186868507448
542,0.00363485891709826,0.06626714928404728
543,0.003625520060768506,0.06626384286131896
544,0.0036175915104545387,0.066225843714903
545,0.0036080461940420725,0.0661876968103638
546,0.0035984407767965425,0.06620775346520116
547,0.003592951384926338,0.06617224224463189
548,0.0035857393696373625,0.06614811438014354
549,0.003574692307670275,0.066197028250087
550,0.0035670315454005832,0.06617362391370127
551,0.0035586611553912752,0.06617738399239799
552,0.0035497793069759424,0.06612671727830899
553,0.003542803365166224,0.06612479754800347
554,0.0035360129190037315,0.06610975215804556
555,0.0035281484847840532,0.06608217289463215
556,0.0035220927821129587,0.06609290038835922
557,0.0035159981093417243,0.06607158740968075
558,0.003510174235615943,0.06607003571023207
559,0.003503380571096375,0.06601325846812954
560,0.003495054817468174,0.06593806197622575
561,0.0034888201005515485,0.06593427930116934
562,0.0034803967402899563,0.06592276751814756
563,0.003473588307889083,0.06592099211258406
564,0.0034650572093031743,0.06583668864663465
565,0.0034584574170682743,0.06581397896212414
566,0.0034521814771019343,0.06577075600234224
567,0.0034433655171258906,0.0656484829901129
568,0.0034362098013112335,0.06562529243920688
569,0.003428179785509054,0.0655529413830875
570,0.0034199793810112526,0.06557281886814788
571,0.003414372791858358,0.0655560798271205
572,0.0034049861165119932,0.06555699954320512
573,0.0033956811346926596,0.0655713338834106
574,0.003388533588444181,0.0656125165700574
575,0.0033838267353150427,0.06563403537373046
576,0.0033754536545890085,0.06558885556793866
577,0.003369766445192884,0.06556056474305533
578,0.0033654540004851956,0.06555220207791464
579,0.003358094324813222,0.0655536236206894
580,0.0033507170948350214,0.06551401784702246
581,0.003346326279489228,0.06553906851700067
582,0.0033384164618664083,0.06554491616053233
583,0.003327687858139372,0.06556791297114625
584,0.0033190165652636173,0.06559305022767342
585,0.003311819248120608,0.06559524881351997
586,0.0032999338157341787,0.06565231405219152
587,0.0032929504834016453,0.06565527413758276
588,0.0032864395486478966,0.06564293007963468
589,0.003278088515603341,0.06566678842073101
590,0.003268852097427468,0.06569365134488203
591,0.0032636136890925277,0.06565306204171276
592,0.003256952523852728,0.0656479489682756
593,0.0032490285210656387,0.0654993807513459
594,0.003241461391653524,0.06541062174697101
595,0.0032351746479041357,0.06544274328691488
596,0.003230100165648969,0.06542768336345736
597,0.0032207573053721923,0.06547815893915167
598,0.003214062827133772,0.06544703962764477
599,0.003206138419241287,0.06536583952351097
600,0.0032003799343508985,0.06529709976775692
601,0.003192849571402196,0.06520337477559245
602,0.0031860220132305683,0.0651684565130126
603,0.0031794542177753355,0.06517441228370571
604,0.0031725751622614148,0.06509592662226246
605,0.003165379062996298,0.06499737626861411
606,0.0031598825895023694,0.06499829112632229
607,0.0031505358936396045,0.06490146623233226
608,0.0031416025975506186,0.0648089904937617
609,0.0031342927800846678,0.06483165883834044
610,0.003130634588560586,0.0648200383200708
611,0.0031230618394051694,0.06484983137276105
612,0.0031175353067777914,0.06485819425002738
613,0.003111373399319423,0.0648570214415396
614,0.0031032671208788293,0.06491583544019446
615,0.0030980411494147342,0.06489297504851223
616,0.0030908564209948296,0.06492946990857669
617,0.0030856605650217235,0.06492681294916741
618,0.0030793875987695026,0.06486185285704735
619,0.0030714712970409644,0.06489617773532269
620,0.0030636563545609835,0.06496361308434721
621,0.0030578062180794028,0.06495012429409766
622,0.003051143982188667,0.06492060824772346
623,0.003045457913249977,0.06482224835045475
624,0.003039634237771804,0.06483170381601801
625,0.0030331824036826855,0.06474773482303071
626,0.0030259876462891654,0.06473969802860173
627,0.003019245003879783,0.06469575613023941
628,0.0030127359474616346,0.06468593885716384
629,0.0030042569364066986,0.0647095967273122
630,0.0029997392132745096,0.0647355571880778
631,0.0029949060718649613,0.06470326188952695
632,0.0029883109544595124,0.0647174474896567
633,0.0029831211018452332,0.06471465846691171
634,0.00297703915598693,0.06469860549049626
635,0.002972150573594903,0.06468452026946124
636,0.002965301354025766,0.06458306393177207
637,0.0029570655325145295,0.06451185796686211
638,0.002951888121965667,0.06449980321426592
639,0.0029449150424002623,0.06450521089449518
640,0.0029380351348343467,0.06451756032483112
641,0.00293389087771168,0.06451946932269878
642,0.0029293825677117846,0.0645258598776977
643,0.0029236529173880524,0.06451261143641697
644,0.002919181774723034,0.06451724410574301
645,0.0029134056132405196,0.0645141615660182
646,0.0029072365563799466,0.06444517503426006
647,0.002901743231792388,0.06441661907947371
648,0.002893136688321658,0.06448052772402948
649,0.002888615055100521,0.06446181998979947
650,0.0028826591400711392,0.06447431623555974
651,0.002872540286070699,0.0643695467924411
652,0.002867740739483049,0.06434351844466682
653,0.0028634485091289965,0.06429796757199932
654,0.0028589616554477856,0.06427194445016347
655,0.002855118589739322,0.06428241784556335
656,0.0028489933721066512,0.06436077156722657
657,0.00284379716400566,0.06428793377064948
658,0.0028386749090580725,0.06420066792788219
659,0.0028354714570930206,0.06421327727265855
660,0.00283086548812265,0.06421504390007969
661,0.00282629040948828,0.06419181791352845
662,0.0028214358997119653,0.06415966075201322
663,0.0028123997495120303,0.06424194579428204
664,0.002807401714693928,0.0642344571876948
665,0.0028029856306055565,0.06426743882662436
666,0.0027987149373350966,0.06424934669218602
667,0.002794719547123539,0.06422634345278168
668,0.0027898007048243285,0.06419660769530315
669,0.0027861399518785326,0.06416518412762329
670,0.0027807228363114513,0.06409030899175092
671,0.0027756189843776355,0.06412827613900408
672,0.0027701344702453726,0.06412033185644901
673,0.0027650496465239953,0.06406170907472454
674,0.002759294444887243,0.06407601475158485
675,0.002754060337052414,0.06400201123466893
676,0.0027496812286334736,0.06399185983130518
677,0.0027460280467752106,0.06395754442462383
678,0.002741262122761278,0.063980162005819
679,0.0027348061044094743,0.06399325392011149
680,0.002729338620536594,0.06401221190892753
681,0.0027238297015972192,0.06394652490518908
682,0.0027192412676491197,0.0639373971253791
683,0.0027135749627730165,0.06393323075173986
684,0.002707501909202295,0.06398776808304278
685,0.0027032039210930113,0.06398094953204592
686,0.0026995551336285134,0.06397820345049574
687,0.0026956081906208897,0.06399549084751131
688,0.0026914264908866514,0.06400467125080625
689,0.0026871015329550368,0.06395218855530345
690,0.002682326004712633,0.06394097712586189
691,0.002682325754946264,0.06394109704350026
692,0.0026784539108507875,0.06392857885407652
693,0.0026725736887647923,0.06384822218527487
694,0.0026669337405025627,0.06388318783626025
695,0.002661247857038528,0.06387652499977588
696,0.0026571751008758636,0.06386004165358969
697,0.002653479912477115,0.0638674049263274
698,0.0026490568315148044,0.06383953300956051
699,0.002643333754849775,0.06385506545862536
700,0.002638312244021008,0.06385994353938326
701,0.00263443840417839,0.0638332696745366
702,0.0026292394676110833,0.06377999906556117
703,0.002624167793484184,0.06364736120629388
704,0.0026208000372674586,0.0636211331032523
705,0.0026136650571136786,0.06357952028621636
706,0.0026071443398793916,0.06348407475713169
707,0.002602411227730276,0.06341637262373634
708,0.002598584814927618,0.06342102466941517
709,0.002593857023264691,0.06336003330206812
710,0.0025913865849988256,0.06338663354223599
711,0.002586324858831579,0.06339187029073275
712,0.002586303469152839,0.06339189946160047
713,0.0025814836204375315,0.06343108749100185
714,0.002577694520915854,0.06344479544228115
715,0.0025739194379127777,0.06343787357549306
716,0.0025693559332100064,0.06342623707858332
717,0.002564620180012804,0.06339955801142304
718,0.0025645904733274535,0.06339963153011925
719,0.002560657339802747,0.0634134103538424
720,0.002556683399078657,0.06336880529460943
721,0.002552677831350095,0.0633314938015444
722,0.0025482184638885193,0.06327157651003819
723,0.0025420370186516254,0.0632674320619891
724,0.00253810255677544,0.06333429852036072
725,0.0025341868422846343,0.06328157100300327
726,0.002529382883300117,0.06329672423486184
727,0.0025221670096188505,0.06335498227554143
728,0.002517840950544878,0.06332401608000277
729,0.002513756673250229,0.06331604184444452
730,0.0025105048389422245,0.06333737789744287
731,0.002507138587087552,0.06332584099922835
732,0.00250078750259646,0.06338644626364577
733,0.002495779434499652,0.06340676122713229
734,0.0024927506745766738,0.0633751041078725
735,0.002488983560615096,0.06334190509817601
736,0.0024836664772615257,0.0633482125094665
737,0.0024799376644033594,0.0634130920905978
738,0.0024758973137192623,0.06340035101773818
739,0.002472750790412071,0.06339679654027544
740,0.0024698563241374208,0.06339327091929514
741,0.0024646737820993706,0.06339172898429549
742,0.0024601468850342185,0.06332119896373564
743,0.0024569784142367294,0.06332922905055698
744,0.0024521386330266437,0.06326229876449903
745,0.002448414147246292,0.06321953107967249
746,0.0024454161789624618,0.06320497659419864
747,0.0024406869423904166,0.06320189202931456
748,0.0024369674327958052,0.06315117576367642
749,0.0024338391400497376,0.0631561741875845
750,0.00242913536274718,0.06308963777454127
751,0.0024250841313576857,0.06303795543274512
752,0.0024216468001571814,0.06300613440594105
753,0.00241714944074034,0.06302387969525249
754,0.002413419570964829,0.06293201629741936
755,0.0024096685714170354,0.06295785036057952
756,0.002405117998172331,0.06304868358488826
757,0.002398655765298822,0.06296736850799212
758,0.0023985170042125194,0.06296754772669029
759,0.002394792693019571,0.06295918346557573
760,0.0023908168503708345,0.06293945723541866
761,0.0023854743583414766,0.06290116740721756
762,0.0023818671211491005,0.06287004776551265
763,0.0023779858418621924,0.0628092066728418
764,0.002373791424643526,0.06285953287746597
765,0.0023696407100284233,0.0628118641332356
766,0.002366492986028119,0.0628067954722408
767,0.0023632077649301192,0.0627567993010078
768,0.002358949171417065,0.06279262772768672
769,0.0023548618417425643,0.06279714872585625
770,0.002350665048149888,0.06271883081936944
771,0.00234672560688583,0.06273952958487712
772,0.0023420879819494736,0.06268032568408487
773,0.002337560436630298,0.06261042405335907
774,0.0023344881292293074,0.06258764340066557
775,0.0023316270657908968,0.06258760561747931
776,0.0023286859050887228,0.06258494833296024
777,0.002325650817217376,0.06258720385494251
778,0.0023225795030468632,0.06261067739964817
779,0.0023189992283830707,0.0625507930187718
780,0.002319026198596773,0.06255082418352888
781,0.002318937390428469,0.06255039933341582
782,0.0023147102492257457,0.06253871485170834
783,0.002310038145572063,0.06256768822825128
784,0.002306888058611128,0.06257725793573556
785,0.002303920868908859,0.06257697562978341
786,0.002300627823327873,0.06260006825482856
787,0.002296624824990778,0.06254354625162058
788,0.002293016628688429,0.06259344451008839
789,0.0022898485733143198,0.06265458308683657
790,0.0022874392422051614,0.06264923834896273
791,0.0022838360971252007,0.06260341232976133
792,0.0022813224661064934,0.06256810551637801
793,0.0022789040442842486,0.06252107974334946
794,0.002275841372955162,0.062479602327160495
795,0.0022721364012219737,0.06244744217397789
796,0.002268847609923647,0.0624806944713304
797,0.0022660732967138613,0.06245446176859394
798,0.0022625549587371022,0.062403997189357324
799,0.002259813312691304,0.06241331792516222
800,0.002256543633109926,0.06243337748413709
801,0.0022540057713378216,0.062430481589385196
802,0.002253960347160854,0.06243035777327278
803,0.0022500768949421154,0.06236219245078198
804,0.0022473131364605945,0.0623298789995646
805,0.0022442173059064267,0.06231729624262147
806,0.002241261986012839,0.062288718941160115
807,0.0022376485900514505,0.062332348173500106
808,0.0022339638391473218,0.06229824273784878
809,0.0022302914891434117,0.062261366851985744
810,0.002227081199379269,0.06225787995383741
811,0.0022243964167033984,0.06225521378481456
812,0.0022220853291318723,0.06221250435613781
813,0.002218959621823516,0.062271825646034416
814,0.0022155007731791674,0.062257357587354456
815,0.0022121233013353237,0.06221571744670517
816,0.0022099914281070573,0.062195229727067904
817,0.0022067515923334786,0.06218846577234613
818,0.0022034253839339065,0.06220270686904137
819,0.0021991954152122215,0.06212148835280824
820,0.0021991755978519115,0.062121590016293665
821,0.0021962237939002873,0.062155879916083366
822,0.0021961669577484893,0.062156349215835065
823,0.0021934942693508193,0.0621237160996278
824,0.002190588186058093,0.06208607314581699
825,0.002187521756634635,0.062078355855258595
826,0.0021838592717974515,0.06210303341042385
827,0.002180501426537954,0.06205973340004313
828,0.0021768949511685822,0.062075549959508355
829,0.002174286578286924,0.06207023930257365
830,0.0021702413737029864,0.06207207491429978
831,0.002170194542793441,0.062073661944338984
832,0.0021671255180412395,0.06205074716793971
833,0.0021637422573814753,0.06199980451788776
834,0.002160198206917672,0.0619413736404549
835,0.002157193798255027,0.061942718517373936
836,0.0021532047444597015,0.06184516159679358
837,0.002149139422511176,0.06186576954252889
838,0.00214641205271254,0.06182921752137193
839,0.002141353993272138,0.06185459659914877
840,0.0021382264237455833,0.06184561944304069
841,0.0021354703359735086,0.06185957421083203
842,0.002132816358172269,0.06185990002856415
843,0.0021300756193974686,0.06187177392655339
844,0.002127407285260164,0.06185484480217208
845,0.0021237216129600727,0.06180330266189153
846,0.0021215472229492273,0.061762604499681066
847,0.0021192497740801955,0.06176661266242034
848,0.0021157012719756063,0.061747982236423825
849,0.0021132616976103553,0.061738828338997
850,0.002108480242077571,0.06164796473210757
851,0.002105402811192725,0.06160635967513767
852,0.002103296719937788,0.06160375371355695
853,0.002101061315845566,0.06160956903794751
854,0.0020982926631173287,0.06158534630369964
855,0.002095204030424311,0.06152540185081243
856,0.0020919677484490225,0.061518713508774824
857,0.0020884035301692487,0.061468366502081546
858,0.0020856537871745307,0.06152719252131438
859,0.0020828425317042346,0.061503022877699993
860,0.0020798713043613886,0.06146125118344298
861,0.0020768960643901824,0.0614125211610736
862,0.0020737197476909963,0.061340130491265576
863,0.002071263519708354,0.06131344784884403
864,0.002068272913519514,0.06135918426728654
865,0.002065052156765549,0.06131795909815267
866,0.0020622691183839414,0.06132791014740352
867,0.0020590510075880002,0.061345215880391255
868,0.002055422078898065,0.06130559499480333
869,0.002053044885711478,0.06131647945058314
870,0.0020505369693615237,0.061293951540003604
871,0.0020491300183271507,0.06126861892158628
872,0.002046461163843244,0.06122873011293226
873,0.002043627404031733,0.06123941703381309
874,0.0020394436986593207,0.06115936497065088
875,0.002036406944931683,0.061165471979076506
876,0.002034139691606963,0.06119101217996512
877,0.002031348935373396,0.06119907504617935
878,0.0020284599292690894,0.06115921979977479
879,0.002027853143507897,0.06115159263962484
880,0.002024853801010928,0.0611980074023443
881,0.0020213854723097075,0.06121741523095036
882,0.002018405803468438,0.061209064636386035
883,0.0020157360804237624,0.06116449637745364
884,0.0020129126844222345,0.06110816823401903
885,0.0020096589086254523,0.06110240774448829
886,0.0020064596386460136,0.061118820788951346
887,0.0020039538922392327,0.061121671537538426
888,0.0020039317431568776,0.061121724305459105
889,0.0020016182610303425,0.06108818042375765
890,0.0019983916501725243,0.061119323588014286
891,0.0019952645875791924,0.06112580645091387
892,0.001993280104331588,0.06111513102173078
893,0.0019913700505012925,0.06111280398891192
894,0.0019889235628377713,0.061124014047787535
895,0.0019863696049751993,0.061147970818445106
896,0.0019837876507576356,0.061151078454507145
897,0.001981269508289415,0.06114315658577535
898,0.001978413369304507,0.061071182530896696
899,0.0019746940785934715,0.06096558374478861
900,0.0019719290406819464,0.060910615051766606
901,0.0019692147466152552,0.060908035645922995
902,0.001966925835201897,0.06089851400369267
903,0.0019643851501803416,0.0609083929282691
904,0.001962602044661213,0.060872777791988034
905,0.0019607454203758026,0.06084675530738903
906,0.0019579944854760476,0.06078943185936913
907,0.001955818633300145,0.060799490364967915
908,0.0019527954755087376,0.06078781766127326
909,0.0019497126531570895,0.060746133839737926
910,0.0019465106137951922,0.0606999935194421
911,0.0019440276521297335,0.060681484478270195
912,0.0019416906324048438,0.06064223388301208
913,0.0019391134048912851,0.06064396314932003
914,0.0019390594200609699,0.060644063799208676
915,0.001936434370079613,0.06065085442883804
916,0.001934208520440485,0.060669841389925615
917,0.0019312887827548128,0.06061722663762619
918,0.0019278228927624565,0.06053440473402016
919,0.0019247877816934353,0.06048884916655256
920,0.001922261143005897,0.06045143027639481
921,0.0019201464303282448,0.06044237987064969
922,0.001918040189925071,0.06043134839641703
923,0.0019154134538428274,0.06045944521390668
924,0.001913020119451278,0.06045346878844375
925,0.0019108394374982693,0.06043097754789975
926,0.0019084847762268196,0.06040240154161069
927,0.0019060326029983756,0.06040603856641308
928,0.0019036200872612752,0.060391329772975115
929,0.0019011343818660005,0.06039369148089449
930,0.0018985338999293767,0.060414349293569314
931,0.0018962091925479403,0.06043032565204803
932,0.0018936665131668343,0.060435923018421635
933,0.001891287846287512,0.06039383041438171
934,0.0018884567416134726,0.06036650489471189
935,0.0018858671851765278,0.06037723444625686
936,0.0018835251077538252,0.060376989678376965
937,0.001880889468888119,0.06033933954907947
938,0.001879839832553797,0.06035169487017838
939,0.0018772001328854196,0.06030698986326099
940,0.0018771929811705632,0.06030680721614103
941,0.0018752677761992294,0.060272892412071205
942,0.0018722573960567698,0.06023123144808881
943,0.0018699051300163352,0.06026223012450187
944,0.0018699058928355588,0.060262258013861814
945,0.0018677805081604181,0.06025418982830004
946,0.0018646656099008396,0.060205962285742334
947,0.0018646795546916634,0.06020606238602944
948,0.0018617996753422285,0.06016244202241392
949,0.0018594474282655365,0.060170223480259445
950,0.001856807715895365,0.060178499494582774
951,0.0018548069084586899,0.06016464541862572
952,0.0018532588179004071,0.06016834518813998
953,0.0018514224332299033,0.06013375650122299
954,0.0018495531829699082,0.06014002603243029
955,0.0018470673140523783,0.06010291016846153
956,0.0018450376661428907,0.060063440767426986
957,0.0018432009156109095,0.06003774041868788
958,0.0018404847534198637,0.0600901981493781
959,0.0018381595507040414,0.06009597271634302
960,0.001836443713743497,0.060080162803408166
961,0.0018332625140050599,0.06011373470927493
962,0.0018312881914454725,0.06008333734991564
963,0.0018291978289251966,0.06008722099443308
964,0.0018264033551220293,0.06009003199284342
965,0.0018241124455777196,0.060074266129641375
966,0.0018222802204067403,0.06007563169326283
967,0.0018203672335294137,0.06005501248137008
968,0.0018173899780645794,0.05999627998625158
969,0.0018173958073696918,0.05999634609522353
970,0.0018156120862582957,0.05997863643598324
971,0.001813534727706608,0.05993678136956771
972,0.001811643297837257,0.05996656856940723
973,0.001809751885152686,0.05995561846204866
974,0.001807759638653993,0.05996042308056411
975,0.0018077971091597003,0.05996030438282094
976,0.0018062052532360482,0.05992374329179401
977,0.001804134257749454,0.05994013152203974
978,0.0018019620677106728,0.05995624945749355
979,0.0017998400438875234,0.05997447104856656
980,0.0017972893533390812,0.05995013639754574
981,0.0017947864013981337,0.059900839275586704
982,0.0017947236630749095,0.05990181624693852
983,0.0017930722047123958,0.0598920736792019
984,0.0017913747174678994,0.05989002122944401
985,0.001789145233301152,0.059848355445310884
986,0.00178707741527328,0.05984186834522867
987,0.0017853315223280504,0.059844600616103354
988,0.0017834874531433493,0.05981301565527532
989,0.0017806025346684723,0.05981289873316507
990,0.0017780338385087451,0.05981356913888253
991,0.0017770665902262987,0.05979500039060639
992,0.001773976868416711,0.05973196710527634
993,0.0017720688467311348,0.059748018493473436
994,0.0017690326296987665,0.05967467048223229
995,0.0017665117154820665,0.059633720493015525
996,0.0017644404312876089,0.05965370798196403
997,0.0017629113129933858,0.059621310161968824
998,0.0017611342495788926,0.05959472245746679
999,0.0017590673922264805,0.059592669215439764
1000,0.0017568300793961847,0.05954486038938942
1001,0.0017540105707306713,0.05958828645908499
1002,0.001751870930088544,0.059582168501478495
1003,0.001750388924989674,0.05955862346885931
1004,0.0017483969224935106,0.059539629796971034
1005,0.0017483648539860653,0.05953831520984369
1006,0.0017483031655354925,0.05953833759956087
1007,0.0017466956608593442,0.05952356396348371
1008,0.0017441732217869403,0.059456947090945664
1009,0.0017419013142865264,0.059467867732538204
1010,0.0017401261475131606,0.05947662744217647
1011,0.0017379141147930146,0.05948839131716793
1012,0.0017356108995763616,0.05945686096693204
1013,0.0017332791480183668,0.05940489853977331
1014,0.0017318235440430183,0.05941648525749501
1015,0.001729754915377404,0.059430741039734676
1016,0.0017281071565458084,0.059406442601394105
1017,0.001727573971169708,0.05939457073018664
1018,0.001725419075317222,0.059357718646588044
1019,0.0017233822081456631,0.05933897913576382
1020,0.0017210810705440172,0.059303443677417404
1021,0.0017205752411319005,0.0593134694140483
1022,0.001719149992611825,0.05928161938387868
1023,0.0017168123117354322,0.05928491319672352
1024,0.0017144217470999236,0.05924550898064034
1025,0.0017126795817754335,0.05923193699993103
1026,0.001710070514404511,0.05923537598634678
1027,0.001708907197547785,0.05926840662135785
1028,0.001707094691805217,0.05924884086174136
1029,0.0017054953304199674,0.05925159885382087
1030,0.0017033689944445005,0.05927019436649626
1031,0.001701609195009515,0.0592848096006043
1032,0.0017015601477258688,0.05928400846155913
1033,0.0016995163279587533,0.059250220062199106
1034,0.0016975211691379452,0.05928820086068263
1035,0.001695803720081364,0.05925313932092324
1036,0.001695788920249888,0.05925316490517581
1037,0.0016940026622130945,0.05921392491152523
1038,0.0016922202645610303,0.05923734878795307
1039,0.0016921848269116275,0.059237121118432205
1040,0.0016899686057660229,0.05925811973992081
1041,0.0016881174409571604,0.05924480351102855
1042,0.0016879292646977166,0.059242192764876245
1043,0.0016879415926248835,0.05924213452469703
1044,0.0016879439216429051,0.059242171884208786
1045,0.0016865868611027279,0.0592243534227081
1046,0.0016847461139886302,0.059185376200528404
1047,0.0016827009559078438,0.05919169357125757
1048,0.001681048695642295,0.05921254054751988
1049,0.0016791916215995243,0.05920170543679137
1050,0.0016775067421841926,0.059194777749376024
1051,0.0016756697641940352,0.059159605151511876
1052,0.0016743338955297307,0.05917169432743711
1053,0.001672978347694942,0.05916994139425737
1054,0.0016729132343852985,0.05916987086517792
1055,0.0016728195120103164,0.05917067594432275
1056,0.0016728017478576443,0.059169817717703944
1057,0.0016713259418924512,0.05915953499739042
1058,0.0016691987231423028,0.05918501171265215
1059,0.0016673078155586233,0.05917144628359988
1060,0.001666961289271382,0.05916204545707873
1061,0.001666916029755206,0.05916183732543078
1062,0.001663732205121664,0.0590882603541311
1063,0.0016620340198833464,0.059092335121661475
1064,0.0016604976356826486,0.05907227698497534
1065,0.0016591151427886902,0.05908049460068505
1066,0.0016576745180354208,0.059050682979110425
1067,0.0016559211116944199,0.05904873996046487
1068,0.0016546077844982825,0.0590179282094508
1069,0.0016539844393691453,0.059007377263120685
1070,0.0016521990908448434,0.05900567155819512
1071,0.0016521889988603674,0.05900577402443931
1072,0.0016503871293225573,0.05900431109675513
1073,0.0016503414151035044,0.0590041063473286
1074,0.00164827898400608,0.059022664775815095
1075,0.001645672509544512,0.05902417854921036
1076,0.0016456437227963744,0.0590241036007775
1077,0.0016448772958895957,0.05903872639068856
1078,0.0016443919406308335,0.05903164773020614
1079,0.0016423303043383826,0.05905250676224206
1080,0.0016406807841379868,0.059076299388066515
1081,0.0016404626006552264,0.059076289866204695
1082,0.0016404114755075186,0.05907572249460438
1083,0.001638520741621761,0.05904005879871531
1084,0.0016363217311045712,0.05900222498691424
1085,0.0016343483682775934,0.058935970281285936
1086,0.001633039350387433,0.058935098732413316
1087,0.0016315513626368623,0.05894453753068936
1088,0.0016299042436625857,0.05894435541496155
1089,0.001629932984300009,0.058944760404593524
1090,0.0016280898360843193,0.05894858733403892
1091,0.001627272903340132,0.058952596057311055
1092,0.0016256337697026526,0.05896477499246264
1093,0.0016238341822360375,0.058962794928003506
1094,0.0016238427474435297,0.058962670792613504
1095,0.001622422663590297,0.05894334588215444
1096,0.0016201087281306863,0.058929010610914156
1097,0.0016185247467144525,0.058944925553418244
1098,0.0016184866293778924,0.05894466878425782
1099,0.0016165585391602563,0.05894800715861066
1100,0.001615032996652303,0.058951334151921615
1101,0.001615025863438659,0.05895076588228453
1102,0.0016138333460470617,0.05893805087381159
1103,0.0016127222981755075,0.05892501148013389
1104,0.0016123175645297767,0.05891978726767181
1105,0.0016111925085007456,0.058913067162609696
1106,0.001611253700264921,0.058913081253316735
1107,0.0016092153047864704,0.058929043528782116
1108,0.0016091962468297754,0.05892893023813749
1109,0.0016091761354425033,0.0589281920488486
1110,0.0016073301266013556,0.058896728225919
1111,0.001606568670632377,0.05888647784399361
1112,0.0016062076222097437,0.05888115569958935
1113,0.0016052928951160166,0.058888374357167955
1114,0.0016052892923606719,0.05888836796116214
1115,0.001603165482530088,0.0588944405922216
1116,0.0016016634386434153,0.05889975675102597
1117,0.0016014495707819497,0.05890153520433611
1118,0.0016008229610782849,0.058887693164583275
1119,0.0015985633742290806,0.058881192019312946
1120,0.0015971009423278845,0.05883429665325645
1121,0.001595180712812916,0.05888670042256452
1122,0.0015951636862893553,0.058886631469401964
1123,0.0015936881438241236,0.05886714775113338
1124,0.0015922269278083824,0.058863600718646415
1125,0.001590763826412348,0.058883603400155714
1126,0.001589155312157054,0.05884215591932581
1127,0.0015876897014273344,0.058832172550764554
1128,0.0015876186886502881,0.0588319521586956
1129,0.0015860594875090426,0.05881105810931128
1130,0.0015845483648817028,0.0587843327886423
1131,0.0015844106523516192,0.05878929020953398
1132,0.0015826702297701896,0.058800768552248965
1133,0.0015826914804052017,0.05880059772762743
1134,0.0015810371701875166,0.0587656621586212
1135,0.00157896189955103,0.05870982791450663
1136,0.0015772123527230666,0.05871756787869133
1137,0.0015772084520982003,0.05871765160107789
1138,0.0015754346362691404,0.05872107979214829
1139,0.0015738505683597383,0.05874086780926906
1140,0.001572378241529769,0.05872380194724783
1141,0.0015723709207422938,0.05872283711519163
1142,0.0015717512829715105,0.058712993573613044
1143,0.0015703306505217474,0.058704734033737264
1144,0.0015684850456296696,0.058687157315951095
1145,0.0015673751323093937,0.058661476028911974
1146,0.0015669419970075898,0.058665084269780544
1147,0.0015648981598422186,0.05866262110589579
1148,0.0015648663240942584,0.05866255017410446
1149,0.0015631677983802615,0.05865281141264039
1150,0.0015615706014234009,0.05865858240458422
1151,0.0015598177900209096,0.05865825875912403
1152,0.001558264907186055,0.05866445561809372
1153,0.0015567532141521018,0.05867150661039661
1154,0.001555082317063708,0.05862979089619403
1155,0.0015539283740241992,0.058599572250680375
1156,0.0015524116140596164,0.05863716933619879
1157,0.0015503622205709654,0.05864735182077317
1158,0.0015496996882192855,0.05864703358701711
1159,0.0015487167875730481,0.05866711021796856
1160,0.0015486145093834966,0.05866811349578148
1161,0.0015473207880823685,0.05866588181812548
1162,0.0015458850700285542,0.05866464788951303
1163,0.0015439828546461023,0.058629209207890214
1164,0.0015426952360766601,0.05860289821206922
1165,0.001541132194243803,0.05858505576329881
1166,0.0015400647964608322,0.058568268926036636
1167,0.0015400735395645988,0.05856764988099133
1168,0.001538892553800866,0.058574261142784086
1169,0.0015371524886664204,0.05859828361344395
1170,0.0015357018300651774,0.05858387886706137
1171,0.0015333843227863838,0.05862426459525342
1172,0.0015333582253318023,0.05862493226735362
1173,0.0015333675521132446,0.05862491665715866
1174,0.001531416223910159,0.05862839441723659
1175,0.0015296502235625337,0.058674806666203755
1176,0.001528871633994227,0.05865816274961268
1177,0.0015289058447286057,0.058658164191561786
1178,0.001527991422246669,0.058656409664039455
1179,0.0015266480943382191,0.05864562376492546
1180,0.001525193061409911,0.05861647952357233
1181,0.001523522207052202,0.05859278740104281
1182,0.0015227996717281994,0.05857878914945101
1183,0.0015215205630760874,0.058551186607708285
1184,0.001520411192517344,0.05854296314416787
1185,0.0015203677532714245,0.058543269911210276
1186,0.0015192221519305293,0.05854142016947401
1187,0.001519233404652615,0.05854136667030452
1188,0.0015191991327397074,0.05854135034775883
1189,0.0015185807116015434,0.05854102624821322
1190,0.0015167594596953928,0.05849841020502818
1191,0.001515258832378962,0.058518777736936055
1192,0.001513680083319103,0.058528316066214045
1193,0.001513680083319103,0.058528316066214045
1194,0.0015125785222466896,0.05852941994223916
1195,0.0015126037670088496,0.058529466478999724
1196,0.0015109728839870914,0.05852987158393873
1197,0.0015088136733672126,0.0585591505425095
1198,0.0015086187978187169,0.05856160526658639
1199,0.0015085656857119433,0.05856198392488617
1200,0.0015085643220658432,0.05856173010896228
1201,0.0015085169259442556,0.05856169289874182
1202,0.0015067296457332605,0.05855696294333277
1203,0.0015063675334909077,0.05854793286278902
1204,0.0015049364612694524,0.05853854346876779
1205,0.0015039702929597071,0.05852623890108063
1206,0.0015028529936885508,0.058517220569052994
1207,0.0015028243630621832,0.05851743490493817
1208,0.0015028001962091278,0.0585174102392631
1209,0.0015023699494447072,0.05852142540579168
1210,0.0015009351707188,0.0585310482217191
1211,0.00149919333772234,0.058545687803516856
1212,0.0014987682776127413,0.05853812586423261
1213,0.0014975053664875526,0.058507014005204125
1214,0.0014974913750167465,0.058506989408377355
1215,0.0014961462083724066,0.05850552899822685
1216,0.0014947451417020427,0.05850684242200033
1217,0.0014947216253800826,0.05850675319046448
1218,0.0014937248194182046,0.05848885924060437
1219,0.0014937318145843395,0.058488820053785175
1220,0.0014922651476310714,0.05851350859176958
1221,0.0014922838014074314,0.058513421063675866
1222,0.0014909405288069332,0.05851367430732109
1223,0.0014896951447520518,0.058539504911324196
1224,0.0014885295312900054,0.05854450655102523
1225,0.001487627019088153,0.05853118794529903
1226,0.0014876309219900915,0.05853139616267771
1227,0.0014863632315569694,0.058509674967080684
1228,0.001486394754349804,0.05850921136224239
1229,0.0014855854878854462,0.058526612629090174
1230,0.0014841890798559729,0.05853044053584758
1231,0.0014826250648949167,0.05852353788570179
1232,0.001481423252298466,0.05849733390818181
1233,0.0014801510352768575,0.0584541317548266
1234,0.0014787080549456526,0.0584391974443322
1235,0.001477614455834466,0.05841440412693132
1236,0.001477584143447881,0.05841438259765323
1237,0.00147623762274605,0.05838916828901438
1238,0.0014749231572450232,0.05837764462920925
1239,0.0014739665005509492,0.058353925578058914
1240,0.0014722179903957338,0.05836011004483331
1241,0.0014722137311319787,0.05836003706609339
1242,0.001471397206784268,0.05834028443214991
1243,0.0014713365820110981,0.05834028875286118
1244,0.0014713715100232545,0.05834030491243581
1245,0.0014705896148575392,0.05832060674450418
1246,0.0014689374442517127,0.05829668197258138
1247,0.0014682921011275258,0.05829394345490857
1248,0.0014682684773562162,0.05829379344859017
1249,0.0014670346977599341,0.05829335540481491
1250,0.0014659212343060312,0.05828643121002564
1251,0.001464973086550858,0.05827687380796474
1252,0.0014634368752119698,0.05823421360288733
1253,0.0014629272950881771,0.05822227139672057
1254,0.0014609449833848122,0.058171520467151475
1255,0.0014609417332910413,0.058171587649883685
1256,0.0014601331871820667,0.058162790229318646
1257,0.0014587672392464548,0.058135672559349094
1258,0.0014587889858562793,0.05813561817201811
1259,0.0014573944390665746,0.058132606467489314
1260,0.0014563785354949222,0.058116246117278954
1261,0.001454971094000521,0.058123544225847715
1262,0.001453394535857806,0.05809773904241953
1263,0.0014527712739129666,0.058082023679297386
1264,0.0014514584512128734,0.0580691855388737
1265,0.0014514258650272702,0.05806934381279826
1266,0.0014514500428387362,0.05806925742910917
1267,0.0014513701769468673,0.05806927183105433
1268,0.001449978978680942,0.058044118398410484
1269,0.0014490030013129553,0.058011798564011396
1270,0.0014482116643024874,0.05800750329666757
1271,0.0014482116643024874,0.05800750329666757
1272,0.0014481636758574654,0.05800729727710099
1273,0.0014481535406086154,0.05800736889243075
1274,0.001447114870103058,0.05798207334977574
1275,0.0014456228310672661,0.05798832111264005
1276,0.0014456099624777427,0.05798845931965542
1277,0.0014455713359308874,0.05798845449129884
1278,0.0014455726734262351,0.057988346920874234
1279,0.0014444187157636526,0.057968382264542984
1280,0.0014444240465322463,0.057968561819575666
1281,0.0014443054552009831,0.05796709567655034
1282,0.0014443322700045007,0.057967093494837585
1283,0.0014437878030515389,0.057971630148774066
1284,0.0014425614357525757,0.057939663266846964
1285,0.0014413804837179764,0.057903788913749234
1286,0.0014413998503602864,0.05790385009740369
1287,0.001439797610115211,0.05788963163611732
1288,0.0014383315948137848,0.057832822109972426
1289,0.001438305248233261,0.05783247045302224
1290,0.0014369939107180022,0.057837429440812944
1291,0.0014369549878671126,0.057837184442266466
1292,0.0014369522509685134,0.05783696817032895
1293,0.0014369801849530711,0.057837034160912515
1294,0.0014360142144639828,0.05784361061495261
1295,0.0014344220331502556,0.057847181228769015
1296,0.001434414524504315,0.057846808557355474
1297,0.0014343852855438482,0.05784686847398131
1298,0.001433702803103448,0.05784607647009242
1299,0.0014337050433156494,0.05784606861963278
1300,0.0014324123028278395,0.05785501821701394
1301,0.0014322449464275796,0.05785483096734382
1302,0.0014311245639827262,0.05782896413188454
1303,0.0014307069674935214,0.05782829027144712
1304,0.0014306840538841382,0.05782828830962368
1305,0.0014306770587180033,0.05782828242389706
1306,0.001429473281879841,0.05780867700612061
1307,0.001427568692560558,0.05775948416480313
1308,0.0014275060490204687,0.05775883727949436
1309,0.0014257248301802756,0.05771198566859598
1310,0.0014242266073276762,0.057722397289673474
1311,0.0014231526804845986,0.05771991304115245
1312,0.001423039700482143,0.057717124473109095
1313,0.0014218703114918904,0.0576938318797061
1314,0.0014218577192820186,0.05769314198630064
1315,0.0014218615254795424,0.05769281262569339
1316,0.0014218213309905056,0.05769245464347859
1317,0.001420518267644435,0.0576893194694203
1318,0.0014194277231368033,0.05767246013871902
1319,0.0014193368366063278,0.05767271706949943
1320,0.0014193025290963758,0.05767277229911334
1321,0.0014192734950012585,0.05767318841776688
1322,0.0014181188397718056,0.057662615183580325
1323,0.0014173815290414852,0.05766637239903428
1324,0.0014173038193947764,0.057666332186814
1325,0.0014173002990409858,0.057666650715350785
1326,0.001417288893328104,0.05766622378694937
1327,0.0014161917744857637,0.05765020870853935
1328,0.0014147296890375616,0.05766789426403133
1329,0.001413653477935165,0.05766878625640845
1330,0.0014136704688794707,0.05766846269173143
1331,0.0014116896996079617,0.05769617706965057
1332,0.0014103551116723039,0.05767102311862987
1333,0.001410349382416056,0.05767053190863909
1334,0.001410349382416056,0.05767053190863909
1335,0.0014095157773931588,0.05764731837033743
1336,0.0014084891345614366,0.05763091867427283
1337,0.0014084891345614366,0.05763091867427283
1338,0.0014080513013570346,0.05762961947793431
1339,0.0014068294201039966,0.05763282343301529
1340,0.0014068158339520615,0.05763283932461248
1341,0.0014054872633222988,0.0576405019008015
1342,0.0014045581471418033,0.057604548152072096
1343,0.0014024805696175916,0.05764035716972082
1344,0.0014009024925253292,0.05759646861409721
1345,0.00140086361550052,0.05759648415829597
1346,0.0013997966788958504,0.05758408458448517
1347,0.00139977931621949,0.05758416202790584
1348,0.001399416932116051,0.05757440468025071
1349,0.0013981363651414417,0.057528697020621196
1350,0.0013981008781080333,0.057528592601225156
1351,0.0013981144642599684,0.057528495458217456
1352,0.0013978260832454173,0.05752751202156
1353,0.001396884600979004,0.05751195172953159
1354,0.0013962378020406572,0.057494706552279375
1355,0.0013954773605073926,0.05749782884074214
1356,0.0013954405081912382,0.057497323157569384
1357,0.0013954824791880482,0.057497316650907924
1358,0.0013943670609565155,0.05749350470754605
1359,0.001394378936315561,0.057492870605475685
1360,0.001392896069095767,0.05748419288780703
1361,0.0013919394201757603,0.05747234896575648
1362,0.0013919468194154925,0.05747234133161462
1363,0.0013919533638458376,0.05747176153930169
1364,0.0013919384615461077,0.0574715936862677
1365,0.001391898060590655,0.057471611362129464
1366,0.0013918611545142465,0.05747185511552634
1367,0.0013918977015248152,0.05747184828502546
1368,0.0013919023649689051,0.057471852041907995
1369,0.0013917164587192886,0.05747149300188788
1370,0.0013913980045708518,0.05746503028422505
1371,0.001390481739581624,0.05744861716549349
1372,0.0013890213446995053,0.05741476193637309
1373,0.0013880391348245005,0.05741229421241933
1374,0.001387575245899983,0.05740564540651382
1375,0.0013865345745060814,0.05741346389065539
1376,0.0013854866103433679,0.05740353427068912
1377,0.0013845135599027801,0.05740166724758075
1378,0.0013835187792544045,0.057376565386245325
1379,0.0013834833534173143,0.05737673644099223
1380,0.0013834501089799174,0.057377508472737135
1381,0.0013825070226761685,0.057348467123220385
1382,0.0013818832324505534,0.05735240021135228
1383,0.001380882541714367,0.05734386131395855
1384,0.0013794661821196342,0.057349633094595905
1385,0.0013788638722820692,0.05733495023075453
1386,0.0013774487465758943,0.057310127796815026
1387,0.0013773633468112552,0.05730992915839846
1388,0.001376128891084604,0.05730365520812255
1389,0.0013761297643418346,0.05730318325369398
1390,0.0013759942077011186,0.05730354804625013
1391,0.0013759802173688486,0.05730346971418604
1392,0.001374852803911761,0.057291712644845914
1393,0.0013742242993103524,0.05728540401151496
1394,0.0013739861630882172,0.057279257448224985
1395,0.0013728117524597265,0.057273016498610385
1396,0.0013728509871272056,0.057272897101901796
1397,0.001372727356652711,0.05727322118348829
1398,0.0013719747231648164,0.057280275425708835
1399,0.0013719828379389427,0.05728015336395373
1400,0.0013719527902620137,0.057280355801530236
1401,0.0013719718026772624,0.05728032170737456
1402,0.0013712655463566762,0.057268974890791614
1403,0.0013697255368433862,0.057284707474557675
1404,0.0013695553990170897,0.05728615477866109
1405,0.0013682407791554658,0.05729828138083503
1406,0.0013682466084605782,0.0572982804138885
1407,0.001368209658977479,0.05729827335354643
1408,0.001368195933924133,0.057297863758280436
1409,0.0013669152605319725,0.057290001405725224
1410,0.0013669039803782812,0.05728949028354947
1411,0.0013668871590758623,0.05728941832148791
1412,0.001366864603963051,0.05728941040035512
1413,0.001365688055145872,0.05726879647507021
1414,0.001365688055145872,0.05726879647507021
1415,0.001365688055145872,0.05726879647507021
1416,0.001364544122454239,0.05727376191436782
1417,0.0013639035251045378,0.05727657834401717
1418,0.0013638820881765475,0.057276462151002065
1419,0.001362488763071716,0.057265666458332636
1420,0.001361972533149615,0.05726677285082694
1421,0.0013610779736405933,0.05726176586979356
1422,0.0013601189864163794,0.057237612023177356
1423,0.0013601162505139993,0.05723753684453945
1424,0.0013600837160962118,0.05723838157280666
1425,0.0013589544918151597,0.057216890342381456
1426,0.0013584279173314525,0.05720961508203781
1427,0.0013583874696960177,0.05720960529438801
1428,0.001358421683846005,0.057209534786092184
1429,0.0013583808313364398,0.057209153656457554
1430,0.0013572371456893628,0.0572131569770088
1431,0.0013559829831827253,0.05721133675022771
1432,0.001354562206387925,0.057240406652390684
1433,0.0013545581981713921,0.0572402459376129
1434,0.0013539561484537594,0.057255329026339584
1435,0.0013539720680355435,0.057255346468690134
1436,0.0013539226956998252,0.05725523937619522
1437,0.0013539269111299385,0.05725551168681798
1438,0.0013536704478023715,0.05725665114061871
1439,0.001352278849340988,0.057246037064780875
1440,0.001352276364770464,0.057245928660641765
1441,0.0013522682495693866,0.0572460883385713
1442,0.0013522561867788268,0.05724606876929012
1443,0.001351097284115721,0.057238836143119476
1444,0.0013503471215892853,0.057243743064487845
1445,0.0013503251273478472,0.057244032737640324
1446,0.0013503185375005834,0.05724421020345057
1447,0.0013503138736295423,0.05724421482313458
1448,0.0013502804204486572,0.05724387235479932
1449,0.0013503275857320394,0.05724394028626446
1450,0.001350317092982837,0.0572439307070176
1451,0.0013494363635037526,0.05725437511337995
1452,0.0013494363635037526,0.05725437511337995
1453,0.0013490771340883125,0.0572537213610687
1454,0.0013490338010464689,0.05725355080189052
1455,0.0013490368019431387,0.057253713080962554
1456,0.001348061278459706,0.057233060822143675
1457,0.001348083277824557,0.05723314032468098
1458,0.0013480607686801426,0.05723316201479861
1459,0.0013480168701416224,0.057233181891213125
1460,0.0013479872727557426,0.05723257953632173
1461,0.0013469495661989365,0.05724053897924833
1462,0.001345626818345493,0.05722170832401562
1463,0.0013456139938742456,0.05722171984936761
1464,0.0013456139938742456,0.05722171984936761
1465,0.001345657130732078,0.057221727240737576
1466,0.0013446631570567815,0.05724874067859692
1467,0.0013436026470795442,0.05726137172313169
1468,0.0013434896328142665,0.0572635325352402
1469,0.0013424778526114052,0.05727357332969279
1470,0.001341368429270837,0.057247544546618484
1471,0.0013403710469428204,0.05722731104384588
1472,0.0013397466443982294,0.057204154774775036
1473,0.001338833725637919,0.05720642416811159
1474,0.0013379881528744412,0.057210996046649816
1475,0.0013369708993724915,0.057208243682683124
1476,0.0013369381174298282,0.05720819960155155
1477,0.0013369498762312347,0.05720779110690844
1478,0.0013368925621788858,0.05720797250689014
1479,0.0013369177605456976,0.057207591943696984
1480,0.0013362572371054835,0.05719002941942975
1481,0.0013362004758124377,0.05719101020080525
1482,0.0013360031677102887,0.057192657190618626
1483,0.0013350502037692844,0.0571978000531982
1484,0.0013336086207955237,0.0571876747938369
1485,0.0013336117141982563,0.057187661343912934
1486,0.0013323369062063625,0.05717517082880769
1487,0.0013322976245742672,0.05717516275768605
1488,0.0013313569670171913,0.05716602795041612
1489,0.001331364366221344,0.057166041012350184
1490,0.001331341049000894,0.05716606002237411
1491,0.0013313289862103342,0.057166050262632995
1492,0.0013307664358876258,0.057170989862560896
1493,0.001329781205351675,0.05716917233990556
1494,0.0013293004248912895,0.057172911705030194
1495,0.0013283421255563884,0.05714483731398312
1496,0.0013283483132157557,0.05714470393621303
1497,0.0013271763386988437,0.057161651151159946
1498,0.0013261395960196302,0.05716398322403705
1499,0.0013250544127720138,0.05715664440163804
1500,0.0013250520810499688,0.057156634906897236
1501,0.0013240236021508007,0.05714126777806361
1502,0.0013240301465633562,0.057141278967589575
1503,0.0013239492971185666,0.0571412770442738
1504,0.001323969475537155,0.05714079202214803
1505,0.0013225807681037022,0.057152844204579965
1506,0.0013225771652060404,0.0571528822261601
1507,0.0013212994792260126,0.057150830620608974
1508,0.0013200529598371095,0.05715741473118583
1509,0.0013189134865425399,0.057167930869817286
1510,0.001318431397886323,0.05717154532278276
1511,0.00131799173791845,0.05715488362901613
1512,0.00131707656692015,0.057155869587310774
1513,0.0013170758075165348,0.05715575725825894
1514,0.0013165965546514556,0.05715159428890761
1515,0.0013165584394496507,0.05715162051046668
1516,0.001316593171526851,0.05715194062512715
1517,0.0013165077742705495,0.05715154511511095
1518,0.0013156184659215387,0.057152818766385616
1519,0.0013145810765359998,0.05716511968496957
1520,0.001314567338816439,0.057165086965423086
1521,0.001314552032194057,0.0571651653234182
1522,0.0013145368298900502,0.05716500482082142
1523,0.0013145701403269648,0.057164867385817233
1524,0.0013145806330761673,0.05716484197641967
1525,0.001313524553836904,0.0571492685055512
1526,0.0013132980682196615,0.057142748542073865
1527,0.001313264119633232,0.05714182051779554
1528,0.0013132932661587945,0.057141822717939585
1529,0.0013132586945084545,0.05714177679332706
1530,0.0013132306678755173,0.057141678322526084
1531,0.001313276852843691,0.05714157580568079
1532,0.0013124938158685293,0.05714477015799418
1533,0.001312522962394092,0.0571447769072051
1534,0.001312543140101095,0.05714477584572222
1535,0.0013115451739352962,0.05714110983753819
1536,0.0013107033402490781,0.057141240039246026
1537,0.0013099329795575676,0.057139485437198
1538,0.001309885385046055,0.057139160492584856
1539,0.00130892406113649,0.05712829355007756
1540,0.001308917892796658,0.057127487670007734
1541,0.0013083279711930968,0.05711621159420379
1542,0.0013069080197658505,0.0571334333155447
1543,0.001305719412872363,0.05712300839645461
1544,0.0013046549198687052,0.05710237075172413
1545,0.001303822279381617,0.05710846873911541
1546,0.0013027442848512819,0.05708868994774027
1547,0.001302651625833489,0.05708878930591624
1548,0.0013019704415733599,0.05708188416573913
1549,0.001300842764278308,0.05708161331633554
1550,0.0013008404325562629,0.05708159948382129
1551,0.001299733504655681,0.057062182285171834
1552,0.0012997217995077907,0.05706176500861977
1553,0.0012997120231824635,0.057061640864759726
1554,0.0012990720582362275,0.057044376726905856
1555,0.001299045648751581,0.05704431622885251
1556,0.001298516490537967,0.05704266264711653
1557,0.0012985215114824096,0.057042623797226584
1558,0.0012978421335988382,0.05702339106465292
1559,0.001296871051740631,0.057030529126513976
1560,0.0012968601536725575,0.057030459075421376
1561,0.0012966397635999914,0.057027747343023946
1562,0.0012956083944378465,0.05700354662051323
1563,0.0012945274901826817,0.056995855207163555
1564,0.0012939744422784073,0.05698944962711766
1565,0.0012939693747607201,0.05698947360367888
1566,0.0012932023962865433,0.05699866451753632
1567,0.0012931465617263482,0.05699887286422357
1568,0.0012931133611581726,0.05699876828877367
1569,0.0012931071276727252,0.056998749931708656
1570,0.0012931020611868364,0.05699873972410304
1571,0.0012931020611868364,0.05699873972410304
1572,0.0012921142775902963,0.057002693174138065
1573,0.0012921139200899436,0.05700269732188283
1574,0.0012917656313309453,0.05699849799799789
1575,0.0012917504751376527,0.056998532940037566
1576,0.0012917520440404741,0.05699854160616855
1577,0.0012917699361361466,0.05699844523170699
1578,0.0012908229808552786,0.0569896517431159
1579,0.001290826478438346,0.056989644908623925
1580,0.0012902277889856465,0.05698733744625476
1581,0.0012896170951279442,0.05698907293636276
1582,0.0012890345547432228,0.05698959988335595
1583,0.0012890159009668629,0.056989471342750904
1584,0.0012880713392625742,0.05697622800809802
1585,0.0012878750181111649,0.05697895664838044
1586,0.0012878391819029493,0.056979857417195655
1587,0.0012878251915706793,0.056979831234113605
1588,0.0012878096311970519,0.05697984147905986
1589,0.0012877894085178705,0.05697980199971749
1590,0.0012869429659127705,0.056976677294034675
1591,0.0012856526322903915,0.0569389094064144
1592,0.0012856587731274595,0.05693903778136608
1593,0.0012847836874076734,0.05694824704870591
1594,0.0012847684384236842,0.05694821791394915
1595,0.0012834240875404994,0.056955024798886485
1596,0.0012834303211682638,0.05695484747500951
1597,0.0012834687945820064,0.05695481233539736
1598,0.0012821776110957567,0.05691762130439394
1599,0.001282135211084292,0.05691711223710441
1600,0.0012821013554308763,0.05691728976949932
1601,0.0012820755684408724,0.05691724548332532
1602,0.0012820708123484027,0.05691727080666656
1603,0.0012820544902940878,0.0569172664051671
1604,0.0012820743106430554,0.056917386376329926
1605,0.0012808448376309372,0.05690834941611154
1606,0.0012808234482368313,0.05690828562901094
1607,0.0012808116842764328,0.05690892361945112
1608,0.0012808000256662078,0.056909029185181655
1609,0.00127937129173117,0.05691378593182029
1610,0.0012779287996718689,0.05691517603528157
1611,0.0012770069351483566,0.056933306874265184
1612,0.001276427301019487,0.056933089605773535
1613,0.0012750533969220672,0.0568899921422597
1614,0.0012746981301639242,0.05688218988851288
1615,0.0012746584908891593,0.056882200731902685
1616,0.0012742685698656465,0.05688333864877119
1617,0.0012733387493404325,0.056885067528979885
1618,0.0012733250701131669,0.05688506611162545
1619,0.0012733682069709993,0.056885053403575185
1620,0.0012721432487528446,0.05685123677753643
1621,0.0012719783999962553,0.05685595877486111
1622,0.0012711237195483865,0.056839096780157576
1623,0.0012711586953790615,0.05683909876769117
1624,0.0012697897993286043,0.05684507449738973
1625,0.0012697878256761799,0.05684508424041305
1626,0.0012697913232592474,0.056845036197198134
1627,0.0012697423572386195,0.05684502341183865
1628,0.0012697843282354294,0.05684505010255276
1629,0.0012695412241708894,0.056850059077656584
1630,0.0012695232415615926,0.056850206421910694
1631,0.0012684146681560537,0.056829894048932024
1632,0.0012683869063573,0.05682880231171603
1633,0.0012675373328133535,0.05681576944073337
1634,0.0012668456161687319,0.05681640158139411
1635,0.0012663654982652298,0.05681712518499434
1636,0.0012658214219013278,0.05680258587382992
1637,0.0012657720530879556,0.05680264560970841
1638,0.001264879601881048,0.05680134280410809
1639,0.0012641738513729382,0.056809727592449344
1640,0.0012641408030839732,0.056809709692601934
1641,0.0012641513410899879,0.056809851815207445
1642,0.00126323875691699,0.05680920540803407
1643,0.0012631636206466251,0.05680989162599999
1644,0.0012631545913433326,0.05680984940515978
1645,0.0012631320340957659,0.05680986552967733
1646,0.0012622470043122558,0.05680335115204984
1647,0.0012622155716060946,0.05680337950191267
1648,0.0012622698716686078,0.056803537569079764
1649,0.0012622551284793054,0.05680373615605319
1650,0.0012612527065099476,0.05680602359795754
1651,0.0012612063816085646,0.05680555570168335
1652,0.0012604694749874207,0.056781766331931285
1653,0.0012596562611114765,0.05675586759113882
1654,0.0012590247001631292,0.05674964336776759
1655,0.0012582003053996148,0.056754139776676774
1656,0.0012582038490933966,0.056754097359579724
1657,0.0012581663440046536,0.056754170460364066
1658,0.001257443711122334,0.056743958755205395
1659,0.001257436669400744,0.056743662102615874
1660,0.0012563538933565617,0.05671688229698212
1661,0.001256298648593674,0.05671659814440481
1662,0.0012563013378160716,0.05671651601106152
1663,0.001256345592965463,0.05671656031292318
1664,0.0012562847384214651,0.0567159237201556
1665,0.0012562420121482335,0.05671517497930195
1666,0.001255639407874545,0.05669593740316844
1667,0.0012549940253997023,0.056691911955402755
1668,0.0012545307944067652,0.056695426920598806
1669,0.0012545261308203582,0.05669550277666041
1670,0.001254488823267638,0.056695478419809396
1671,0.0012534904679537392,0.05668846386060181
1672,0.0012528714311699392,0.05667572103050928
1673,0.0012519980904880756,0.0566452475392195
1674,0.0012520027536475316,0.056644939690093016
1675,0.0012516636232199935,0.05664624148333382
1676,0.0012512809067998995,0.05664588458105637
1677,0.001251269096906683,0.05664589807239251
1678,0.0012503299131490801,0.05663033370852091
1679,0.0012500479048416007,0.05662106979139011
1680,0.0012500383496057631,0.056620997450079584
1681,0.0012495556505696397,0.056631856741762875
1682,0.001249557219472461,0.056631821505719625
1683,0.0012482715060297984,0.056649738088858426
1684,0.0012482811427421295,0.05664973843602094
1685,0.0012475158564173128,0.056625883601182904
1686,0.001247485186388058,0.05662581309222226
1687,0.0012475170227052863,0.05662584437410089
1688,0.0012475170227052863,0.05662584437410089
1689,0.0012474253794040604,0.05662651181076534
1690,0.0012474167743833817,0.056625880941634774
1691,0.0012473941273337759,0.05662554751553937
1692,0.001246630164610608,0.05663069417029642
1693,0.0012456727044480114,0.05658026948361347
1694,0.0012456505530885839,0.05658025804418003
1695,0.0012450405482409414,0.05658002195350624
1696,0.001244024579434725,0.056579481948640445
1697,0.00124296069222125,0.05656021774376779
1698,0.0012419244384543667,0.056535658885289844
1699,0.0012410656026697463,0.056536211667849175
1700,0.0012410391453665814,0.05653621574735044
1701,0.0012411125946109988,0.056536154518209855
1702,0.0012410799505023688,0.056536101741155746
1703,0.0012401010147905008,0.05653047121915014
1704,0.0012401228092188438,0.056530276191932724
1705,0.0012401333019680465,0.05653025313553161
1706,0.001240098279599706,0.05653024904561839
1707,0.001239166127352447,0.05652272849153331
1708,0.0012391412395213715,0.056522778868755015
1709,0.001238655579081551,0.056514890900397456
1710,0.0012375326952905551,0.05654703657970632
1711,0.0012376267258530427,0.05654705046330575
1712,0.001237548164012022,0.05654701415756522
1713,0.0012363710495024809,0.056506770358091395
1714,0.0012362947129303747,0.05650706422533126
1715,0.0012363199106745495,0.05650714619303305
1716,0.0012363267088739297,0.056507346948602134
1717,0.0012362697892887792,0.05650745962903207
1718,0.0012356063044270784,0.05650337757406643
1719,0.0012355646910729378,0.05650343715890884
1720,0.0012355911005575843,0.056503430788731636
1721,0.0012348659828734757,0.05649936758753631
1722,0.0012348496157046655,0.0564997645837721
1723,0.0012348378660827068,0.05649969528326909
1724,0.0012348518569842448,0.056499718647414564
1725,0.0012348635155944698,0.05649971653054396
1726,0.001234804055543786,0.056499618773059604
1727,0.0012348262069032136,0.056499685797071875
1728,0.0012348436033087077,0.056499768417934144
1729,0.0012346317504783398,0.05649730806968655
1730,0.0012342555516618326,0.05649766926395914
1731,0.0012337541654226392,0.05650558095180003
1732,0.0012337173163797764,0.05650547280658554
1733,0.0012336731747459976,0.05650495185799991
1734,0.0012336801243706863,0.056504976316844736
1735,0.0012336933528799517,0.05650504571362496
1736,0.0012335105357101884,0.05650666424986552
1737,0.0012324937099420401,0.056486285472502396
1738,0.001231321888985192,0.056453701799959476
1739,0.001231247274306703,0.056452813565301865
1740,0.0012312151602933907,0.05645247331219983
1741,0.0012312264144386468,0.05645256948282228
1742,0.001230078757862096,0.056445335957893236
1743,0.0012300628399881158,0.05644531169895434
1744,0.0012290104643713847,0.05645102036038234
1745,0.0012289995674418471,0.05645103365425545
1746,0.0012290088943300273,0.05645103917055301
1747,0.0012290252163843422,0.0564510526854881
1748,0.0012289991638307803,0.05645107841397702
1749,0.0012290061601354515,0.056451194967309506
1750,0.001229011400532738,0.05645113156219305
1751,0.0012289767356647502,0.05645119939797286
1752,0.00122899341607332,0.05645122926503176
1753,0.0012281674294583648,0.056431801922507276
1754,0.0012271418436151454,0.05643743566535249
1755,0.0012271321125466304,0.056437399295032754
1756,0.0012270906113383013,0.056437383139130076
1757,0.0012270882796162562,0.05643739724363843
1758,0.0012270859478942112,0.05643740852351442
1759,0.00122705366242447,0.0564372146588781
1760,0.001227085542290706,0.056437346018987554
1761,0.001226268919281722,0.056424308341204765
1762,0.00122633281099544,0.05642380241266657
1763,0.0012262742401414931,0.056423648412531856
1764,0.0012252825139009867,0.056407384538213715
1765,0.0012252844414426967,0.05640738939979828
1766,0.0012252754731934055,0.05640730028255513
1767,0.0012252521559729555,0.05640729335405827
1768,0.0012252827803184469,0.05640728906092862
1769,0.0012252886096235595,0.056407258147007304
1770,0.0012247181605639604,0.056406599920763315
1771,0.001224076747132891,0.05640875997092798
1772,0.0012240798411048918,0.05640873716330545
1773,0.001224061903325456,0.05640871922809541
1774,0.0012237279724857991,0.05641072012670607
1775,0.001223685551909525,0.0564106088941133
1776,0.001223668627569584,0.05641082612166492
1777,0.0012230176328052937,0.056401222739679076
1778,0.0012230091154163197,0.05640102970464292
1779,0.001222988890460066,0.05640093064008044
1780,0.0012222044326629419,0.05641693959530012
1781,0.001221704309167082,0.056422985321347395
1782,0.0012215128151421245,0.05642107446693591
1783,0.0012208136249327074,0.05640670481582956
1784,0.0012208232639221107,0.056406293957347774
1785,0.001219762717298241,0.05639932105231312
1786,0.001219551203004483,0.05640641563038651
1787,0.00121948622432674,0.056406493973067795
1788,0.0012194865243310168,0.056406326974919076
1789,0.0012194006165124084,0.05640571152453588
1790,0.0012194495826753535,0.0564056616523605
1791,0.001218521333098768,0.056410024679035005
1792,0.001218502679322408,0.056410012432327655
1793,0.0012185453660670876,0.05640959125982834
1794,0.0012179716138294692,0.056394283143221154
1795,0.0012179446476718017,0.05639415360976608
1796,0.0012169542631961538,0.05636171153233009
1797,0.0012165616383805387,0.05636860238693313
1798,0.0012165720845920757,0.05636851215724872
1799,0.001216568182899832,0.05636850121168791
1800,0.0012165325610210475,0.05636832917031618
1801,0.0012165395561871825,0.05636829977149649
1802,0.0012165111702037714,0.05636822810259353
1803,0.0012164791810380642,0.05636821810162628
1804,0.0012164782675762756,0.056368245431637945
1805,0.0012154262198935362,0.05637549856357451
1806,0.00121482569346612,0.05635937112398949
1807,0.0012148478448255474,0.05635933676141508
1808,0.0012148618351578175,0.05635931588070167
1809,0.0012140417648392528,0.056338778413239574
1810,0.0012132981054712266,0.05630279674248423
1811,0.0012132464042598039,0.05630288696739116
1812,0.0012132930392699719,0.05630275718881027
1813,0.0012127619613420838,0.05629669687857669
1814,0.0012127790452194033,0.05629665057984735
1815,0.0012127549196382834,0.056296626809468675
1816,0.001212745950392773,0.05629657625636728
1817,0.001211686185836504,0.05628713422250471
1818,0.0012116698637821889,0.05628712841193595
1819,0.0012116844645121549,0.056286455849797544
1820,0.0012116241977730264,0.05628597650657872
1821,0.0012116144668112491,0.05628590802220542
1822,0.0012116295295734184,0.056285934892774295
1823,0.0012105611403389323,0.05628252819815218
1824,0.0012105540536629538,0.056282445827182497
1825,0.001210174787238674,0.056278311193220625
1826,0.0012101105815914008,0.05627599386485087
1827,0.0012101287859306138,0.056276020290680975
1828,0.001209406366061293,0.056290927290445665
1829,0.0012093397127569728,0.05629099341304762
1830,0.0012093473787877474,0.05629081092963216
1831,0.00120865533154069,0.05628445500760441
1832,0.0012078793928403438,0.056297180097942774
1833,0.0012078689000911413,0.056297201835252164
1834,0.0012079033190353198,0.056297270587042224
1835,0.0012078309878334062,0.05629718261131749
1836,0.0012078954676899964,0.05629717176651273
1837,0.0012079039886368958,0.05629762186075819
1838,0.001207826139377191,0.0562978699354644
1839,0.001207810984500331,0.05629797163374116
1840,0.0012078532663175113,0.05629806495508746
1841,0.0012077986292482962,0.056298301683208346
1842,0.0012078013187553278,0.05629833553615092
1843,0.001206918531407723,0.05627943223375227
1844,0.0012068976145772797,0.056279022150264056
1845,0.0012068863588665364,0.05627889443592886
1846,0.0012061773138795353,0.0562554043474766
1847,0.0012058742086927937,0.05624742057523913
1848,0.001205868378249145,0.05624747748573061
1849,0.0012056952250987909,0.05624785018484563
1850,0.0012057127130141283,0.05624785313330791
1851,0.0012057175468116906,0.056247720684710706
1852,0.001205711717506578,0.056247731551409184
1853,0.001205724184477473,0.05624767248399464
1854,0.0012054207793754028,0.056244805133427986
1855,0.0012047619039129037,0.05625835339309458
1856,0.0012047669239322858,0.056258809107908536
1857,0.0012047637844188389,0.05625873380906151
1858,0.0012047384912688922,0.0562585997209773
1859,0.0012047443205740048,0.0562584855161264
1860,0.0012047384008264264,0.056258369746731374
1861,0.001204694149839808,0.05625871443978976
1862,0.0012036004123786887,0.05624871976808849
1863,0.0012035992465176664,0.05624872689146643
1864,0.0012028198064094827,0.05622953828600181
1865,0.0012027675621518934,0.056230061247618736
1866,0.001202786977751258,0.056230059407668814
1867,0.001202616988112558,0.056235417226495665
1868,0.001201793443177335,0.05621657983069491
1869,0.0012009453211602478,0.0561955500860471
1870,0.0012008164757632133,0.056194444289747604
1871,0.0011999264641190722,0.05619917592021575
1872,0.0011999044865109356,0.05619939196158508
1873,0.0011984662583584824,0.056227419577031125
1874,0.001198492668981665,0.05622749215946404
1875,0.0011982755003615696,0.05622624962762886
1876,0.0011982999834430422,0.056226232983878355
1877,0.0011982885768940482,0.05622604598911958
1878,0.0011982452409347055,0.05622594308353703
1879,0.0011974382779958333,0.056227115755190626
1880,0.0011972060700247184,0.056229976486577016
1881,0.0011971892972168236,0.05623007767251624
1882,0.0011972242730474987,0.056230082171015626
1883,0.001197128071296564,0.056230116677645624
1884,0.001196772702176905,0.05621761424397483
1885,0.0011968461514213224,0.056217622348090725
1886,0.001196235181699868,0.05620578333383163
1887,0.0011962447765709954,0.05620592323262702
1888,0.001196257554291102,0.056205941397075146
1889,0.0011962436111369239,0.05620604983435436
1890,0.0011962330704268858,0.05620587128187626
1891,0.001196209349026101,0.05620582388695136
1892,0.0011954243536975945,0.056184509392270106
1893,0.0011946593298409408,0.05618711330719142
1894,0.0011946755117129917,0.056187338565996045
1895,0.0011946988289334418,0.05618727123739942
1896,0.0011939029092082132,0.05617820797449949
1897,0.0011939117405485318,0.05617864155497564
1898,0.0011929949584859937,0.05618692898165763
1899,0.001192970071224186,0.05618694303578613
1900,0.0011929381426855293,0.05618662381428366
1901,0.0011929237494537775,0.0561866032525726
1902,0.001192973881193111,0.05618666070664002
1903,0.001192973881193111,0.05618666070664002
1904,0.001192950563972661,0.05618665374450827
1905,0.0011929637929088775,0.05618688955103332
1906,0.001192582328629499,0.05617476197076739
1907,0.0011925747311065796,0.056175630577358804
1908,0.001192269905164757,0.056170482844212076
1909,0.001192269499845886,0.056170487868654126
1910,0.0011914626130288294,0.056173488126023116
1911,0.0011910669767495057,0.05617233746927726
1912,0.0011908678382192225,0.05617385046112675
1913,0.0011896992633890584,0.05614402928632774
1914,0.0011897139698605697,0.05614388872214534
1915,0.0011897081405554573,0.05614383014928833
1916,0.0011897081405554573,0.05614383014928833
1917,0.001189708544735792,0.056143855622191575
1918,0.0011886532932478926,0.056128582311903645
1919,0.0011886764581891319,0.0561284506593708
1920,0.0011878231504778628,0.05613514336767872
1921,0.0011870457026478436,0.05612199591186153
1922,0.0011870596929801137,0.05612200437252995
1923,0.0011859731368357909,0.056113937193515734
1924,0.0011859696392527233,0.056113908006530905
1925,0.0011849051287262827,0.056111372521034784
1926,0.001184856321246814,0.056111722682346675
1927,0.0011844344994364634,0.0561097040929406
1928,0.0011844364264089054,0.05610950063467994
1929,0.0011844286228821005,0.05610952231237826
1930,0.0011844853458918682,0.05610951465120702
1931,0.0011844534636062426,0.056109529543000254
1932,0.0011844532198527677,0.056108617419217265
1933,0.0011844264050492501,0.05610860083167545
1934,0.001184412368463949,0.056107384463747655
1935,0.0011843972122706564,0.05610739027691447
1936,0.0011835235288894103,0.05607357374096389
1937,0.0011827916712669512,0.056081789720037634
1938,0.001182629625106055,0.056078108297194354
1939,0.0011826525401741877,0.05607816536002258
1940,0.0011819494829445104,0.056071389380095406
1941,0.0011811623906458825,0.05607517219048295
1942,0.0011811138286632725,0.05607518349710425
1943,0.0011811138286632725,0.05607518349710425
1944,0.001181000256177276,0.05607199266798478
1945,0.0011809325918350608,0.05607201245251354
1946,0.0011809655935863604,0.056072076566771704
1947,0.0011809262064973536,0.056072077163316754
1948,0.0011809592545016846,0.056072134037743984
1949,0.0011807688440251434,0.05606757137633054
1950,0.001180804985716841,0.056067560423476846
1951,0.0011808065090782162,0.056067594355348804
1952,0.0011807762432292964,0.056067534644337676
1953,0.0011807905911864465,0.05606752019236673
1954,0.0011808107694627177,0.056067586466683965
1955,0.001180792691643335,0.05606767051912219
1956,0.0011801854810302606,0.05605844260035382
1957,0.0011792295206399933,0.05602461590777306
1958,0.001179220147071831,0.0560249363315916
1959,0.0011792286668801941,0.05602497397535812
1960,0.0011792022877802314,0.05602597987616258
1961,0.0011791719753936464,0.05602597798632849
1962,0.0011791711670329766,0.05602598114887175
1963,0.0011791575805964074,0.056025873416720724
1964,0.0011791104382260652,0.056026405585327975
1965,0.0011790575049939955,0.05602394636984741
1966,0.0011790489863241684,0.056023954425446144
1967,0.0011790625724761034,0.056023921317787544
1968,0.001179040421116676,0.05602390641167893
1969,0.0011790668317398585,0.056023926412288254
1970,0.0011790395673212976,0.05602372281081672
1971,0.0011782970143791487,0.056002117829005965
1972,0.0011774753793383252,0.05598222995124439
1973,0.001176869551601938,0.055977620866435124
1974,0.0011762405829403087,0.055972584027187924
1975,0.0011762162710662104,0.05597230826362225
1976,0.0011762292223419222,0.05597250077999123
1977,0.0011762019585282086,0.05597232971674804
1978,0.0011761914657790061,0.055972373680394275
1979,0.0011761945120748053,0.055972614648594744
1980,0.0011761753594772923,0.05597233384198288
1981,0.0011761557452033688,0.05597223290856397
1982,0.0011752244404183807,0.05597278310901611
1983,0.0011752522847432163,0.05597257336108067
1984,0.0011752328670090965,0.055972657050456565
1985,0.0011751843047418523,0.05597261504898442
1986,0.0011752064099905654,0.055972500083672314
1987,0.0011752402210987542,0.055972395733457365
1988,0.001175194600239666,0.0559725003544803
1989,0.001174240574346853,0.05597864484467934
1990,0.0011731581964879011,0.055966176913652944
1991,0.0011731267776576492,0.055965641771086386
1992,0.0011720698690125867,0.055954329658456564
1993,0.0011721128999865567,0.055954315311981966
1994,0.001172054961874078,0.05595382215177174
1995,0.0011720860361904054,0.055953695022388665
1996,0.0011720712374974655,0.0559537321944085
1997,0.001172053346682646,0.05595354954022941
1998,0.001172012138932011,0.05595348763942869
1999,0.0011720611199670845,0.055953851575411814
2000,0.0011720552422741853,0.05595416025329908
2001,0.0011720416559799333,0.055954165782707725
2002,0.001171985749336168,0.05595364450879914
2003,0.0011719939559047717,0.055953689308596434
2004,0.0011719564183677483,0.05595290337300843
2005,0.0011719820167877015,0.05595266468331061
2006,0.0011719418222986646,0.05595306610416873
2007,0.0011719515533671796,0.05595295593649101
2008,0.0011719198439255742,0.05595338889066095
2009,0.0011719034302902572,0.05595351114908345
2010,0.0011715211351641197,0.05595286702661238
2011,0.0011715673188870195,0.055952912135218025
2012,0.0011715809051456923,0.055952992086831126
2013,0.0011715746716602449,0.0559529593974517
2014,0.0011715435975929722,0.055952971130574077
2015,0.0011715512158585971,0.05595259669024927
2016,0.0011707727709021716,0.055953280149671825
2017,0.0011707933522202415,0.05595326932128171
2018,0.001170764205694679,0.05595326548959722
2019,0.0011707914235399954,0.055953440126973585
2020,0.0011707543357247533,0.05595243080906231
2021,0.0011707508381416857,0.05595243936810632
2022,0.0011707108603125212,0.05595270500650786
2023,0.001170672051848936,0.05595281616472889
2024,0.001170054204906576,0.055966565949312756
2025,0.0011700417857541997,0.05596657378927195
2026,0.0011688182288961551,0.055944394335998175
2027,0.0011682228428705295,0.05595313149874966
2028,0.0011676524705020142,0.055929948348865464
2029,0.0011675991972567956,0.05592956700164265
2030,0.0011676310330047558,0.05592958530130968
2031,0.0011675809032578605,0.05592959635725808
2032,0.0011675842501627837,0.05592937277958591
2033,0.0011675351922053611,0.05592884744171239
2034,0.0011675406173301387,0.05592887025512801
2035,0.0011675130479617845,0.05592874871301197
2036,0.0011675075299039934,0.055928748268857395
2037,0.0011675040323209259,0.05592875260307751
2038,0.0011674833576428912,0.0559289455173874
2039,0.0011667035958626646,0.05591429018620207
2040,0.0011667548937476548,0.05591428401695617
2041,0.0011660968694298796,0.05590297387478755
2042,0.0011660729957143048,0.05590306379736658
2043,0.0011655929005993154,0.05590838929431392
2044,0.0011656057267783672,0.055908409399094874
2045,0.0011655890013264607,0.05590784419390654
2046,0.0011653338550361703,0.05590309823555032
2047,0.0011653121078570776,0.05590310392691098
2048,0.0011652723737991778,0.055902463600163314
2049,0.001165294883939811,0.055902431475508114
2050,0.0011643885258517757,0.055924174532915115
2051,0.0011644144904534195,0.05592427562434445
2052,0.0011640426513409039,0.055931096870526886
2053,0.0011631133262212342,0.05595412650776157
2054,0.001163061577369189,0.05595442678769996
2055,0.0011620922850585523,0.055954820105692034
2056,0.001161759895405477,0.055957036676955056
2057,0.0011617358799777301,0.05595712682093399
2058,0.0011617458301788756,0.05595728802676369
2059,0.0011616842989886093,0.05595742129728511
2060,0.0011613629030406449,0.055944922384224355
2061,0.001160575793503868,0.055935684156342286
2062,0.0011605543114258032,0.05593552226639538
2063,0.0011599054936493785,0.05591596610083253
2064,0.0011591070151175111,0.05593390611097385
2065,0.0011590649500847305,0.05593364470902221
2066,0.0011590882673051806,0.05593360353882636
2067,0.0011590421647029818,0.05593423923504151
2068,0.0011582883003329765,0.05593472119504521
2069,0.0011575756692239322,0.05594210358001272
2070,0.0011576024838851327,0.05594218839337906
2071,0.0011575608713848945,0.05594201733515776
2072,0.0011575542365654524,0.055942005109287284
2073,0.0011575860711748765,0.05594203797215814
2074,0.0011575705108012489,0.05594204046035511
2075,0.0011574345787460254,0.05594186163941683
2076,0.0011573384635238384,0.05594185931135923
2077,0.0011573384635238384,0.05594185931135923
2078,0.001157325639337225,0.05594187790635618
2079,0.001156737153249859,0.05595091081579367
2080,0.0011567707655411714,0.05595101436245276
2081,0.001156729556794317,0.05595103110703241
2082,0.0011567583005627148,0.05595101485622754
2083,0.0011563777418465303,0.055936026293757844
2084,0.0011563680574579976,0.05593603895855214
2085,0.0011563598503912845,0.055936005184589924
2086,0.0011563493109620997,0.0559358751272932
2087,0.0011563613270726772,0.05593577558214219
2088,0.0011563667986639616,0.055935531249145305
2089,0.0011554602376496464,0.055943845809540524
2090,0.0011554369207138302,0.05594375614929374
2091,0.0011554427039082286,0.05594369762783806
2092,0.0011542220246469463,0.055955563039241554
2093,0.0011534331858160673,0.055955607225225586
2094,0.0011533928066351188,0.05595616236114374
2095,0.0011534122682028806,0.055956072892841234
2096,0.0011525160109763452,0.0559305538938792
2097,0.0011517320091807407,0.055912154916547385
2098,0.001151681472976438,0.05591213555450976
2099,0.0011513272890017578,0.055908508616954546
